// Jest Snapshot v1, https://goo.gl/fbAQLP

exports[`php-src tests Bug #26973 (*printf() '+' modifier problem) 1`] = `
Program {
  "children": Array [
    ExpressionStatement {
      "expression": Call {
        "arguments": Array [
          String {
            "isDoubleQuote": true,
            "kind": "string",
            "raw": "\\"%+05d\\\\n\\"",
            "unicode": false,
            "value": "%+05d
",
          },
          Number {
            "kind": "number",
            "value": "200",
          },
        ],
        "kind": "call",
        "what": Name {
          "kind": "name",
          "name": "printf",
          "resolution": "uqn",
        },
      },
      "kind": "expressionstatement",
    },
    ExpressionStatement {
      "expression": Call {
        "arguments": Array [
          String {
            "isDoubleQuote": true,
            "kind": "string",
            "raw": "\\"%+05d\\\\n\\"",
            "unicode": false,
            "value": "%+05d
",
          },
          Unary {
            "kind": "unary",
            "type": "-",
            "what": Number {
              "kind": "number",
              "value": "200",
            },
          },
        ],
        "kind": "call",
        "what": Name {
          "kind": "name",
          "name": "printf",
          "resolution": "uqn",
        },
      },
      "kind": "expressionstatement",
    },
    ExpressionStatement {
      "expression": Call {
        "arguments": Array [
          String {
            "isDoubleQuote": true,
            "kind": "string",
            "raw": "\\"%+05f\\\\n\\"",
            "unicode": false,
            "value": "%+05f
",
          },
          Number {
            "kind": "number",
            "value": "200",
          },
        ],
        "kind": "call",
        "what": Name {
          "kind": "name",
          "name": "printf",
          "resolution": "uqn",
        },
      },
      "kind": "expressionstatement",
    },
    ExpressionStatement {
      "expression": Call {
        "arguments": Array [
          String {
            "isDoubleQuote": true,
            "kind": "string",
            "raw": "\\"%+05f\\\\n\\"",
            "unicode": false,
            "value": "%+05f
",
          },
          Unary {
            "kind": "unary",
            "type": "-",
            "what": Number {
              "kind": "number",
              "value": "200",
            },
          },
        ],
        "kind": "call",
        "what": Name {
          "kind": "name",
          "name": "printf",
          "resolution": "uqn",
        },
      },
      "kind": "expressionstatement",
    },
    ExpressionStatement {
      "expression": Call {
        "arguments": Array [
          String {
            "isDoubleQuote": true,
            "kind": "string",
            "raw": "\\"%+05u\\\\n\\"",
            "unicode": false,
            "value": "%+05u
",
          },
          Number {
            "kind": "number",
            "value": "200",
          },
        ],
        "kind": "call",
        "what": Name {
          "kind": "name",
          "name": "printf",
          "resolution": "uqn",
        },
      },
      "kind": "expressionstatement",
    },
    ExpressionStatement {
      "expression": Call {
        "arguments": Array [
          String {
            "isDoubleQuote": true,
            "kind": "string",
            "raw": "\\"%+05u\\\\n\\"",
            "unicode": false,
            "value": "%+05u
",
          },
          Unary {
            "kind": "unary",
            "type": "-",
            "what": Number {
              "kind": "number",
              "value": "200",
            },
          },
        ],
        "kind": "call",
        "what": Name {
          "kind": "name",
          "name": "printf",
          "resolution": "uqn",
        },
      },
      "kind": "expressionstatement",
    },
    Echo {
      "expressions": Array [
        String {
          "isDoubleQuote": true,
          "kind": "string",
          "raw": "\\"---\\\\n\\"",
          "unicode": false,
          "value": "---
",
        },
      ],
      "kind": "echo",
      "shortForm": false,
    },
    ExpressionStatement {
      "expression": Call {
        "arguments": Array [
          String {
            "isDoubleQuote": true,
            "kind": "string",
            "raw": "\\"%05d\\\\n\\"",
            "unicode": false,
            "value": "%05d
",
          },
          Number {
            "kind": "number",
            "value": "200",
          },
        ],
        "kind": "call",
        "what": Name {
          "kind": "name",
          "name": "printf",
          "resolution": "uqn",
        },
      },
      "kind": "expressionstatement",
    },
    ExpressionStatement {
      "expression": Call {
        "arguments": Array [
          String {
            "isDoubleQuote": true,
            "kind": "string",
            "raw": "\\"%05d\\\\n\\"",
            "unicode": false,
            "value": "%05d
",
          },
          Unary {
            "kind": "unary",
            "type": "-",
            "what": Number {
              "kind": "number",
              "value": "200",
            },
          },
        ],
        "kind": "call",
        "what": Name {
          "kind": "name",
          "name": "printf",
          "resolution": "uqn",
        },
      },
      "kind": "expressionstatement",
    },
    ExpressionStatement {
      "expression": Call {
        "arguments": Array [
          String {
            "isDoubleQuote": true,
            "kind": "string",
            "raw": "\\"%05f\\\\n\\"",
            "unicode": false,
            "value": "%05f
",
          },
          Number {
            "kind": "number",
            "value": "200",
          },
        ],
        "kind": "call",
        "what": Name {
          "kind": "name",
          "name": "printf",
          "resolution": "uqn",
        },
      },
      "kind": "expressionstatement",
    },
    ExpressionStatement {
      "expression": Call {
        "arguments": Array [
          String {
            "isDoubleQuote": true,
            "kind": "string",
            "raw": "\\"%05f\\\\n\\"",
            "unicode": false,
            "value": "%05f
",
          },
          Unary {
            "kind": "unary",
            "type": "-",
            "what": Number {
              "kind": "number",
              "value": "200",
            },
          },
        ],
        "kind": "call",
        "what": Name {
          "kind": "name",
          "name": "printf",
          "resolution": "uqn",
        },
      },
      "kind": "expressionstatement",
    },
    ExpressionStatement {
      "expression": Call {
        "arguments": Array [
          String {
            "isDoubleQuote": true,
            "kind": "string",
            "raw": "\\"%05u\\\\n\\"",
            "unicode": false,
            "value": "%05u
",
          },
          Number {
            "kind": "number",
            "value": "200",
          },
        ],
        "kind": "call",
        "what": Name {
          "kind": "name",
          "name": "printf",
          "resolution": "uqn",
        },
      },
      "kind": "expressionstatement",
    },
    ExpressionStatement {
      "expression": Call {
        "arguments": Array [
          String {
            "isDoubleQuote": true,
            "kind": "string",
            "raw": "\\"%05u\\\\n\\"",
            "unicode": false,
            "value": "%05u
",
          },
          Unary {
            "kind": "unary",
            "type": "-",
            "what": Number {
              "kind": "number",
              "value": "200",
            },
          },
        ],
        "kind": "call",
        "what": Name {
          "kind": "name",
          "name": "printf",
          "resolution": "uqn",
        },
      },
      "kind": "expressionstatement",
    },
  ],
  "errors": Array [],
  "kind": "program",
}
`;
