// Jest Snapshot v1, https://goo.gl/fbAQLP

exports[`php-src tests Reflection Bug #37964 (Reflection shows private methods of parent class) 1`] = `
Program {
  "children": Array [
    Class {
      "attrGroups": Array [],
      "body": Array [
        Method {
          "arguments": Array [],
          "attrGroups": Array [],
          "body": Block {
            "children": Array [],
            "kind": "block",
          },
          "byref": false,
          "isAbstract": false,
          "isFinal": false,
          "isStatic": false,
          "kind": "method",
          "name": Identifier {
            "kind": "identifier",
            "name": "test2",
          },
          "nullable": false,
          "type": null,
          "visibility": "private",
        },
      ],
      "extends": null,
      "implements": null,
      "isAbstract": true,
      "isAnonymous": false,
      "isFinal": false,
      "kind": "class",
      "name": Identifier {
        "kind": "identifier",
        "name": "foobar",
      },
    },
    Class {
      "attrGroups": Array [],
      "body": Array [
        PropertyStatement {
          "isStatic": false,
          "kind": "propertystatement",
          "properties": Array [
            Property {
              "attrGroups": Array [],
              "kind": "property",
              "name": Identifier {
                "kind": "identifier",
                "name": "foo",
              },
              "nullable": false,
              "readonly": false,
              "type": null,
              "value": Number {
                "kind": "number",
                "value": "1",
              },
            },
          ],
          "visibility": "private",
        },
        Method {
          "arguments": Array [],
          "attrGroups": Array [],
          "body": Block {
            "children": Array [],
            "kind": "block",
          },
          "byref": false,
          "isAbstract": false,
          "isFinal": false,
          "isStatic": false,
          "kind": "method",
          "name": Identifier {
            "kind": "identifier",
            "name": "test",
          },
          "nullable": false,
          "type": null,
          "visibility": "private",
        },
        Method {
          "arguments": Array [],
          "attrGroups": Array [],
          "body": Block {
            "children": Array [],
            "kind": "block",
          },
          "byref": false,
          "isAbstract": false,
          "isFinal": false,
          "isStatic": false,
          "kind": "method",
          "name": Identifier {
            "kind": "identifier",
            "name": "test3",
          },
          "nullable": false,
          "type": null,
          "visibility": "protected",
        },
      ],
      "extends": Name {
        "kind": "name",
        "name": "foobar",
        "resolution": "uqn",
      },
      "implements": null,
      "isAbstract": false,
      "isAnonymous": false,
      "isFinal": false,
      "kind": "class",
      "name": Identifier {
        "kind": "identifier",
        "name": "foo",
      },
    },
    Class {
      "attrGroups": Array [],
      "body": Array [
        Method {
          "arguments": Array [],
          "attrGroups": Array [],
          "body": Block {
            "children": Array [],
            "kind": "block",
          },
          "byref": false,
          "isAbstract": false,
          "isFinal": false,
          "isStatic": false,
          "kind": "method",
          "name": Identifier {
            "kind": "identifier",
            "name": "foobar",
          },
          "nullable": false,
          "type": null,
          "visibility": "private",
        },
      ],
      "extends": Name {
        "kind": "name",
        "name": "foo",
        "resolution": "uqn",
      },
      "implements": null,
      "isAbstract": false,
      "isAnonymous": false,
      "isFinal": false,
      "kind": "class",
      "name": Identifier {
        "kind": "identifier",
        "name": "bar",
      },
    },
    Echo {
      "expressions": Array [
        New {
          "arguments": Array [
            New {
              "arguments": Array [],
              "kind": "new",
              "what": Name {
                "kind": "name",
                "name": "bar",
                "resolution": "uqn",
              },
            },
          ],
          "kind": "new",
          "what": Name {
            "kind": "name",
            "name": "ReflectionClass",
            "resolution": "uqn",
          },
        },
      ],
      "kind": "echo",
      "shortForm": false,
    },
  ],
  "errors": Array [],
  "kind": "program",
}
`;
