// Jest Snapshot v1, https://goo.gl/fbAQLP

exports[`php-src tests Interface of the class mysqli_stmt 1`] = `
Program {
  "children": Array [
    ExpressionStatement {
      "expression": Include {
        "kind": "include",
        "once": false,
        "require": true,
        "target": String {
          "isDoubleQuote": false,
          "kind": "string",
          "parenthesizedExpression": true,
          "raw": "'connect.inc'",
          "unicode": false,
          "value": "connect.inc",
        },
      },
      "kind": "expressionstatement",
    },
    ExpressionStatement {
      "expression": Include {
        "kind": "include",
        "once": false,
        "require": true,
        "target": String {
          "isDoubleQuote": false,
          "kind": "string",
          "parenthesizedExpression": true,
          "raw": "'table.inc'",
          "unicode": false,
          "value": "table.inc",
        },
      },
      "kind": "expressionstatement",
    },
    ExpressionStatement {
      "expression": Assign {
        "kind": "assign",
        "left": Variable {
          "curly": false,
          "kind": "variable",
          "name": "link",
        },
        "operator": "=",
        "right": Call {
          "arguments": Array [
            Variable {
              "curly": false,
              "kind": "variable",
              "name": "host",
            },
            Variable {
              "curly": false,
              "kind": "variable",
              "name": "user",
            },
            Variable {
              "curly": false,
              "kind": "variable",
              "name": "passwd",
            },
            Variable {
              "curly": false,
              "kind": "variable",
              "name": "db",
            },
            Variable {
              "curly": false,
              "kind": "variable",
              "name": "port",
            },
            Variable {
              "curly": false,
              "kind": "variable",
              "name": "socket",
            },
          ],
          "kind": "call",
          "what": Name {
            "kind": "name",
            "name": "my_mysqli_connect",
            "resolution": "uqn",
          },
        },
      },
      "kind": "expressionstatement",
    },
    ExpressionStatement {
      "expression": Assign {
        "kind": "assign",
        "left": Variable {
          "curly": false,
          "kind": "variable",
          "name": "stmt",
        },
        "operator": "=",
        "right": New {
          "arguments": Array [
            Variable {
              "curly": false,
              "kind": "variable",
              "name": "link",
            },
          ],
          "kind": "new",
          "what": Name {
            "kind": "name",
            "name": "mysqli_stmt",
            "resolution": "uqn",
          },
        },
      },
      "kind": "expressionstatement",
    },
    ExpressionStatement {
      "expression": Call {
        "arguments": Array [
          String {
            "isDoubleQuote": true,
            "kind": "string",
            "raw": "\\"Parent class:\\\\n\\"",
            "unicode": false,
            "value": "Parent class:
",
          },
        ],
        "kind": "call",
        "what": Name {
          "kind": "name",
          "name": "printf",
          "resolution": "uqn",
        },
      },
      "kind": "expressionstatement",
    },
    ExpressionStatement {
      "expression": Call {
        "arguments": Array [
          Call {
            "arguments": Array [
              Variable {
                "curly": false,
                "kind": "variable",
                "name": "stmt",
              },
            ],
            "kind": "call",
            "what": Name {
              "kind": "name",
              "name": "get_parent_class",
              "resolution": "uqn",
            },
          },
        ],
        "kind": "call",
        "what": Name {
          "kind": "name",
          "name": "var_dump",
          "resolution": "uqn",
        },
      },
      "kind": "expressionstatement",
    },
    ExpressionStatement {
      "expression": Call {
        "arguments": Array [
          String {
            "isDoubleQuote": true,
            "kind": "string",
            "raw": "\\"\\\\nMethods:\\\\n\\"",
            "unicode": false,
            "value": "
Methods:
",
          },
        ],
        "kind": "call",
        "what": Name {
          "kind": "name",
          "name": "printf",
          "resolution": "uqn",
        },
      },
      "kind": "expressionstatement",
    },
    ExpressionStatement {
      "expression": Assign {
        "kind": "assign",
        "left": Variable {
          "curly": false,
          "kind": "variable",
          "name": "methods",
        },
        "operator": "=",
        "right": Call {
          "arguments": Array [
            Variable {
              "curly": false,
              "kind": "variable",
              "name": "stmt",
            },
          ],
          "kind": "call",
          "what": Name {
            "kind": "name",
            "name": "get_class_methods",
            "resolution": "uqn",
          },
        },
      },
      "kind": "expressionstatement",
    },
    ExpressionStatement {
      "expression": Assign {
        "kind": "assign",
        "left": Variable {
          "curly": false,
          "kind": "variable",
          "name": "expected_methods",
        },
        "operator": "=",
        "right": Array {
          "items": Array [
            Entry {
              "byRef": false,
              "key": String {
                "isDoubleQuote": false,
                "kind": "string",
                "raw": "'__construct'",
                "unicode": false,
                "value": "__construct",
              },
              "kind": "entry",
              "unpack": false,
              "value": Boolean {
                "kind": "boolean",
                "raw": "true",
                "value": true,
              },
            },
            Entry {
              "byRef": false,
              "key": String {
                "isDoubleQuote": false,
                "kind": "string",
                "raw": "'attr_get'",
                "unicode": false,
                "value": "attr_get",
              },
              "kind": "entry",
              "unpack": false,
              "value": Boolean {
                "kind": "boolean",
                "raw": "true",
                "value": true,
              },
            },
            Entry {
              "byRef": false,
              "key": String {
                "isDoubleQuote": false,
                "kind": "string",
                "raw": "'attr_set'",
                "unicode": false,
                "value": "attr_set",
              },
              "kind": "entry",
              "unpack": false,
              "value": Boolean {
                "kind": "boolean",
                "raw": "true",
                "value": true,
              },
            },
            Entry {
              "byRef": false,
              "key": String {
                "isDoubleQuote": false,
                "kind": "string",
                "raw": "'bind_param'",
                "unicode": false,
                "value": "bind_param",
              },
              "kind": "entry",
              "unpack": false,
              "value": Boolean {
                "kind": "boolean",
                "raw": "true",
                "value": true,
              },
            },
            Entry {
              "byRef": false,
              "key": String {
                "isDoubleQuote": false,
                "kind": "string",
                "raw": "'bind_result'",
                "unicode": false,
                "value": "bind_result",
              },
              "kind": "entry",
              "unpack": false,
              "value": Boolean {
                "kind": "boolean",
                "raw": "true",
                "value": true,
              },
            },
            Entry {
              "byRef": false,
              "key": String {
                "isDoubleQuote": false,
                "kind": "string",
                "raw": "'close'",
                "unicode": false,
                "value": "close",
              },
              "kind": "entry",
              "unpack": false,
              "value": Boolean {
                "kind": "boolean",
                "raw": "true",
                "value": true,
              },
            },
            Entry {
              "byRef": false,
              "key": String {
                "isDoubleQuote": false,
                "kind": "string",
                "raw": "'data_seek'",
                "unicode": false,
                "value": "data_seek",
              },
              "kind": "entry",
              "unpack": false,
              "value": Boolean {
                "kind": "boolean",
                "raw": "true",
                "value": true,
              },
            },
            Entry {
              "byRef": false,
              "key": String {
                "isDoubleQuote": false,
                "kind": "string",
                "raw": "'execute'",
                "unicode": false,
                "value": "execute",
              },
              "kind": "entry",
              "unpack": false,
              "value": Boolean {
                "kind": "boolean",
                "raw": "true",
                "value": true,
              },
            },
            Entry {
              "byRef": false,
              "key": String {
                "isDoubleQuote": false,
                "kind": "string",
                "raw": "'fetch'",
                "unicode": false,
                "value": "fetch",
              },
              "kind": "entry",
              "unpack": false,
              "value": Boolean {
                "kind": "boolean",
                "raw": "true",
                "value": true,
              },
            },
            Entry {
              "byRef": false,
              "key": String {
                "isDoubleQuote": false,
                "kind": "string",
                "raw": "'free_result'",
                "unicode": false,
                "value": "free_result",
              },
              "kind": "entry",
              "unpack": false,
              "value": Boolean {
                "kind": "boolean",
                "raw": "true",
                "value": true,
              },
            },
            Entry {
              "byRef": false,
              "key": String {
                "isDoubleQuote": false,
                "kind": "string",
                "raw": "'get_warnings'",
                "unicode": false,
                "value": "get_warnings",
              },
              "kind": "entry",
              "unpack": false,
              "value": Boolean {
                "kind": "boolean",
                "raw": "true",
                "value": true,
              },
            },
            Entry {
              "byRef": false,
              "key": String {
                "isDoubleQuote": false,
                "kind": "string",
                "raw": "'num_rows'",
                "unicode": false,
                "value": "num_rows",
              },
              "kind": "entry",
              "unpack": false,
              "value": Boolean {
                "kind": "boolean",
                "raw": "true",
                "value": true,
              },
            },
            Entry {
              "byRef": false,
              "key": String {
                "isDoubleQuote": false,
                "kind": "string",
                "raw": "'prepare'",
                "unicode": false,
                "value": "prepare",
              },
              "kind": "entry",
              "unpack": false,
              "value": Boolean {
                "kind": "boolean",
                "raw": "true",
                "value": true,
              },
            },
            Entry {
              "byRef": false,
              "key": String {
                "isDoubleQuote": false,
                "kind": "string",
                "raw": "'reset'",
                "unicode": false,
                "value": "reset",
              },
              "kind": "entry",
              "unpack": false,
              "value": Boolean {
                "kind": "boolean",
                "raw": "true",
                "value": true,
              },
            },
            Entry {
              "byRef": false,
              "key": String {
                "isDoubleQuote": false,
                "kind": "string",
                "raw": "'result_metadata'",
                "unicode": false,
                "value": "result_metadata",
              },
              "kind": "entry",
              "unpack": false,
              "value": Boolean {
                "kind": "boolean",
                "raw": "true",
                "value": true,
              },
            },
            Entry {
              "byRef": false,
              "key": String {
                "isDoubleQuote": false,
                "kind": "string",
                "raw": "'send_long_data'",
                "unicode": false,
                "value": "send_long_data",
              },
              "kind": "entry",
              "unpack": false,
              "value": Boolean {
                "kind": "boolean",
                "raw": "true",
                "value": true,
              },
            },
            Entry {
              "byRef": false,
              "key": String {
                "isDoubleQuote": false,
                "kind": "string",
                "raw": "'store_result'",
                "unicode": false,
                "value": "store_result",
              },
              "kind": "entry",
              "unpack": false,
              "value": Boolean {
                "kind": "boolean",
                "raw": "true",
                "value": true,
              },
            },
          ],
          "kind": "array",
          "shortForm": false,
        },
      },
      "kind": "expressionstatement",
    },
    If {
      "alternate": null,
      "body": Block {
        "children": Array [
          ExpressionStatement {
            "expression": Assign {
              "kind": "assign",
              "left": OffsetLookup {
                "kind": "offsetlookup",
                "offset": String {
                  "isDoubleQuote": false,
                  "kind": "string",
                  "raw": "'get_result'",
                  "unicode": false,
                  "value": "get_result",
                },
                "what": Variable {
                  "curly": false,
                  "kind": "variable",
                  "name": "expected_methods",
                },
              },
              "operator": "=",
              "right": Boolean {
                "kind": "boolean",
                "raw": "true",
                "value": true,
              },
            },
            "kind": "expressionstatement",
          },
          ExpressionStatement {
            "expression": Assign {
              "kind": "assign",
              "left": OffsetLookup {
                "kind": "offsetlookup",
                "offset": String {
                  "isDoubleQuote": false,
                  "kind": "string",
                  "raw": "'more_results'",
                  "unicode": false,
                  "value": "more_results",
                },
                "what": Variable {
                  "curly": false,
                  "kind": "variable",
                  "name": "expected_methods",
                },
              },
              "operator": "=",
              "right": Boolean {
                "kind": "boolean",
                "raw": "true",
                "value": true,
              },
            },
            "kind": "expressionstatement",
          },
          ExpressionStatement {
            "expression": Assign {
              "kind": "assign",
              "left": OffsetLookup {
                "kind": "offsetlookup",
                "offset": String {
                  "isDoubleQuote": false,
                  "kind": "string",
                  "raw": "'next_result'",
                  "unicode": false,
                  "value": "next_result",
                },
                "what": Variable {
                  "curly": false,
                  "kind": "variable",
                  "name": "expected_methods",
                },
              },
              "operator": "=",
              "right": Boolean {
                "kind": "boolean",
                "raw": "true",
                "value": true,
              },
            },
            "kind": "expressionstatement",
          },
        ],
        "kind": "block",
      },
      "kind": "if",
      "shortForm": false,
      "test": Variable {
        "curly": false,
        "kind": "variable",
        "name": "IS_MYSQLND",
      },
    },
    Foreach {
      "body": Block {
        "children": Array [
          If {
            "alternate": null,
            "body": Block {
              "children": Array [
                Unset {
                  "kind": "unset",
                  "variables": Array [
                    OffsetLookup {
                      "kind": "offsetlookup",
                      "offset": Variable {
                        "curly": false,
                        "kind": "variable",
                        "name": "k",
                      },
                      "what": Variable {
                        "curly": false,
                        "kind": "variable",
                        "name": "methods",
                      },
                    },
                  ],
                },
                Unset {
                  "kind": "unset",
                  "variables": Array [
                    OffsetLookup {
                      "kind": "offsetlookup",
                      "offset": Variable {
                        "curly": false,
                        "kind": "variable",
                        "name": "method",
                      },
                      "what": Variable {
                        "curly": false,
                        "kind": "variable",
                        "name": "expected_methods",
                      },
                    },
                  ],
                },
              ],
              "kind": "block",
            },
            "kind": "if",
            "shortForm": false,
            "test": Isset {
              "kind": "isset",
              "variables": Array [
                OffsetLookup {
                  "kind": "offsetlookup",
                  "offset": Variable {
                    "curly": false,
                    "kind": "variable",
                    "name": "method",
                  },
                  "what": Variable {
                    "curly": false,
                    "kind": "variable",
                    "name": "expected_methods",
                  },
                },
              ],
            },
          },
          If {
            "alternate": null,
            "body": Block {
              "children": Array [
                Unset {
                  "kind": "unset",
                  "variables": Array [
                    OffsetLookup {
                      "kind": "offsetlookup",
                      "offset": String {
                        "isDoubleQuote": false,
                        "kind": "string",
                        "raw": "'__construct'",
                        "unicode": false,
                        "value": "__construct",
                      },
                      "what": Variable {
                        "curly": false,
                        "kind": "variable",
                        "name": "expected_methods",
                      },
                    },
                  ],
                },
                Unset {
                  "kind": "unset",
                  "variables": Array [
                    OffsetLookup {
                      "kind": "offsetlookup",
                      "offset": Variable {
                        "curly": false,
                        "kind": "variable",
                        "name": "k",
                      },
                      "what": Variable {
                        "curly": false,
                        "kind": "variable",
                        "name": "methods",
                      },
                    },
                  ],
                },
              ],
              "kind": "block",
            },
            "kind": "if",
            "shortForm": false,
            "test": Bin {
              "kind": "bin",
              "left": Variable {
                "curly": false,
                "kind": "variable",
                "name": "method",
              },
              "right": String {
                "isDoubleQuote": false,
                "kind": "string",
                "raw": "'mysqli_stmt'",
                "unicode": false,
                "value": "mysqli_stmt",
              },
              "type": "==",
            },
          },
        ],
        "kind": "block",
      },
      "key": Variable {
        "curly": false,
        "kind": "variable",
        "name": "k",
      },
      "kind": "foreach",
      "shortForm": false,
      "source": Variable {
        "curly": false,
        "kind": "variable",
        "name": "methods",
      },
      "value": Variable {
        "curly": false,
        "kind": "variable",
        "name": "method",
      },
    },
    If {
      "alternate": null,
      "body": Block {
        "children": Array [
          ExpressionStatement {
            "expression": Call {
              "arguments": Array [
                String {
                  "isDoubleQuote": true,
                  "kind": "string",
                  "raw": "\\"More methods found than indicated. Dumping list of unexpected methods.\\\\n\\"",
                  "unicode": false,
                  "value": "More methods found than indicated. Dumping list of unexpected methods.
",
                },
              ],
              "kind": "call",
              "what": Name {
                "kind": "name",
                "name": "printf",
                "resolution": "uqn",
              },
            },
            "kind": "expressionstatement",
          },
          ExpressionStatement {
            "expression": Call {
              "arguments": Array [
                Variable {
                  "curly": false,
                  "kind": "variable",
                  "name": "methods",
                },
              ],
              "kind": "call",
              "what": Name {
                "kind": "name",
                "name": "var_dump",
                "resolution": "uqn",
              },
            },
            "kind": "expressionstatement",
          },
        ],
        "kind": "block",
      },
      "kind": "if",
      "shortForm": false,
      "test": Unary {
        "kind": "unary",
        "type": "!",
        "what": Empty {
          "expression": Variable {
            "curly": false,
            "kind": "variable",
            "name": "methods",
          },
          "kind": "empty",
        },
      },
    },
    If {
      "alternate": null,
      "body": Block {
        "children": Array [
          ExpressionStatement {
            "expression": Call {
              "arguments": Array [
                String {
                  "isDoubleQuote": true,
                  "kind": "string",
                  "raw": "\\"Some methods are missing. Dumping list of missing methods.\\\\n\\"",
                  "unicode": false,
                  "value": "Some methods are missing. Dumping list of missing methods.
",
                },
              ],
              "kind": "call",
              "what": Name {
                "kind": "name",
                "name": "printf",
                "resolution": "uqn",
              },
            },
            "kind": "expressionstatement",
          },
          ExpressionStatement {
            "expression": Call {
              "arguments": Array [
                Variable {
                  "curly": false,
                  "kind": "variable",
                  "name": "expected_methods",
                },
              ],
              "kind": "call",
              "what": Name {
                "kind": "name",
                "name": "var_dump",
                "resolution": "uqn",
              },
            },
            "kind": "expressionstatement",
          },
        ],
        "kind": "block",
      },
      "kind": "if",
      "shortForm": false,
      "test": Unary {
        "kind": "unary",
        "type": "!",
        "what": Empty {
          "expression": Variable {
            "curly": false,
            "kind": "variable",
            "name": "expected_methods",
          },
          "kind": "empty",
        },
      },
    },
    If {
      "alternate": null,
      "body": ExpressionStatement {
        "expression": Call {
          "arguments": Array [
            String {
              "isDoubleQuote": true,
              "kind": "string",
              "raw": "\\"ok\\\\n\\"",
              "unicode": false,
              "value": "ok
",
            },
          ],
          "kind": "call",
          "what": Name {
            "kind": "name",
            "name": "printf",
            "resolution": "uqn",
          },
        },
        "kind": "expressionstatement",
      },
      "kind": "if",
      "shortForm": false,
      "test": Bin {
        "kind": "bin",
        "left": Empty {
          "expression": Variable {
            "curly": false,
            "kind": "variable",
            "name": "methods",
          },
          "kind": "empty",
        },
        "right": Empty {
          "expression": Variable {
            "curly": false,
            "kind": "variable",
            "name": "expected_methods",
          },
          "kind": "empty",
        },
        "type": "&&",
      },
    },
    ExpressionStatement {
      "expression": Call {
        "arguments": Array [
          String {
            "isDoubleQuote": true,
            "kind": "string",
            "raw": "\\"\\\\nClass variables:\\\\n\\"",
            "unicode": false,
            "value": "
Class variables:
",
          },
        ],
        "kind": "call",
        "what": Name {
          "kind": "name",
          "name": "printf",
          "resolution": "uqn",
        },
      },
      "kind": "expressionstatement",
    },
    ExpressionStatement {
      "expression": Assign {
        "kind": "assign",
        "left": Variable {
          "curly": false,
          "kind": "variable",
          "name": "variables",
        },
        "operator": "=",
        "right": Call {
          "arguments": Array [
            Call {
              "arguments": Array [
                Call {
                  "arguments": Array [
                    Variable {
                      "curly": false,
                      "kind": "variable",
                      "name": "stmt",
                    },
                  ],
                  "kind": "call",
                  "what": Name {
                    "kind": "name",
                    "name": "get_class",
                    "resolution": "uqn",
                  },
                },
              ],
              "kind": "call",
              "what": Name {
                "kind": "name",
                "name": "get_class_vars",
                "resolution": "uqn",
              },
            },
          ],
          "kind": "call",
          "what": Name {
            "kind": "name",
            "name": "array_keys",
            "resolution": "uqn",
          },
        },
      },
      "kind": "expressionstatement",
    },
    ExpressionStatement {
      "expression": Call {
        "arguments": Array [
          Variable {
            "curly": false,
            "kind": "variable",
            "name": "variables",
          },
        ],
        "kind": "call",
        "what": Name {
          "kind": "name",
          "name": "sort",
          "resolution": "uqn",
        },
      },
      "kind": "expressionstatement",
    },
    Foreach {
      "body": ExpressionStatement {
        "expression": Call {
          "arguments": Array [
            String {
              "isDoubleQuote": true,
              "kind": "string",
              "raw": "\\"%s\\\\n\\"",
              "unicode": false,
              "value": "%s
",
            },
            Variable {
              "curly": false,
              "kind": "variable",
              "name": "var",
            },
          ],
          "kind": "call",
          "what": Name {
            "kind": "name",
            "name": "printf",
            "resolution": "uqn",
          },
        },
        "kind": "expressionstatement",
      },
      "key": Variable {
        "curly": false,
        "kind": "variable",
        "name": "k",
      },
      "kind": "foreach",
      "shortForm": false,
      "source": Variable {
        "curly": false,
        "kind": "variable",
        "name": "variables",
      },
      "value": Variable {
        "curly": false,
        "kind": "variable",
        "name": "var",
      },
    },
    ExpressionStatement {
      "expression": Call {
        "arguments": Array [
          String {
            "isDoubleQuote": true,
            "kind": "string",
            "raw": "\\"\\\\nObject variables:\\\\n\\"",
            "unicode": false,
            "value": "
Object variables:
",
          },
        ],
        "kind": "call",
        "what": Name {
          "kind": "name",
          "name": "printf",
          "resolution": "uqn",
        },
      },
      "kind": "expressionstatement",
    },
    ExpressionStatement {
      "expression": Assign {
        "kind": "assign",
        "left": Variable {
          "curly": false,
          "kind": "variable",
          "name": "variables",
        },
        "operator": "=",
        "right": Call {
          "arguments": Array [
            Call {
              "arguments": Array [
                Variable {
                  "curly": false,
                  "kind": "variable",
                  "name": "stmt",
                },
              ],
              "kind": "call",
              "what": Name {
                "kind": "name",
                "name": "get_object_vars",
                "resolution": "uqn",
              },
            },
          ],
          "kind": "call",
          "what": Name {
            "kind": "name",
            "name": "array_keys",
            "resolution": "uqn",
          },
        },
      },
      "kind": "expressionstatement",
    },
    Foreach {
      "body": ExpressionStatement {
        "expression": Call {
          "arguments": Array [
            String {
              "isDoubleQuote": true,
              "kind": "string",
              "raw": "\\"%s\\\\n\\"",
              "unicode": false,
              "value": "%s
",
            },
            Variable {
              "curly": false,
              "kind": "variable",
              "name": "var",
            },
          ],
          "kind": "call",
          "what": Name {
            "kind": "name",
            "name": "printf",
            "resolution": "uqn",
          },
        },
        "kind": "expressionstatement",
      },
      "key": Variable {
        "curly": false,
        "kind": "variable",
        "name": "k",
      },
      "kind": "foreach",
      "shortForm": false,
      "source": Variable {
        "curly": false,
        "kind": "variable",
        "name": "variables",
      },
      "value": Variable {
        "curly": false,
        "kind": "variable",
        "name": "var",
      },
    },
    ExpressionStatement {
      "expression": Call {
        "arguments": Array [
          String {
            "isDoubleQuote": true,
            "kind": "string",
            "raw": "\\"\\\\nMagic, magic properties:\\\\n\\"",
            "unicode": false,
            "value": "
Magic, magic properties:
",
          },
        ],
        "kind": "call",
        "what": Name {
          "kind": "name",
          "name": "printf",
          "resolution": "uqn",
        },
      },
      "kind": "expressionstatement",
    },
    Try {
      "always": null,
      "body": Block {
        "children": Array [
          ExpressionStatement {
            "expression": Call {
              "arguments": Array [
                Variable {
                  "curly": false,
                  "kind": "variable",
                  "name": "stmt",
                },
              ],
              "kind": "call",
              "what": Name {
                "kind": "name",
                "name": "mysqli_stmt_affected_rows",
                "resolution": "uqn",
              },
            },
            "kind": "expressionstatement",
          },
        ],
        "kind": "block",
      },
      "catches": Array [
        Catch {
          "body": Block {
            "children": Array [
              Echo {
                "expressions": Array [
                  Bin {
                    "kind": "bin",
                    "left": Call {
                      "arguments": Array [],
                      "kind": "call",
                      "what": PropertyLookup {
                        "kind": "propertylookup",
                        "offset": Identifier {
                          "kind": "identifier",
                          "name": "getMessage",
                        },
                        "what": Variable {
                          "curly": false,
                          "kind": "variable",
                          "name": "exception",
                        },
                      },
                    },
                    "right": String {
                      "isDoubleQuote": true,
                      "kind": "string",
                      "raw": "\\"\\\\n\\"",
                      "unicode": false,
                      "value": "
",
                    },
                    "type": ".",
                  },
                ],
                "kind": "echo",
                "shortForm": false,
              },
            ],
            "kind": "block",
          },
          "kind": "catch",
          "variable": Variable {
            "curly": false,
            "kind": "variable",
            "name": "exception",
          },
          "what": Array [
            Name {
              "kind": "name",
              "name": "Error",
              "resolution": "uqn",
            },
          ],
        },
      ],
      "kind": "try",
    },
    Try {
      "always": null,
      "body": Block {
        "children": Array [
          ExpressionStatement {
            "expression": PropertyLookup {
              "kind": "propertylookup",
              "offset": Identifier {
                "kind": "identifier",
                "name": "affected_rows",
              },
              "what": Variable {
                "curly": false,
                "kind": "variable",
                "name": "stmt",
              },
            },
            "kind": "expressionstatement",
          },
        ],
        "kind": "block",
      },
      "catches": Array [
        Catch {
          "body": Block {
            "children": Array [
              Echo {
                "expressions": Array [
                  Bin {
                    "kind": "bin",
                    "left": Call {
                      "arguments": Array [],
                      "kind": "call",
                      "what": PropertyLookup {
                        "kind": "propertylookup",
                        "offset": Identifier {
                          "kind": "identifier",
                          "name": "getMessage",
                        },
                        "what": Variable {
                          "curly": false,
                          "kind": "variable",
                          "name": "exception",
                        },
                      },
                    },
                    "right": String {
                      "isDoubleQuote": true,
                      "kind": "string",
                      "raw": "\\"\\\\n\\"",
                      "unicode": false,
                      "value": "
",
                    },
                    "type": ".",
                  },
                ],
                "kind": "echo",
                "shortForm": false,
              },
            ],
            "kind": "block",
          },
          "kind": "catch",
          "variable": Variable {
            "curly": false,
            "kind": "variable",
            "name": "exception",
          },
          "what": Array [
            Name {
              "kind": "name",
              "name": "Error",
              "resolution": "uqn",
            },
          ],
        },
      ],
      "kind": "try",
    },
    If {
      "alternate": null,
      "body": Block {
        "children": Array [
          ExpressionStatement {
            "expression": Call {
              "arguments": Array [
                String {
                  "isDoubleQuote": true,
                  "kind": "string",
                  "raw": "\\"[001] [%d] %s\\\\n\\"",
                  "unicode": false,
                  "value": "[001] [%d] %s
",
                },
                PropertyLookup {
                  "kind": "propertylookup",
                  "offset": Identifier {
                    "kind": "identifier",
                    "name": "errno",
                  },
                  "what": Variable {
                    "curly": false,
                    "kind": "variable",
                    "name": "stmt",
                  },
                },
                PropertyLookup {
                  "kind": "propertylookup",
                  "offset": Identifier {
                    "kind": "identifier",
                    "name": "error",
                  },
                  "what": Variable {
                    "curly": false,
                    "kind": "variable",
                    "name": "stmt",
                  },
                },
              ],
              "kind": "call",
              "what": Name {
                "kind": "name",
                "name": "printf",
                "resolution": "uqn",
              },
            },
            "kind": "expressionstatement",
          },
        ],
        "kind": "block",
      },
      "kind": "if",
      "shortForm": false,
      "test": Bin {
        "kind": "bin",
        "left": Unary {
          "kind": "unary",
          "type": "!",
          "what": Call {
            "arguments": Array [
              String {
                "isDoubleQuote": true,
                "kind": "string",
                "raw": "\\"INSERT INTO test(id, label) VALUES (100, 'z')\\"",
                "unicode": false,
                "value": "INSERT INTO test(id, label) VALUES (100, 'z')",
              },
            ],
            "kind": "call",
            "what": PropertyLookup {
              "kind": "propertylookup",
              "offset": Identifier {
                "kind": "identifier",
                "name": "prepare",
              },
              "what": Variable {
                "curly": false,
                "kind": "variable",
                "name": "stmt",
              },
            },
          },
        },
        "right": Unary {
          "kind": "unary",
          "type": "!",
          "what": Call {
            "arguments": Array [],
            "kind": "call",
            "what": PropertyLookup {
              "kind": "propertylookup",
              "offset": Identifier {
                "kind": "identifier",
                "name": "execute",
              },
              "what": Variable {
                "curly": false,
                "kind": "variable",
                "name": "stmt",
              },
            },
          },
        },
        "type": "||",
      },
    },
    ExpressionStatement {
      "expression": Call {
        "arguments": Array [
          Bin {
            "kind": "bin",
            "left": Call {
              "arguments": Array [
                Variable {
                  "curly": false,
                  "kind": "variable",
                  "name": "stmt",
                },
              ],
              "kind": "call",
              "what": Name {
                "kind": "name",
                "name": "mysqli_stmt_affected_rows",
                "resolution": "uqn",
              },
            },
            "right": PropertyLookup {
              "kind": "propertylookup",
              "offset": Identifier {
                "kind": "identifier",
                "name": "affected_rows",
              },
              "what": Variable {
                "curly": false,
                "kind": "variable",
                "name": "stmt",
              },
            },
            "type": "===",
          },
        ],
        "kind": "call",
        "what": Name {
          "kind": "name",
          "name": "assert",
          "resolution": "uqn",
        },
      },
      "kind": "expressionstatement",
    },
    ExpressionStatement {
      "expression": Call {
        "arguments": Array [
          String {
            "isDoubleQuote": true,
            "kind": "string",
            "raw": "\\"stmt->affected_rows = '%s'\\\\n\\"",
            "unicode": false,
            "value": "stmt->affected_rows = '%s'
",
          },
          PropertyLookup {
            "kind": "propertylookup",
            "offset": Identifier {
              "kind": "identifier",
              "name": "affected_rows",
            },
            "what": Variable {
              "curly": false,
              "kind": "variable",
              "name": "stmt",
            },
          },
        ],
        "kind": "call",
        "what": Name {
          "kind": "name",
          "name": "printf",
          "resolution": "uqn",
        },
      },
      "kind": "expressionstatement",
    },
    ExpressionStatement {
      "expression": Call {
        "arguments": Array [
          Bin {
            "kind": "bin",
            "left": Call {
              "arguments": Array [
                Variable {
                  "curly": false,
                  "kind": "variable",
                  "name": "stmt",
                },
              ],
              "kind": "call",
              "what": Name {
                "kind": "name",
                "name": "mysqli_stmt_errno",
                "resolution": "uqn",
              },
            },
            "right": PropertyLookup {
              "kind": "propertylookup",
              "offset": Identifier {
                "kind": "identifier",
                "name": "errno",
              },
              "what": Variable {
                "curly": false,
                "kind": "variable",
                "name": "stmt",
              },
            },
            "type": "===",
          },
        ],
        "kind": "call",
        "what": Name {
          "kind": "name",
          "name": "assert",
          "resolution": "uqn",
        },
      },
      "kind": "expressionstatement",
    },
    ExpressionStatement {
      "expression": Call {
        "arguments": Array [
          String {
            "isDoubleQuote": true,
            "kind": "string",
            "raw": "\\"stmt->errno = '%s'\\\\n\\"",
            "unicode": false,
            "value": "stmt->errno = '%s'
",
          },
          PropertyLookup {
            "kind": "propertylookup",
            "offset": Identifier {
              "kind": "identifier",
              "name": "errno",
            },
            "what": Variable {
              "curly": false,
              "kind": "variable",
              "name": "stmt",
            },
          },
        ],
        "kind": "call",
        "what": Name {
          "kind": "name",
          "name": "printf",
          "resolution": "uqn",
        },
      },
      "kind": "expressionstatement",
    },
    ExpressionStatement {
      "expression": Call {
        "arguments": Array [
          Bin {
            "kind": "bin",
            "left": Call {
              "arguments": Array [
                Variable {
                  "curly": false,
                  "kind": "variable",
                  "name": "stmt",
                },
              ],
              "kind": "call",
              "what": Name {
                "kind": "name",
                "name": "mysqli_stmt_error",
                "resolution": "uqn",
              },
            },
            "right": PropertyLookup {
              "kind": "propertylookup",
              "offset": Identifier {
                "kind": "identifier",
                "name": "error",
              },
              "what": Variable {
                "curly": false,
                "kind": "variable",
                "name": "stmt",
              },
            },
            "type": "===",
          },
        ],
        "kind": "call",
        "what": Name {
          "kind": "name",
          "name": "assert",
          "resolution": "uqn",
        },
      },
      "kind": "expressionstatement",
    },
    ExpressionStatement {
      "expression": Call {
        "arguments": Array [
          String {
            "isDoubleQuote": true,
            "kind": "string",
            "raw": "\\"stmt->error = '%s'\\\\n\\"",
            "unicode": false,
            "value": "stmt->error = '%s'
",
          },
          PropertyLookup {
            "kind": "propertylookup",
            "offset": Identifier {
              "kind": "identifier",
              "name": "error",
            },
            "what": Variable {
              "curly": false,
              "kind": "variable",
              "name": "stmt",
            },
          },
        ],
        "kind": "call",
        "what": Name {
          "kind": "name",
          "name": "printf",
          "resolution": "uqn",
        },
      },
      "kind": "expressionstatement",
    },
    ExpressionStatement {
      "expression": Call {
        "arguments": Array [
          Bin {
            "kind": "bin",
            "left": Call {
              "arguments": Array [
                Variable {
                  "curly": false,
                  "kind": "variable",
                  "name": "stmt",
                },
              ],
              "kind": "call",
              "what": Name {
                "kind": "name",
                "name": "mysqli_stmt_error_list",
                "resolution": "uqn",
              },
            },
            "right": PropertyLookup {
              "kind": "propertylookup",
              "offset": Identifier {
                "kind": "identifier",
                "name": "error_list",
              },
              "what": Variable {
                "curly": false,
                "kind": "variable",
                "name": "stmt",
              },
            },
            "type": "===",
          },
        ],
        "kind": "call",
        "what": Name {
          "kind": "name",
          "name": "assert",
          "resolution": "uqn",
        },
      },
      "kind": "expressionstatement",
    },
    ExpressionStatement {
      "expression": Call {
        "arguments": Array [
          String {
            "isDoubleQuote": true,
            "kind": "string",
            "raw": "\\"stmt->error = \\"",
            "unicode": false,
            "value": "stmt->error = ",
          },
          PropertyLookup {
            "kind": "propertylookup",
            "offset": Identifier {
              "kind": "identifier",
              "name": "error_list",
            },
            "what": Variable {
              "curly": false,
              "kind": "variable",
              "name": "stmt",
            },
          },
        ],
        "kind": "call",
        "what": Name {
          "kind": "name",
          "name": "var_dump",
          "resolution": "uqn",
        },
      },
      "kind": "expressionstatement",
    },
    ExpressionStatement {
      "expression": Call {
        "arguments": Array [
          Bin {
            "kind": "bin",
            "left": Call {
              "arguments": Array [
                Variable {
                  "curly": false,
                  "kind": "variable",
                  "name": "stmt",
                },
              ],
              "kind": "call",
              "what": Name {
                "kind": "name",
                "name": "mysqli_stmt_field_count",
                "resolution": "uqn",
              },
            },
            "right": PropertyLookup {
              "kind": "propertylookup",
              "offset": Identifier {
                "kind": "identifier",
                "name": "field_count",
              },
              "what": Variable {
                "curly": false,
                "kind": "variable",
                "name": "stmt",
              },
            },
            "type": "===",
          },
        ],
        "kind": "call",
        "what": Name {
          "kind": "name",
          "name": "assert",
          "resolution": "uqn",
        },
      },
      "kind": "expressionstatement",
    },
    ExpressionStatement {
      "expression": Call {
        "arguments": Array [
          String {
            "isDoubleQuote": true,
            "kind": "string",
            "raw": "\\"stmt->field_count = '%s'\\\\n\\"",
            "unicode": false,
            "value": "stmt->field_count = '%s'
",
          },
          PropertyLookup {
            "kind": "propertylookup",
            "offset": Identifier {
              "kind": "identifier",
              "name": "field_count",
            },
            "what": Variable {
              "curly": false,
              "kind": "variable",
              "name": "stmt",
            },
          },
        ],
        "kind": "call",
        "what": Name {
          "kind": "name",
          "name": "printf",
          "resolution": "uqn",
        },
      },
      "kind": "expressionstatement",
    },
    ExpressionStatement {
      "expression": Call {
        "arguments": Array [
          Bin {
            "kind": "bin",
            "left": PropertyLookup {
              "kind": "propertylookup",
              "offset": Identifier {
                "kind": "identifier",
                "name": "id",
              },
              "what": Variable {
                "curly": false,
                "kind": "variable",
                "name": "stmt",
              },
            },
            "right": Number {
              "kind": "number",
              "value": "0",
            },
            "type": ">",
          },
        ],
        "kind": "call",
        "what": Name {
          "kind": "name",
          "name": "assert",
          "resolution": "uqn",
        },
      },
      "kind": "expressionstatement",
    },
    ExpressionStatement {
      "expression": Call {
        "arguments": Array [
          String {
            "isDoubleQuote": true,
            "kind": "string",
            "raw": "\\"stmt->id = '%s'\\\\n\\"",
            "unicode": false,
            "value": "stmt->id = '%s'
",
          },
          PropertyLookup {
            "kind": "propertylookup",
            "offset": Identifier {
              "kind": "identifier",
              "name": "id",
            },
            "what": Variable {
              "curly": false,
              "kind": "variable",
              "name": "stmt",
            },
          },
        ],
        "kind": "call",
        "what": Name {
          "kind": "name",
          "name": "printf",
          "resolution": "uqn",
        },
      },
      "kind": "expressionstatement",
    },
    ExpressionStatement {
      "expression": Call {
        "arguments": Array [
          Bin {
            "kind": "bin",
            "left": Call {
              "arguments": Array [
                Variable {
                  "curly": false,
                  "kind": "variable",
                  "name": "stmt",
                },
              ],
              "kind": "call",
              "what": Name {
                "kind": "name",
                "name": "mysqli_stmt_insert_id",
                "resolution": "uqn",
              },
            },
            "right": PropertyLookup {
              "kind": "propertylookup",
              "offset": Identifier {
                "kind": "identifier",
                "name": "insert_id",
              },
              "what": Variable {
                "curly": false,
                "kind": "variable",
                "name": "stmt",
              },
            },
            "type": "===",
          },
        ],
        "kind": "call",
        "what": Name {
          "kind": "name",
          "name": "assert",
          "resolution": "uqn",
        },
      },
      "kind": "expressionstatement",
    },
    ExpressionStatement {
      "expression": Call {
        "arguments": Array [
          String {
            "isDoubleQuote": true,
            "kind": "string",
            "raw": "\\"stmt->insert_id = '%s'\\\\n\\"",
            "unicode": false,
            "value": "stmt->insert_id = '%s'
",
          },
          PropertyLookup {
            "kind": "propertylookup",
            "offset": Identifier {
              "kind": "identifier",
              "name": "insert_id",
            },
            "what": Variable {
              "curly": false,
              "kind": "variable",
              "name": "stmt",
            },
          },
        ],
        "kind": "call",
        "what": Name {
          "kind": "name",
          "name": "printf",
          "resolution": "uqn",
        },
      },
      "kind": "expressionstatement",
    },
    ExpressionStatement {
      "expression": Call {
        "arguments": Array [
          Bin {
            "kind": "bin",
            "left": Call {
              "arguments": Array [
                Variable {
                  "curly": false,
                  "kind": "variable",
                  "name": "stmt",
                },
              ],
              "kind": "call",
              "what": Name {
                "kind": "name",
                "name": "mysqli_stmt_num_rows",
                "resolution": "uqn",
              },
            },
            "right": PropertyLookup {
              "kind": "propertylookup",
              "offset": Identifier {
                "kind": "identifier",
                "name": "num_rows",
              },
              "what": Variable {
                "curly": false,
                "kind": "variable",
                "name": "stmt",
              },
            },
            "type": "===",
          },
        ],
        "kind": "call",
        "what": Name {
          "kind": "name",
          "name": "assert",
          "resolution": "uqn",
        },
      },
      "kind": "expressionstatement",
    },
    ExpressionStatement {
      "expression": Call {
        "arguments": Array [
          String {
            "isDoubleQuote": true,
            "kind": "string",
            "raw": "\\"stmt->num_rows = '%s'\\\\n\\"",
            "unicode": false,
            "value": "stmt->num_rows = '%s'
",
          },
          PropertyLookup {
            "kind": "propertylookup",
            "offset": Identifier {
              "kind": "identifier",
              "name": "num_rows",
            },
            "what": Variable {
              "curly": false,
              "kind": "variable",
              "name": "stmt",
            },
          },
        ],
        "kind": "call",
        "what": Name {
          "kind": "name",
          "name": "printf",
          "resolution": "uqn",
        },
      },
      "kind": "expressionstatement",
    },
    ExpressionStatement {
      "expression": Call {
        "arguments": Array [
          Bin {
            "kind": "bin",
            "left": Call {
              "arguments": Array [
                Variable {
                  "curly": false,
                  "kind": "variable",
                  "name": "stmt",
                },
              ],
              "kind": "call",
              "what": Name {
                "kind": "name",
                "name": "mysqli_stmt_param_count",
                "resolution": "uqn",
              },
            },
            "right": PropertyLookup {
              "kind": "propertylookup",
              "offset": Identifier {
                "kind": "identifier",
                "name": "param_count",
              },
              "what": Variable {
                "curly": false,
                "kind": "variable",
                "name": "stmt",
              },
            },
            "type": "===",
          },
        ],
        "kind": "call",
        "what": Name {
          "kind": "name",
          "name": "assert",
          "resolution": "uqn",
        },
      },
      "kind": "expressionstatement",
    },
    ExpressionStatement {
      "expression": Call {
        "arguments": Array [
          String {
            "isDoubleQuote": true,
            "kind": "string",
            "raw": "\\"stmt->param_count = '%s'\\\\n\\"",
            "unicode": false,
            "value": "stmt->param_count = '%s'
",
          },
          PropertyLookup {
            "kind": "propertylookup",
            "offset": Identifier {
              "kind": "identifier",
              "name": "param_count",
            },
            "what": Variable {
              "curly": false,
              "kind": "variable",
              "name": "stmt",
            },
          },
        ],
        "kind": "call",
        "what": Name {
          "kind": "name",
          "name": "printf",
          "resolution": "uqn",
        },
      },
      "kind": "expressionstatement",
    },
    ExpressionStatement {
      "expression": Call {
        "arguments": Array [
          Bin {
            "kind": "bin",
            "left": Call {
              "arguments": Array [
                Variable {
                  "curly": false,
                  "kind": "variable",
                  "name": "stmt",
                },
              ],
              "kind": "call",
              "what": Name {
                "kind": "name",
                "name": "mysqli_stmt_sqlstate",
                "resolution": "uqn",
              },
            },
            "right": PropertyLookup {
              "kind": "propertylookup",
              "offset": Identifier {
                "kind": "identifier",
                "name": "sqlstate",
              },
              "what": Variable {
                "curly": false,
                "kind": "variable",
                "name": "stmt",
              },
            },
            "type": "===",
          },
        ],
        "kind": "call",
        "what": Name {
          "kind": "name",
          "name": "assert",
          "resolution": "uqn",
        },
      },
      "kind": "expressionstatement",
    },
    ExpressionStatement {
      "expression": Call {
        "arguments": Array [
          String {
            "isDoubleQuote": true,
            "kind": "string",
            "raw": "\\"stmt->sqlstate = '%s'\\\\n\\"",
            "unicode": false,
            "value": "stmt->sqlstate = '%s'
",
          },
          PropertyLookup {
            "kind": "propertylookup",
            "offset": Identifier {
              "kind": "identifier",
              "name": "sqlstate",
            },
            "what": Variable {
              "curly": false,
              "kind": "variable",
              "name": "stmt",
            },
          },
        ],
        "kind": "call",
        "what": Name {
          "kind": "name",
          "name": "printf",
          "resolution": "uqn",
        },
      },
      "kind": "expressionstatement",
    },
    ExpressionStatement {
      "expression": Call {
        "arguments": Array [
          String {
            "isDoubleQuote": true,
            "kind": "string",
            "raw": "\\"\\\\nAccess to undefined properties:\\\\n\\"",
            "unicode": false,
            "value": "
Access to undefined properties:
",
          },
        ],
        "kind": "call",
        "what": Name {
          "kind": "name",
          "name": "printf",
          "resolution": "uqn",
        },
      },
      "kind": "expressionstatement",
    },
    ExpressionStatement {
      "expression": Call {
        "arguments": Array [
          String {
            "isDoubleQuote": true,
            "kind": "string",
            "raw": "\\"stmt->unknown = '%s'\\\\n\\"",
            "unicode": false,
            "value": "stmt->unknown = '%s'
",
          },
          Silent {
            "expr": PropertyLookup {
              "kind": "propertylookup",
              "offset": Identifier {
                "kind": "identifier",
                "name": "unknown",
              },
              "what": Variable {
                "curly": false,
                "kind": "variable",
                "name": "stmt",
              },
            },
            "kind": "silent",
          },
        ],
        "kind": "call",
        "what": Name {
          "kind": "name",
          "name": "printf",
          "resolution": "uqn",
        },
      },
      "kind": "expressionstatement",
    },
    ExpressionStatement {
      "expression": Silent {
        "expr": Assign {
          "kind": "assign",
          "left": PropertyLookup {
            "kind": "propertylookup",
            "offset": Identifier {
              "kind": "identifier",
              "name": "unknown",
            },
            "what": Variable {
              "curly": false,
              "kind": "variable",
              "name": "stmt",
            },
          },
          "operator": "=",
          "right": Number {
            "kind": "number",
            "value": "13",
          },
        },
        "kind": "silent",
      },
      "kind": "expressionstatement",
    },
    ExpressionStatement {
      "expression": Call {
        "arguments": Array [
          String {
            "isDoubleQuote": true,
            "kind": "string",
            "raw": "\\"stmt->unknown = '%s'\\\\n\\"",
            "unicode": false,
            "value": "stmt->unknown = '%s'
",
          },
          Silent {
            "expr": PropertyLookup {
              "kind": "propertylookup",
              "offset": Identifier {
                "kind": "identifier",
                "name": "unknown",
              },
              "what": Variable {
                "curly": false,
                "kind": "variable",
                "name": "stmt",
              },
            },
            "kind": "silent",
          },
        ],
        "kind": "call",
        "what": Name {
          "kind": "name",
          "name": "printf",
          "resolution": "uqn",
        },
      },
      "kind": "expressionstatement",
    },
    ExpressionStatement {
      "expression": Print {
        "expression": String {
          "isDoubleQuote": true,
          "kind": "string",
          "raw": "\\"done!\\"",
          "unicode": false,
          "value": "done!",
        },
        "kind": "print",
      },
      "kind": "expressionstatement",
    },
  ],
  "errors": Array [],
  "kind": "program",
}
`;
