// Jest Snapshot v1, https://goo.gl/fbAQLP

exports[`php-src tests Hash: tiger algorithm 1`] = `
Program {
  "children": Array [
    Echo {
      "expressions": Array [
        Call {
          "arguments": Array [
            String {
              "isDoubleQuote": false,
              "kind": "string",
              "raw": "'tiger192,3'",
              "unicode": false,
              "value": "tiger192,3",
            },
            String {
              "isDoubleQuote": false,
              "kind": "string",
              "raw": "''",
              "unicode": false,
              "value": "",
            },
          ],
          "kind": "call",
          "what": Name {
            "kind": "name",
            "name": "hash",
            "resolution": "uqn",
          },
        },
        String {
          "isDoubleQuote": true,
          "kind": "string",
          "raw": "\\"\\\\n\\"",
          "unicode": false,
          "value": "
",
        },
      ],
      "kind": "echo",
      "shortForm": false,
    },
    Echo {
      "expressions": Array [
        Call {
          "arguments": Array [
            String {
              "isDoubleQuote": false,
              "kind": "string",
              "raw": "'tiger192,3'",
              "unicode": false,
              "value": "tiger192,3",
            },
            String {
              "isDoubleQuote": false,
              "kind": "string",
              "raw": "'abc'",
              "unicode": false,
              "value": "abc",
            },
          ],
          "kind": "call",
          "what": Name {
            "kind": "name",
            "name": "hash",
            "resolution": "uqn",
          },
        },
        String {
          "isDoubleQuote": true,
          "kind": "string",
          "raw": "\\"\\\\n\\"",
          "unicode": false,
          "value": "
",
        },
      ],
      "kind": "echo",
      "shortForm": false,
    },
    Echo {
      "expressions": Array [
        Call {
          "arguments": Array [
            String {
              "isDoubleQuote": false,
              "kind": "string",
              "raw": "'tiger192,3'",
              "unicode": false,
              "value": "tiger192,3",
            },
            Call {
              "arguments": Array [
                String {
                  "isDoubleQuote": false,
                  "kind": "string",
                  "raw": "'a'",
                  "unicode": false,
                  "value": "a",
                },
                Number {
                  "kind": "number",
                  "value": "63",
                },
              ],
              "kind": "call",
              "what": Name {
                "kind": "name",
                "name": "str_repeat",
                "resolution": "uqn",
              },
            },
          ],
          "kind": "call",
          "what": Name {
            "kind": "name",
            "name": "hash",
            "resolution": "uqn",
          },
        },
        String {
          "isDoubleQuote": true,
          "kind": "string",
          "raw": "\\"\\\\n\\"",
          "unicode": false,
          "value": "
",
        },
      ],
      "kind": "echo",
      "shortForm": false,
    },
    Echo {
      "expressions": Array [
        Call {
          "arguments": Array [
            String {
              "isDoubleQuote": false,
              "kind": "string",
              "raw": "'tiger192,3'",
              "unicode": false,
              "value": "tiger192,3",
            },
            Call {
              "arguments": Array [
                String {
                  "isDoubleQuote": false,
                  "kind": "string",
                  "raw": "'abc'",
                  "unicode": false,
                  "value": "abc",
                },
                Number {
                  "kind": "number",
                  "value": "61",
                },
              ],
              "kind": "call",
              "what": Name {
                "kind": "name",
                "name": "str_repeat",
                "resolution": "uqn",
              },
            },
          ],
          "kind": "call",
          "what": Name {
            "kind": "name",
            "name": "hash",
            "resolution": "uqn",
          },
        },
        String {
          "isDoubleQuote": true,
          "kind": "string",
          "raw": "\\"\\\\n\\"",
          "unicode": false,
          "value": "
",
        },
      ],
      "kind": "echo",
      "shortForm": false,
    },
    Echo {
      "expressions": Array [
        Call {
          "arguments": Array [
            String {
              "isDoubleQuote": false,
              "kind": "string",
              "raw": "'tiger192,3'",
              "unicode": false,
              "value": "tiger192,3",
            },
            Call {
              "arguments": Array [
                String {
                  "isDoubleQuote": false,
                  "kind": "string",
                  "raw": "'abc'",
                  "unicode": false,
                  "value": "abc",
                },
                Number {
                  "kind": "number",
                  "value": "64",
                },
              ],
              "kind": "call",
              "what": Name {
                "kind": "name",
                "name": "str_repeat",
                "resolution": "uqn",
              },
            },
          ],
          "kind": "call",
          "what": Name {
            "kind": "name",
            "name": "hash",
            "resolution": "uqn",
          },
        },
        String {
          "isDoubleQuote": true,
          "kind": "string",
          "raw": "\\"\\\\n\\"",
          "unicode": false,
          "value": "
",
        },
      ],
      "kind": "echo",
      "shortForm": false,
    },
  ],
  "errors": Array [],
  "kind": "program",
}
`;
