// Jest Snapshot v1, https://goo.gl/fbAQLP

exports[`php-src tests Phar: Phar::setDefaultStub() with and without arg, tar-based phar 1`] = `
Program {
  "children": Array [
    ExpressionStatement {
      "expression": Assign {
        "kind": "assign",
        "left": Variable {
          "curly": false,
          "kind": "variable",
          "name": "fname",
        },
        "operator": "=",
        "right": Bin {
          "kind": "bin",
          "left": Bin {
            "kind": "bin",
            "left": Bin {
              "kind": "bin",
              "left": Magic {
                "kind": "magic",
                "raw": "__DIR__",
                "value": "__DIR__",
              },
              "right": String {
                "isDoubleQuote": false,
                "kind": "string",
                "raw": "'/'",
                "unicode": false,
                "value": "/",
              },
              "type": ".",
            },
            "right": Call {
              "arguments": Array [
                Magic {
                  "kind": "magic",
                  "raw": "__FILE__",
                  "value": "__FILE__",
                },
                String {
                  "isDoubleQuote": false,
                  "kind": "string",
                  "raw": "'.php'",
                  "unicode": false,
                  "value": ".php",
                },
              ],
              "kind": "call",
              "what": Name {
                "kind": "name",
                "name": "basename",
                "resolution": "uqn",
              },
            },
            "type": ".",
          },
          "right": String {
            "isDoubleQuote": false,
            "kind": "string",
            "raw": "'.phar.tar'",
            "unicode": false,
            "value": ".phar.tar",
          },
          "type": ".",
        },
      },
      "kind": "expressionstatement",
    },
    ExpressionStatement {
      "expression": Assign {
        "kind": "assign",
        "left": Variable {
          "curly": false,
          "kind": "variable",
          "name": "phar",
        },
        "operator": "=",
        "right": New {
          "arguments": Array [
            Variable {
              "curly": false,
              "kind": "variable",
              "name": "fname",
            },
          ],
          "kind": "new",
          "what": Name {
            "kind": "name",
            "name": "Phar",
            "resolution": "uqn",
          },
        },
      },
      "kind": "expressionstatement",
    },
    ExpressionStatement {
      "expression": Assign {
        "kind": "assign",
        "left": OffsetLookup {
          "kind": "offsetlookup",
          "offset": String {
            "isDoubleQuote": false,
            "kind": "string",
            "raw": "'a.php'",
            "unicode": false,
            "value": "a.php",
          },
          "what": Variable {
            "curly": false,
            "kind": "variable",
            "name": "phar",
          },
        },
        "operator": "=",
        "right": String {
          "isDoubleQuote": false,
          "kind": "string",
          "raw": "'<php echo \\"this is a\\\\n\\"; ?>'",
          "unicode": false,
          "value": "<php echo \\"this is a\\\\n\\"; ?>",
        },
      },
      "kind": "expressionstatement",
    },
    ExpressionStatement {
      "expression": Assign {
        "kind": "assign",
        "left": OffsetLookup {
          "kind": "offsetlookup",
          "offset": String {
            "isDoubleQuote": false,
            "kind": "string",
            "raw": "'b.php'",
            "unicode": false,
            "value": "b.php",
          },
          "what": Variable {
            "curly": false,
            "kind": "variable",
            "name": "phar",
          },
        },
        "operator": "=",
        "right": String {
          "isDoubleQuote": false,
          "kind": "string",
          "raw": "'<php echo \\"this is b\\\\n\\"; ?>'",
          "unicode": false,
          "value": "<php echo \\"this is b\\\\n\\"; ?>",
        },
      },
      "kind": "expressionstatement",
    },
    ExpressionStatement {
      "expression": Call {
        "arguments": Array [
          String {
            "isDoubleQuote": false,
            "kind": "string",
            "raw": "'<?php echo \\"Hello World\\\\n\\"; __HALT_COMPILER(); ?>'",
            "unicode": false,
            "value": "<?php echo \\"Hello World\\\\n\\"; __HALT_COMPILER(); ?>",
          },
        ],
        "kind": "call",
        "what": PropertyLookup {
          "kind": "propertylookup",
          "offset": Identifier {
            "kind": "identifier",
            "name": "setStub",
          },
          "what": Variable {
            "curly": false,
            "kind": "variable",
            "name": "phar",
          },
        },
      },
      "kind": "expressionstatement",
    },
    ExpressionStatement {
      "expression": Call {
        "arguments": Array [
          Call {
            "arguments": Array [],
            "kind": "call",
            "what": PropertyLookup {
              "kind": "propertylookup",
              "offset": Identifier {
                "kind": "identifier",
                "name": "getStub",
              },
              "what": Variable {
                "curly": false,
                "kind": "variable",
                "name": "phar",
              },
            },
          },
        ],
        "kind": "call",
        "what": Name {
          "kind": "name",
          "name": "var_dump",
          "resolution": "uqn",
        },
      },
      "kind": "expressionstatement",
    },
    Echo {
      "expressions": Array [
        String {
          "isDoubleQuote": true,
          "kind": "string",
          "raw": "\\"============================================================================\\\\n\\"",
          "unicode": false,
          "value": "============================================================================
",
        },
      ],
      "kind": "echo",
      "shortForm": false,
    },
    Echo {
      "expressions": Array [
        String {
          "isDoubleQuote": true,
          "kind": "string",
          "raw": "\\"============================================================================\\\\n\\"",
          "unicode": false,
          "value": "============================================================================
",
        },
      ],
      "kind": "echo",
      "shortForm": false,
    },
    Try {
      "always": null,
      "body": Block {
        "children": Array [
          ExpressionStatement {
            "expression": Call {
              "arguments": Array [],
              "kind": "call",
              "what": PropertyLookup {
                "kind": "propertylookup",
                "offset": Identifier {
                  "kind": "identifier",
                  "name": "setDefaultStub",
                },
                "what": Variable {
                  "curly": false,
                  "kind": "variable",
                  "name": "phar",
                },
              },
            },
            "kind": "expressionstatement",
          },
          ExpressionStatement {
            "expression": Call {
              "arguments": Array [],
              "kind": "call",
              "what": PropertyLookup {
                "kind": "propertylookup",
                "offset": Identifier {
                  "kind": "identifier",
                  "name": "stopBuffering",
                },
                "what": Variable {
                  "curly": false,
                  "kind": "variable",
                  "name": "phar",
                },
              },
            },
            "kind": "expressionstatement",
          },
        ],
        "kind": "block",
      },
      "catches": Array [
        Catch {
          "body": Block {
            "children": Array [
              Echo {
                "expressions": Array [
                  Bin {
                    "kind": "bin",
                    "left": Call {
                      "arguments": Array [],
                      "kind": "call",
                      "what": PropertyLookup {
                        "kind": "propertylookup",
                        "offset": Identifier {
                          "kind": "identifier",
                          "name": "getMessage",
                        },
                        "what": Variable {
                          "curly": false,
                          "kind": "variable",
                          "name": "e",
                        },
                      },
                    },
                    "right": String {
                      "isDoubleQuote": true,
                      "kind": "string",
                      "raw": "\\"\\\\n\\"",
                      "unicode": false,
                      "value": "
",
                    },
                    "type": ".",
                  },
                ],
                "kind": "echo",
                "shortForm": false,
              },
            ],
            "kind": "block",
          },
          "kind": "catch",
          "variable": Variable {
            "curly": false,
            "kind": "variable",
            "name": "e",
          },
          "what": Array [
            Name {
              "kind": "name",
              "name": "Exception",
              "resolution": "uqn",
            },
          ],
        },
      ],
      "kind": "try",
    },
    ExpressionStatement {
      "expression": Call {
        "arguments": Array [
          Call {
            "arguments": Array [],
            "kind": "call",
            "what": PropertyLookup {
              "kind": "propertylookup",
              "offset": Identifier {
                "kind": "identifier",
                "name": "getStub",
              },
              "what": Variable {
                "curly": false,
                "kind": "variable",
                "name": "phar",
              },
            },
          },
        ],
        "kind": "call",
        "what": Name {
          "kind": "name",
          "name": "var_dump",
          "resolution": "uqn",
        },
      },
      "kind": "expressionstatement",
    },
    Echo {
      "expressions": Array [
        String {
          "isDoubleQuote": true,
          "kind": "string",
          "raw": "\\"============================================================================\\\\n\\"",
          "unicode": false,
          "value": "============================================================================
",
        },
      ],
      "kind": "echo",
      "shortForm": false,
    },
    Echo {
      "expressions": Array [
        String {
          "isDoubleQuote": true,
          "kind": "string",
          "raw": "\\"============================================================================\\\\n\\"",
          "unicode": false,
          "value": "============================================================================
",
        },
      ],
      "kind": "echo",
      "shortForm": false,
    },
    Try {
      "always": null,
      "body": Block {
        "children": Array [
          ExpressionStatement {
            "expression": Call {
              "arguments": Array [
                String {
                  "isDoubleQuote": false,
                  "kind": "string",
                  "raw": "'my/custom/thingy.php'",
                  "unicode": false,
                  "value": "my/custom/thingy.php",
                },
              ],
              "kind": "call",
              "what": PropertyLookup {
                "kind": "propertylookup",
                "offset": Identifier {
                  "kind": "identifier",
                  "name": "setDefaultStub",
                },
                "what": Variable {
                  "curly": false,
                  "kind": "variable",
                  "name": "phar",
                },
              },
            },
            "kind": "expressionstatement",
          },
        ],
        "kind": "block",
      },
      "catches": Array [
        Catch {
          "body": Block {
            "children": Array [
              Echo {
                "expressions": Array [
                  Bin {
                    "kind": "bin",
                    "left": Call {
                      "arguments": Array [],
                      "kind": "call",
                      "what": PropertyLookup {
                        "kind": "propertylookup",
                        "offset": Identifier {
                          "kind": "identifier",
                          "name": "getMessage",
                        },
                        "what": Variable {
                          "curly": false,
                          "kind": "variable",
                          "name": "e",
                        },
                      },
                    },
                    "right": String {
                      "isDoubleQuote": true,
                      "kind": "string",
                      "raw": "\\"\\\\n\\"",
                      "unicode": false,
                      "value": "
",
                    },
                    "type": ".",
                  },
                ],
                "kind": "echo",
                "shortForm": false,
              },
            ],
            "kind": "block",
          },
          "kind": "catch",
          "variable": Variable {
            "curly": false,
            "kind": "variable",
            "name": "e",
          },
          "what": Array [
            Name {
              "kind": "name",
              "name": "ValueError",
              "resolution": "uqn",
            },
          ],
        },
      ],
      "kind": "try",
    },
    Try {
      "always": null,
      "body": Block {
        "children": Array [
          ExpressionStatement {
            "expression": Call {
              "arguments": Array [],
              "kind": "call",
              "what": PropertyLookup {
                "kind": "propertylookup",
                "offset": Identifier {
                  "kind": "identifier",
                  "name": "stopBuffering",
                },
                "what": Variable {
                  "curly": false,
                  "kind": "variable",
                  "name": "phar",
                },
              },
            },
            "kind": "expressionstatement",
          },
        ],
        "kind": "block",
      },
      "catches": Array [
        Catch {
          "body": Block {
            "children": Array [
              Echo {
                "expressions": Array [
                  Bin {
                    "kind": "bin",
                    "left": Call {
                      "arguments": Array [],
                      "kind": "call",
                      "what": PropertyLookup {
                        "kind": "propertylookup",
                        "offset": Identifier {
                          "kind": "identifier",
                          "name": "getMessage",
                        },
                        "what": Variable {
                          "curly": false,
                          "kind": "variable",
                          "name": "e",
                        },
                      },
                    },
                    "right": String {
                      "isDoubleQuote": true,
                      "kind": "string",
                      "raw": "\\"\\\\n\\"",
                      "unicode": false,
                      "value": "
",
                    },
                    "type": ".",
                  },
                ],
                "kind": "echo",
                "shortForm": false,
              },
            ],
            "kind": "block",
          },
          "kind": "catch",
          "variable": Variable {
            "curly": false,
            "kind": "variable",
            "name": "e",
          },
          "what": Array [
            Name {
              "kind": "name",
              "name": "Exception",
              "resolution": "uqn",
            },
          ],
        },
      ],
      "kind": "try",
    },
    ExpressionStatement {
      "expression": Call {
        "arguments": Array [
          Call {
            "arguments": Array [],
            "kind": "call",
            "what": PropertyLookup {
              "kind": "propertylookup",
              "offset": Identifier {
                "kind": "identifier",
                "name": "getStub",
              },
              "what": Variable {
                "curly": false,
                "kind": "variable",
                "name": "phar",
              },
            },
          },
        ],
        "kind": "call",
        "what": Name {
          "kind": "name",
          "name": "var_dump",
          "resolution": "uqn",
        },
      },
      "kind": "expressionstatement",
    },
    Echo {
      "expressions": Array [
        String {
          "isDoubleQuote": true,
          "kind": "string",
          "raw": "\\"============================================================================\\\\n\\"",
          "unicode": false,
          "value": "============================================================================
",
        },
      ],
      "kind": "echo",
      "shortForm": false,
    },
    Echo {
      "expressions": Array [
        String {
          "isDoubleQuote": true,
          "kind": "string",
          "raw": "\\"============================================================================\\\\n\\"",
          "unicode": false,
          "value": "============================================================================
",
        },
      ],
      "kind": "echo",
      "shortForm": false,
    },
    Try {
      "always": null,
      "body": Block {
        "children": Array [
          ExpressionStatement {
            "expression": Call {
              "arguments": Array [
                String {
                  "isDoubleQuote": false,
                  "kind": "string",
                  "raw": "'my/custom/thingy.php'",
                  "unicode": false,
                  "value": "my/custom/thingy.php",
                },
                String {
                  "isDoubleQuote": false,
                  "kind": "string",
                  "raw": "'the/web.php'",
                  "unicode": false,
                  "value": "the/web.php",
                },
              ],
              "kind": "call",
              "what": PropertyLookup {
                "kind": "propertylookup",
                "offset": Identifier {
                  "kind": "identifier",
                  "name": "setDefaultStub",
                },
                "what": Variable {
                  "curly": false,
                  "kind": "variable",
                  "name": "phar",
                },
              },
            },
            "kind": "expressionstatement",
          },
        ],
        "kind": "block",
      },
      "catches": Array [
        Catch {
          "body": Block {
            "children": Array [
              Echo {
                "expressions": Array [
                  Bin {
                    "kind": "bin",
                    "left": Call {
                      "arguments": Array [],
                      "kind": "call",
                      "what": PropertyLookup {
                        "kind": "propertylookup",
                        "offset": Identifier {
                          "kind": "identifier",
                          "name": "getMessage",
                        },
                        "what": Variable {
                          "curly": false,
                          "kind": "variable",
                          "name": "e",
                        },
                      },
                    },
                    "right": String {
                      "isDoubleQuote": true,
                      "kind": "string",
                      "raw": "\\"\\\\n\\"",
                      "unicode": false,
                      "value": "
",
                    },
                    "type": ".",
                  },
                ],
                "kind": "echo",
                "shortForm": false,
              },
            ],
            "kind": "block",
          },
          "kind": "catch",
          "variable": Variable {
            "curly": false,
            "kind": "variable",
            "name": "e",
          },
          "what": Array [
            Name {
              "kind": "name",
              "name": "ValueError",
              "resolution": "uqn",
            },
          ],
        },
      ],
      "kind": "try",
    },
    Try {
      "always": null,
      "body": Block {
        "children": Array [
          ExpressionStatement {
            "expression": Call {
              "arguments": Array [],
              "kind": "call",
              "what": PropertyLookup {
                "kind": "propertylookup",
                "offset": Identifier {
                  "kind": "identifier",
                  "name": "stopBuffering",
                },
                "what": Variable {
                  "curly": false,
                  "kind": "variable",
                  "name": "phar",
                },
              },
            },
            "kind": "expressionstatement",
          },
        ],
        "kind": "block",
      },
      "catches": Array [
        Catch {
          "body": Block {
            "children": Array [
              Echo {
                "expressions": Array [
                  Bin {
                    "kind": "bin",
                    "left": Call {
                      "arguments": Array [],
                      "kind": "call",
                      "what": PropertyLookup {
                        "kind": "propertylookup",
                        "offset": Identifier {
                          "kind": "identifier",
                          "name": "getMessage",
                        },
                        "what": Variable {
                          "curly": false,
                          "kind": "variable",
                          "name": "e",
                        },
                      },
                    },
                    "right": String {
                      "isDoubleQuote": true,
                      "kind": "string",
                      "raw": "\\"\\\\n\\"",
                      "unicode": false,
                      "value": "
",
                    },
                    "type": ".",
                  },
                ],
                "kind": "echo",
                "shortForm": false,
              },
            ],
            "kind": "block",
          },
          "kind": "catch",
          "variable": Variable {
            "curly": false,
            "kind": "variable",
            "name": "e",
          },
          "what": Array [
            Name {
              "kind": "name",
              "name": "Exception",
              "resolution": "uqn",
            },
          ],
        },
      ],
      "kind": "try",
    },
    ExpressionStatement {
      "expression": Call {
        "arguments": Array [
          Call {
            "arguments": Array [],
            "kind": "call",
            "what": PropertyLookup {
              "kind": "propertylookup",
              "offset": Identifier {
                "kind": "identifier",
                "name": "getStub",
              },
              "what": Variable {
                "curly": false,
                "kind": "variable",
                "name": "phar",
              },
            },
          },
        ],
        "kind": "call",
        "what": Name {
          "kind": "name",
          "name": "var_dump",
          "resolution": "uqn",
        },
      },
      "kind": "expressionstatement",
    },
  ],
  "errors": Array [],
  "kind": "program",
}
`;
