// Jest Snapshot v1, https://goo.gl/fbAQLP

exports[`php-src tests Math constants 1`] = `
Program {
  "children": Array [
    ExpressionStatement {
      "expression": Assign {
        "kind": "assign",
        "left": Variable {
          "curly": false,
          "kind": "variable",
          "name": "constants",
        },
        "operator": "=",
        "right": Array {
          "items": Array [
            Entry {
              "byRef": false,
              "key": null,
              "kind": "entry",
              "unpack": false,
              "value": String {
                "isDoubleQuote": true,
                "kind": "string",
                "raw": "\\"M_E\\"",
                "unicode": false,
                "value": "M_E",
              },
            },
            Entry {
              "byRef": false,
              "key": null,
              "kind": "entry",
              "unpack": false,
              "value": String {
                "isDoubleQuote": true,
                "kind": "string",
                "raw": "\\"M_LOG2E\\"",
                "unicode": false,
                "value": "M_LOG2E",
              },
            },
            Entry {
              "byRef": false,
              "key": null,
              "kind": "entry",
              "unpack": false,
              "value": String {
                "isDoubleQuote": true,
                "kind": "string",
                "raw": "\\"M_LOG10E\\"",
                "unicode": false,
                "value": "M_LOG10E",
              },
            },
            Entry {
              "byRef": false,
              "key": null,
              "kind": "entry",
              "unpack": false,
              "value": String {
                "isDoubleQuote": true,
                "kind": "string",
                "raw": "\\"M_LN2\\"",
                "unicode": false,
                "value": "M_LN2",
              },
            },
            Entry {
              "byRef": false,
              "key": null,
              "kind": "entry",
              "unpack": false,
              "value": String {
                "isDoubleQuote": true,
                "kind": "string",
                "raw": "\\"M_LN10\\"",
                "unicode": false,
                "value": "M_LN10",
              },
            },
            Entry {
              "byRef": false,
              "key": null,
              "kind": "entry",
              "unpack": false,
              "value": String {
                "isDoubleQuote": true,
                "kind": "string",
                "raw": "\\"M_PI\\"",
                "unicode": false,
                "value": "M_PI",
              },
            },
            Entry {
              "byRef": false,
              "key": null,
              "kind": "entry",
              "unpack": false,
              "value": String {
                "isDoubleQuote": true,
                "kind": "string",
                "raw": "\\"M_PI_2\\"",
                "unicode": false,
                "value": "M_PI_2",
              },
            },
            Entry {
              "byRef": false,
              "key": null,
              "kind": "entry",
              "unpack": false,
              "value": String {
                "isDoubleQuote": true,
                "kind": "string",
                "raw": "\\"M_PI_4\\"",
                "unicode": false,
                "value": "M_PI_4",
              },
            },
            Entry {
              "byRef": false,
              "key": null,
              "kind": "entry",
              "unpack": false,
              "value": String {
                "isDoubleQuote": true,
                "kind": "string",
                "raw": "\\"M_1_PI\\"",
                "unicode": false,
                "value": "M_1_PI",
              },
            },
            Entry {
              "byRef": false,
              "key": null,
              "kind": "entry",
              "unpack": false,
              "value": String {
                "isDoubleQuote": true,
                "kind": "string",
                "raw": "\\"M_2_PI\\"",
                "unicode": false,
                "value": "M_2_PI",
              },
            },
            Entry {
              "byRef": false,
              "key": null,
              "kind": "entry",
              "unpack": false,
              "value": String {
                "isDoubleQuote": true,
                "kind": "string",
                "raw": "\\"M_SQRTPI\\"",
                "unicode": false,
                "value": "M_SQRTPI",
              },
            },
            Entry {
              "byRef": false,
              "key": null,
              "kind": "entry",
              "unpack": false,
              "value": String {
                "isDoubleQuote": true,
                "kind": "string",
                "raw": "\\"M_2_SQRTPI\\"",
                "unicode": false,
                "value": "M_2_SQRTPI",
              },
            },
            Entry {
              "byRef": false,
              "key": null,
              "kind": "entry",
              "unpack": false,
              "value": String {
                "isDoubleQuote": true,
                "kind": "string",
                "raw": "\\"M_LNPI\\"",
                "unicode": false,
                "value": "M_LNPI",
              },
            },
            Entry {
              "byRef": false,
              "key": null,
              "kind": "entry",
              "unpack": false,
              "value": String {
                "isDoubleQuote": true,
                "kind": "string",
                "raw": "\\"M_EULER\\"",
                "unicode": false,
                "value": "M_EULER",
              },
            },
            Entry {
              "byRef": false,
              "key": null,
              "kind": "entry",
              "unpack": false,
              "value": String {
                "isDoubleQuote": true,
                "kind": "string",
                "raw": "\\"M_SQRT2\\"",
                "unicode": false,
                "value": "M_SQRT2",
              },
            },
            Entry {
              "byRef": false,
              "key": null,
              "kind": "entry",
              "unpack": false,
              "value": String {
                "isDoubleQuote": true,
                "kind": "string",
                "raw": "\\"M_SQRT1_2\\"",
                "unicode": false,
                "value": "M_SQRT1_2",
              },
            },
            Entry {
              "byRef": false,
              "key": null,
              "kind": "entry",
              "unpack": false,
              "value": String {
                "isDoubleQuote": true,
                "kind": "string",
                "raw": "\\"M_SQRT3\\"",
                "unicode": false,
                "value": "M_SQRT3",
              },
            },
          ],
          "kind": "array",
          "shortForm": false,
        },
      },
      "kind": "expressionstatement",
    },
    Foreach {
      "body": Block {
        "children": Array [
          ExpressionStatement {
            "expression": Call {
              "arguments": Array [
                String {
                  "isDoubleQuote": true,
                  "kind": "string",
                  "raw": "\\"%-10s: %s\\\\n\\"",
                  "unicode": false,
                  "value": "%-10s: %s
",
                },
                Variable {
                  "curly": false,
                  "kind": "variable",
                  "name": "constant",
                },
                Call {
                  "arguments": Array [
                    Variable {
                      "curly": false,
                      "kind": "variable",
                      "name": "constant",
                    },
                  ],
                  "kind": "call",
                  "what": Name {
                    "kind": "name",
                    "name": "constant",
                    "resolution": "uqn",
                  },
                },
              ],
              "kind": "call",
              "what": Name {
                "kind": "name",
                "name": "printf",
                "resolution": "uqn",
              },
            },
            "kind": "expressionstatement",
          },
        ],
        "kind": "block",
      },
      "key": null,
      "kind": "foreach",
      "shortForm": false,
      "source": Variable {
        "curly": false,
        "kind": "variable",
        "name": "constants",
      },
      "value": Variable {
        "curly": false,
        "kind": "variable",
        "name": "constant",
      },
    },
  ],
  "errors": Array [],
  "kind": "program",
}
`;
