// Jest Snapshot v1, https://goo.gl/fbAQLP

exports[`php-src tests Bug #47021 (SoapClient stumbles over WSDL delivered with "Transfer-Encoding: chunked") 1`] = `
Program {
  "children": Array [
    ExpressionStatement {
      "expression": Include {
        "kind": "include",
        "once": false,
        "require": true,
        "target": String {
          "isDoubleQuote": false,
          "kind": "string",
          "raw": "'server.inc'",
          "unicode": false,
          "value": "server.inc",
        },
      },
      "kind": "expressionstatement",
    },
    _Function {
      "arguments": Array [
        Parameter {
          "attrGroups": Array [],
          "byref": false,
          "flags": 0,
          "kind": "parameter",
          "name": Identifier {
            "kind": "identifier",
            "name": "notification_code",
          },
          "nullable": false,
          "readonly": false,
          "type": null,
          "value": null,
          "variadic": false,
        },
        Parameter {
          "attrGroups": Array [],
          "byref": false,
          "flags": 0,
          "kind": "parameter",
          "name": Identifier {
            "kind": "identifier",
            "name": "severity",
          },
          "nullable": false,
          "readonly": false,
          "type": null,
          "value": null,
          "variadic": false,
        },
        Parameter {
          "attrGroups": Array [],
          "byref": false,
          "flags": 0,
          "kind": "parameter",
          "name": Identifier {
            "kind": "identifier",
            "name": "message",
          },
          "nullable": false,
          "readonly": false,
          "type": null,
          "value": null,
          "variadic": false,
        },
        Parameter {
          "attrGroups": Array [],
          "byref": false,
          "flags": 0,
          "kind": "parameter",
          "name": Identifier {
            "kind": "identifier",
            "name": "message_code",
          },
          "nullable": false,
          "readonly": false,
          "type": null,
          "value": null,
          "variadic": false,
        },
        Parameter {
          "attrGroups": Array [],
          "byref": false,
          "flags": 0,
          "kind": "parameter",
          "name": Identifier {
            "kind": "identifier",
            "name": "bytes_transferred",
          },
          "nullable": false,
          "readonly": false,
          "type": null,
          "value": null,
          "variadic": false,
        },
        Parameter {
          "attrGroups": Array [],
          "byref": false,
          "flags": 0,
          "kind": "parameter",
          "name": Identifier {
            "kind": "identifier",
            "name": "bytes_max",
          },
          "nullable": false,
          "readonly": false,
          "type": null,
          "value": null,
          "variadic": false,
        },
      ],
      "attrGroups": Array [],
      "body": Block {
        "children": Array [
          Switch {
            "body": Block {
              "children": Array [
                Case {
                  "body": Block {
                    "children": Array [
                      Echo {
                        "expressions": Array [
                          Encapsed {
                            "kind": "encapsed",
                            "raw": "\\"Type='$message'\\\\n\\"",
                            "type": "string",
                            "value": Array [
                              EncapsedPart {
                                "curly": false,
                                "expression": String {
                                  "isDoubleQuote": false,
                                  "kind": "string",
                                  "raw": "Type='",
                                  "unicode": false,
                                  "value": "Type='",
                                },
                                "kind": "encapsedpart",
                                "syntax": null,
                              },
                              EncapsedPart {
                                "curly": false,
                                "expression": Variable {
                                  "curly": false,
                                  "kind": "variable",
                                  "name": "message",
                                },
                                "kind": "encapsedpart",
                                "syntax": "simple",
                              },
                              EncapsedPart {
                                "curly": false,
                                "expression": String {
                                  "isDoubleQuote": false,
                                  "kind": "string",
                                  "raw": "'\\\\n",
                                  "unicode": false,
                                  "value": "'",
                                },
                                "kind": "encapsedpart",
                                "syntax": null,
                              },
                            ],
                          },
                        ],
                        "kind": "echo",
                        "shortForm": false,
                      },
                      Break {
                        "kind": "break",
                        "level": null,
                      },
                    ],
                    "kind": "block",
                  },
                  "kind": "case",
                  "test": Name {
                    "kind": "name",
                    "name": "STREAM_NOTIFY_MIME_TYPE_IS",
                    "resolution": "uqn",
                  },
                },
                Case {
                  "body": Block {
                    "children": Array [
                      Echo {
                        "expressions": Array [
                          Encapsed {
                            "kind": "encapsed",
                            "raw": "\\"Size=$bytes_max\\\\n\\"",
                            "type": "string",
                            "value": Array [
                              EncapsedPart {
                                "curly": false,
                                "expression": String {
                                  "isDoubleQuote": false,
                                  "kind": "string",
                                  "raw": "Size=",
                                  "unicode": false,
                                  "value": "Size=",
                                },
                                "kind": "encapsedpart",
                                "syntax": null,
                              },
                              EncapsedPart {
                                "curly": false,
                                "expression": Variable {
                                  "curly": false,
                                  "kind": "variable",
                                  "name": "bytes_max",
                                },
                                "kind": "encapsedpart",
                                "syntax": "simple",
                              },
                              EncapsedPart {
                                "curly": false,
                                "expression": String {
                                  "isDoubleQuote": false,
                                  "kind": "string",
                                  "raw": "\\\\n",
                                  "unicode": false,
                                  "value": "",
                                },
                                "kind": "encapsedpart",
                                "syntax": null,
                              },
                            ],
                          },
                        ],
                        "kind": "echo",
                        "shortForm": false,
                      },
                      Break {
                        "kind": "break",
                        "level": null,
                      },
                    ],
                    "kind": "block",
                  },
                  "kind": "case",
                  "test": Name {
                    "kind": "name",
                    "name": "STREAM_NOTIFY_FILE_SIZE_IS",
                    "resolution": "uqn",
                  },
                },
              ],
              "kind": "block",
            },
            "kind": "switch",
            "shortForm": false,
            "test": Variable {
              "curly": false,
              "kind": "variable",
              "name": "notification_code",
            },
          },
        ],
        "kind": "block",
      },
      "byref": false,
      "kind": "function",
      "name": Identifier {
        "kind": "identifier",
        "name": "stream_notification_callback",
      },
      "nullable": false,
      "type": null,
    },
    _Function {
      "arguments": Array [
        Parameter {
          "attrGroups": Array [],
          "byref": false,
          "flags": 0,
          "kind": "parameter",
          "name": Identifier {
            "kind": "identifier",
            "name": "num_spaces",
          },
          "nullable": false,
          "readonly": false,
          "type": null,
          "value": null,
          "variadic": false,
        },
        Parameter {
          "attrGroups": Array [],
          "byref": false,
          "flags": 0,
          "kind": "parameter",
          "name": Identifier {
            "kind": "identifier",
            "name": "leave_trailing_space",
          },
          "nullable": false,
          "readonly": false,
          "type": null,
          "value": Boolean {
            "kind": "boolean",
            "raw": "false",
            "value": false,
          },
          "variadic": false,
        },
      ],
      "attrGroups": Array [],
      "body": Block {
        "children": Array [
          ExpressionStatement {
            "expression": Assign {
              "kind": "assign",
              "left": Variable {
                "curly": false,
                "kind": "variable",
                "name": "options",
              },
              "operator": "=",
              "right": Array {
                "items": Array [
                  Entry {
                    "byRef": false,
                    "key": String {
                      "isDoubleQuote": false,
                      "kind": "string",
                      "raw": "'http'",
                      "unicode": false,
                      "value": "http",
                    },
                    "kind": "entry",
                    "unpack": false,
                    "value": Array {
                      "items": Array [
                        Entry {
                          "byRef": false,
                          "key": String {
                            "isDoubleQuote": false,
                            "kind": "string",
                            "raw": "'protocol_version'",
                            "unicode": false,
                            "value": "protocol_version",
                          },
                          "kind": "entry",
                          "unpack": false,
                          "value": String {
                            "isDoubleQuote": false,
                            "kind": "string",
                            "raw": "'1.1'",
                            "unicode": false,
                            "value": "1.1",
                          },
                        },
                        Entry {
                          "byRef": false,
                          "key": String {
                            "isDoubleQuote": false,
                            "kind": "string",
                            "raw": "'header'",
                            "unicode": false,
                            "value": "header",
                          },
                          "kind": "entry",
                          "unpack": false,
                          "value": String {
                            "isDoubleQuote": false,
                            "kind": "string",
                            "raw": "'Connection: Close'",
                            "unicode": false,
                            "value": "Connection: Close",
                          },
                        },
                      ],
                      "kind": "array",
                      "shortForm": true,
                    },
                  },
                ],
                "kind": "array",
                "shortForm": true,
              },
            },
            "kind": "expressionstatement",
          },
          ExpressionStatement {
            "expression": Assign {
              "kind": "assign",
              "left": Variable {
                "curly": false,
                "kind": "variable",
                "name": "ctx",
              },
              "operator": "=",
              "right": Call {
                "arguments": Array [
                  Variable {
                    "curly": false,
                    "kind": "variable",
                    "name": "options",
                  },
                ],
                "kind": "call",
                "what": Name {
                  "kind": "name",
                  "name": "stream_context_create",
                  "resolution": "uqn",
                },
              },
            },
            "kind": "expressionstatement",
          },
          ExpressionStatement {
            "expression": Call {
              "arguments": Array [
                Variable {
                  "curly": false,
                  "kind": "variable",
                  "name": "ctx",
                },
                Array {
                  "items": Array [
                    Entry {
                      "byRef": false,
                      "key": String {
                        "isDoubleQuote": true,
                        "kind": "string",
                        "raw": "\\"notification\\"",
                        "unicode": false,
                        "value": "notification",
                      },
                      "kind": "entry",
                      "unpack": false,
                      "value": String {
                        "isDoubleQuote": true,
                        "kind": "string",
                        "raw": "\\"stream_notification_callback\\"",
                        "unicode": false,
                        "value": "stream_notification_callback",
                      },
                    },
                  ],
                  "kind": "array",
                  "shortForm": false,
                },
              ],
              "kind": "call",
              "what": Name {
                "kind": "name",
                "name": "stream_context_set_params",
                "resolution": "uqn",
              },
            },
            "kind": "expressionstatement",
          },
          ExpressionStatement {
            "expression": Assign {
              "kind": "assign",
              "left": Variable {
                "curly": false,
                "kind": "variable",
                "name": "spaces",
              },
              "operator": "=",
              "right": Call {
                "arguments": Array [
                  String {
                    "isDoubleQuote": false,
                    "kind": "string",
                    "raw": "' '",
                    "unicode": false,
                    "value": " ",
                  },
                  Variable {
                    "curly": false,
                    "kind": "variable",
                    "name": "num_spaces",
                  },
                ],
                "kind": "call",
                "what": Name {
                  "kind": "name",
                  "name": "str_repeat",
                  "resolution": "uqn",
                },
              },
            },
            "kind": "expressionstatement",
          },
          ExpressionStatement {
            "expression": Assign {
              "kind": "assign",
              "left": Variable {
                "curly": false,
                "kind": "variable",
                "name": "trailing",
              },
              "operator": "=",
              "right": RetIf {
                "falseExpr": String {
                  "isDoubleQuote": false,
                  "kind": "string",
                  "raw": "''",
                  "unicode": false,
                  "value": "",
                },
                "kind": "retif",
                "parenthesizedExpression": true,
                "test": Variable {
                  "curly": false,
                  "kind": "variable",
                  "name": "leave_trailing_space",
                },
                "trueExpr": String {
                  "isDoubleQuote": false,
                  "kind": "string",
                  "raw": "' '",
                  "unicode": false,
                  "value": " ",
                },
              },
            },
            "kind": "expressionstatement",
          },
          ExpressionStatement {
            "expression": Assign {
              "kind": "assign",
              "left": Variable {
                "curly": false,
                "kind": "variable",
                "name": "responses",
              },
              "operator": "=",
              "right": Array {
                "items": Array [
                  Entry {
                    "byRef": false,
                    "key": null,
                    "kind": "entry",
                    "unpack": false,
                    "value": Bin {
                      "kind": "bin",
                      "left": Bin {
                        "kind": "bin",
                        "left": Bin {
                          "kind": "bin",
                          "left": String {
                            "isDoubleQuote": true,
                            "kind": "string",
                            "raw": "\\"data://text/plain,HTTP/1.1 200 OK\\\\r\\\\n\\"",
                            "unicode": false,
                            "value": "data://text/plain,HTTP/1.1 200 OK
",
                          },
                          "right": Encapsed {
                            "kind": "encapsed",
                            "raw": "\\"Content-Type:{$spaces}text/plain{$trailing}\\\\r\\\\n\\"
      ",
                            "type": "string",
                            "value": Array [
                              EncapsedPart {
                                "curly": false,
                                "expression": String {
                                  "isDoubleQuote": false,
                                  "kind": "string",
                                  "raw": "Content-Type:",
                                  "unicode": false,
                                  "value": "Content-Type:",
                                },
                                "kind": "encapsedpart",
                                "syntax": null,
                              },
                              EncapsedPart {
                                "curly": false,
                                "expression": Variable {
                                  "curly": false,
                                  "kind": "variable",
                                  "name": "spaces",
                                },
                                "kind": "encapsedpart",
                                "syntax": "complex",
                              },
                              EncapsedPart {
                                "curly": false,
                                "expression": String {
                                  "isDoubleQuote": false,
                                  "kind": "string",
                                  "raw": "text/plain",
                                  "unicode": false,
                                  "value": "text/plain",
                                },
                                "kind": "encapsedpart",
                                "syntax": null,
                              },
                              EncapsedPart {
                                "curly": false,
                                "expression": Variable {
                                  "curly": false,
                                  "kind": "variable",
                                  "name": "trailing",
                                },
                                "kind": "encapsedpart",
                                "syntax": "complex",
                              },
                              EncapsedPart {
                                "curly": false,
                                "expression": String {
                                  "isDoubleQuote": false,
                                  "kind": "string",
                                  "raw": "\\\\r\\\\n",
                                  "unicode": false,
                                  "value": "",
                                },
                                "kind": "encapsedpart",
                                "syntax": null,
                              },
                            ],
                          },
                          "type": ".",
                        },
                        "right": Encapsed {
                          "kind": "encapsed",
                          "raw": "\\"Transfer-Encoding:{$spaces}Chunked{$trailing}\\\\r\\\\n\\\\r\\\\n\\"
      ",
                          "type": "string",
                          "value": Array [
                            EncapsedPart {
                              "curly": false,
                              "expression": String {
                                "isDoubleQuote": false,
                                "kind": "string",
                                "raw": "Transfer-Encoding:",
                                "unicode": false,
                                "value": "Transfer-Encoding:",
                              },
                              "kind": "encapsedpart",
                              "syntax": null,
                            },
                            EncapsedPart {
                              "curly": false,
                              "expression": Variable {
                                "curly": false,
                                "kind": "variable",
                                "name": "spaces",
                              },
                              "kind": "encapsedpart",
                              "syntax": "complex",
                            },
                            EncapsedPart {
                              "curly": false,
                              "expression": String {
                                "isDoubleQuote": false,
                                "kind": "string",
                                "raw": "Chunked",
                                "unicode": false,
                                "value": "Chunked",
                              },
                              "kind": "encapsedpart",
                              "syntax": null,
                            },
                            EncapsedPart {
                              "curly": false,
                              "expression": Variable {
                                "curly": false,
                                "kind": "variable",
                                "name": "trailing",
                              },
                              "kind": "encapsedpart",
                              "syntax": "complex",
                            },
                            EncapsedPart {
                              "curly": false,
                              "expression": String {
                                "isDoubleQuote": false,
                                "kind": "string",
                                "raw": "\\\\r\\\\n\\\\r\\\\n",
                                "unicode": false,
                                "value": "
",
                              },
                              "kind": "encapsedpart",
                              "syntax": null,
                            },
                          ],
                        },
                        "type": ".",
                      },
                      "right": String {
                        "isDoubleQuote": true,
                        "kind": "string",
                        "raw": "\\"5\\\\nHello\\\\n0\\\\n\\"",
                        "unicode": false,
                        "value": "5
Hello
0
",
                      },
                      "type": ".",
                    },
                  },
                  Entry {
                    "byRef": false,
                    "key": null,
                    "kind": "entry",
                    "unpack": false,
                    "value": Bin {
                      "kind": "bin",
                      "left": Bin {
                        "kind": "bin",
                        "left": Bin {
                          "kind": "bin",
                          "left": String {
                            "isDoubleQuote": true,
                            "kind": "string",
                            "raw": "\\"data://text/plain,HTTP/1.1 200 OK\\\\r\\\\n\\"",
                            "unicode": false,
                            "value": "data://text/plain,HTTP/1.1 200 OK
",
                          },
                          "right": String {
                            "isDoubleQuote": true,
                            "kind": "string",
                            "raw": "\\"Content-Type\\\\r\\\\n\\"",
                            "unicode": false,
                            "value": "Content-Type
",
                          },
                          "type": ".",
                        },
                        "right": Encapsed {
                          "kind": "encapsed",
                          "raw": "\\"Content-Length:{$spaces}5{$trailing}\\\\r\\\\n\\\\r\\\\n\\"
      ",
                          "type": "string",
                          "value": Array [
                            EncapsedPart {
                              "curly": false,
                              "expression": String {
                                "isDoubleQuote": false,
                                "kind": "string",
                                "raw": "Content-Length:",
                                "unicode": false,
                                "value": "Content-Length:",
                              },
                              "kind": "encapsedpart",
                              "syntax": null,
                            },
                            EncapsedPart {
                              "curly": false,
                              "expression": Variable {
                                "curly": false,
                                "kind": "variable",
                                "name": "spaces",
                              },
                              "kind": "encapsedpart",
                              "syntax": "complex",
                            },
                            EncapsedPart {
                              "curly": false,
                              "expression": String {
                                "isDoubleQuote": false,
                                "kind": "string",
                                "raw": "5",
                                "unicode": false,
                                "value": "5",
                              },
                              "kind": "encapsedpart",
                              "syntax": null,
                            },
                            EncapsedPart {
                              "curly": false,
                              "expression": Variable {
                                "curly": false,
                                "kind": "variable",
                                "name": "trailing",
                              },
                              "kind": "encapsedpart",
                              "syntax": "complex",
                            },
                            EncapsedPart {
                              "curly": false,
                              "expression": String {
                                "isDoubleQuote": false,
                                "kind": "string",
                                "raw": "\\\\r\\\\n\\\\r\\\\n",
                                "unicode": false,
                                "value": "
",
                              },
                              "kind": "encapsedpart",
                              "syntax": null,
                            },
                          ],
                        },
                        "type": ".",
                      },
                      "right": String {
                        "isDoubleQuote": true,
                        "kind": "string",
                        "raw": "\\"World\\"",
                        "unicode": false,
                        "value": "World",
                      },
                      "type": ".",
                    },
                  },
                ],
                "kind": "array",
                "shortForm": true,
              },
            },
            "kind": "expressionstatement",
          },
          ExpressionStatement {
            "expression": Assign {
              "kind": "assign",
              "left": List {
                "items": Array [
                  Entry {
                    "byRef": false,
                    "key": String {
                      "isDoubleQuote": false,
                      "kind": "string",
                      "raw": "'pid'",
                      "unicode": false,
                      "value": "pid",
                    },
                    "kind": "entry",
                    "unpack": false,
                    "value": Variable {
                      "curly": false,
                      "kind": "variable",
                      "name": "pid",
                    },
                  },
                  Entry {
                    "byRef": false,
                    "key": String {
                      "isDoubleQuote": false,
                      "kind": "string",
                      "raw": "'uri'",
                      "unicode": false,
                      "value": "uri",
                    },
                    "kind": "entry",
                    "unpack": false,
                    "value": Variable {
                      "curly": false,
                      "kind": "variable",
                      "name": "uri",
                    },
                  },
                ],
                "kind": "list",
                "shortForm": true,
              },
              "operator": "=",
              "right": Call {
                "arguments": Array [
                  Variable {
                    "curly": false,
                    "kind": "variable",
                    "name": "responses",
                  },
                ],
                "kind": "call",
                "what": Name {
                  "kind": "name",
                  "name": "http_server",
                  "resolution": "uqn",
                },
              },
            },
            "kind": "expressionstatement",
          },
          Echo {
            "expressions": Array [
              Call {
                "arguments": Array [
                  Variable {
                    "curly": false,
                    "kind": "variable",
                    "name": "uri",
                  },
                  Boolean {
                    "kind": "boolean",
                    "raw": "false",
                    "value": false,
                  },
                  Variable {
                    "curly": false,
                    "kind": "variable",
                    "name": "ctx",
                  },
                ],
                "kind": "call",
                "what": Name {
                  "kind": "name",
                  "name": "file_get_contents",
                  "resolution": "uqn",
                },
              },
            ],
            "kind": "echo",
            "shortForm": false,
          },
          Echo {
            "expressions": Array [
              String {
                "isDoubleQuote": true,
                "kind": "string",
                "raw": "\\"\\\\n\\"",
                "unicode": false,
                "value": "
",
              },
            ],
            "kind": "echo",
            "shortForm": false,
          },
          Echo {
            "expressions": Array [
              Call {
                "arguments": Array [
                  Variable {
                    "curly": false,
                    "kind": "variable",
                    "name": "uri",
                  },
                  Boolean {
                    "kind": "boolean",
                    "raw": "false",
                    "value": false,
                  },
                  Variable {
                    "curly": false,
                    "kind": "variable",
                    "name": "ctx",
                  },
                ],
                "kind": "call",
                "what": Name {
                  "kind": "name",
                  "name": "file_get_contents",
                  "resolution": "uqn",
                },
              },
            ],
            "kind": "echo",
            "shortForm": false,
          },
          Echo {
            "expressions": Array [
              String {
                "isDoubleQuote": true,
                "kind": "string",
                "raw": "\\"\\\\n\\"",
                "unicode": false,
                "value": "
",
              },
            ],
            "kind": "echo",
            "shortForm": false,
          },
          ExpressionStatement {
            "expression": Call {
              "arguments": Array [
                Variable {
                  "curly": false,
                  "kind": "variable",
                  "name": "pid",
                },
              ],
              "kind": "call",
              "what": Name {
                "kind": "name",
                "name": "http_server_kill",
                "resolution": "uqn",
              },
            },
            "kind": "expressionstatement",
          },
        ],
        "kind": "block",
      },
      "byref": false,
      "kind": "function",
      "name": Identifier {
        "kind": "identifier",
        "name": "do_test",
      },
      "nullable": false,
      "type": null,
    },
    ExpressionStatement {
      "expression": Call {
        "arguments": Array [
          Number {
            "kind": "number",
            "value": "0",
          },
        ],
        "kind": "call",
        "what": Name {
          "kind": "name",
          "name": "do_test",
          "resolution": "uqn",
        },
      },
      "kind": "expressionstatement",
    },
    Echo {
      "expressions": Array [
        String {
          "isDoubleQuote": true,
          "kind": "string",
          "raw": "\\"\\\\n\\"",
          "unicode": false,
          "value": "
",
        },
      ],
      "kind": "echo",
      "shortForm": false,
    },
    ExpressionStatement {
      "expression": Call {
        "arguments": Array [
          Number {
            "kind": "number",
            "value": "1",
          },
        ],
        "kind": "call",
        "what": Name {
          "kind": "name",
          "name": "do_test",
          "resolution": "uqn",
        },
      },
      "kind": "expressionstatement",
    },
    Echo {
      "expressions": Array [
        String {
          "isDoubleQuote": true,
          "kind": "string",
          "raw": "\\"\\\\n\\"",
          "unicode": false,
          "value": "
",
        },
      ],
      "kind": "echo",
      "shortForm": false,
    },
    ExpressionStatement {
      "expression": Call {
        "arguments": Array [
          Number {
            "kind": "number",
            "value": "2",
          },
        ],
        "kind": "call",
        "what": Name {
          "kind": "name",
          "name": "do_test",
          "resolution": "uqn",
        },
      },
      "kind": "expressionstatement",
    },
    Echo {
      "expressions": Array [
        String {
          "isDoubleQuote": true,
          "kind": "string",
          "raw": "\\"\\\\n\\"",
          "unicode": false,
          "value": "
",
        },
      ],
      "kind": "echo",
      "shortForm": false,
    },
    ExpressionStatement {
      "expression": Call {
        "arguments": Array [
          Number {
            "kind": "number",
            "value": "1",
          },
          Boolean {
            "kind": "boolean",
            "raw": "true",
            "value": true,
          },
        ],
        "kind": "call",
        "what": Name {
          "kind": "name",
          "name": "do_test",
          "resolution": "uqn",
        },
      },
      "kind": "expressionstatement",
    },
    Echo {
      "expressions": Array [
        String {
          "isDoubleQuote": true,
          "kind": "string",
          "raw": "\\"\\\\n\\"",
          "unicode": false,
          "value": "
",
        },
      ],
      "kind": "echo",
      "shortForm": false,
    },
  ],
  "errors": Array [],
  "kind": "program",
}
`;
