// Jest Snapshot v1, https://goo.gl/fbAQLP

exports[`php-src tests Uninitialized PDO objects 1`] = `
Program {
  "children": Array [
    Class {
      "attrGroups": Array [],
      "body": Array [
        Method {
          "arguments": Array [],
          "attrGroups": Array [],
          "body": Block {
            "children": Array [],
            "kind": "block",
          },
          "byref": false,
          "isAbstract": false,
          "isFinal": false,
          "isStatic": false,
          "kind": "method",
          "name": Identifier {
            "kind": "identifier",
            "name": "__construct",
          },
          "nullable": false,
          "type": null,
          "visibility": "public",
        },
      ],
      "extends": Name {
        "kind": "name",
        "name": "PDO",
        "resolution": "uqn",
      },
      "implements": null,
      "isAbstract": false,
      "isAnonymous": false,
      "isFinal": false,
      "kind": "class",
      "name": Identifier {
        "kind": "identifier",
        "name": "MyPDO",
      },
    },
    Class {
      "attrGroups": Array [],
      "body": Array [
        Method {
          "arguments": Array [],
          "attrGroups": Array [],
          "body": Block {
            "children": Array [],
            "kind": "block",
          },
          "byref": false,
          "isAbstract": false,
          "isFinal": false,
          "isStatic": false,
          "kind": "method",
          "name": Identifier {
            "kind": "identifier",
            "name": "__construct",
          },
          "nullable": false,
          "type": null,
          "visibility": "public",
        },
      ],
      "extends": Name {
        "kind": "name",
        "name": "PDOStatement",
        "resolution": "uqn",
      },
      "implements": null,
      "isAbstract": false,
      "isAnonymous": false,
      "isFinal": false,
      "kind": "class",
      "name": Identifier {
        "kind": "identifier",
        "name": "MyPDOStatement",
      },
    },
    ExpressionStatement {
      "expression": Assign {
        "kind": "assign",
        "left": Variable {
          "curly": false,
          "kind": "variable",
          "name": "pdo",
        },
        "operator": "=",
        "right": New {
          "arguments": Array [],
          "kind": "new",
          "what": Name {
            "kind": "name",
            "name": "MyPDO",
            "resolution": "uqn",
          },
        },
      },
      "kind": "expressionstatement",
    },
    Try {
      "always": null,
      "body": Block {
        "children": Array [
          ExpressionStatement {
            "expression": Call {
              "arguments": Array [
                String {
                  "isDoubleQuote": true,
                  "kind": "string",
                  "raw": "\\"foo\\"",
                  "unicode": false,
                  "value": "foo",
                },
              ],
              "kind": "call",
              "what": PropertyLookup {
                "kind": "propertylookup",
                "offset": Identifier {
                  "kind": "identifier",
                  "name": "query",
                },
                "what": Variable {
                  "curly": false,
                  "kind": "variable",
                  "name": "pdo",
                },
              },
            },
            "kind": "expressionstatement",
          },
        ],
        "kind": "block",
      },
      "catches": Array [
        Catch {
          "body": Block {
            "children": Array [
              Echo {
                "expressions": Array [
                  Call {
                    "arguments": Array [],
                    "kind": "call",
                    "what": PropertyLookup {
                      "kind": "propertylookup",
                      "offset": Identifier {
                        "kind": "identifier",
                        "name": "getMessage",
                      },
                      "what": Variable {
                        "curly": false,
                        "kind": "variable",
                        "name": "e",
                      },
                    },
                  },
                  String {
                    "isDoubleQuote": true,
                    "kind": "string",
                    "raw": "\\"\\\\n\\"",
                    "unicode": false,
                    "value": "
",
                  },
                ],
                "kind": "echo",
                "shortForm": false,
              },
            ],
            "kind": "block",
          },
          "kind": "catch",
          "variable": Variable {
            "curly": false,
            "kind": "variable",
            "name": "e",
          },
          "what": Array [
            Name {
              "kind": "name",
              "name": "Error",
              "resolution": "uqn",
            },
          ],
        },
      ],
      "kind": "try",
    },
    ExpressionStatement {
      "expression": Assign {
        "kind": "assign",
        "left": Variable {
          "curly": false,
          "kind": "variable",
          "name": "stmt",
        },
        "operator": "=",
        "right": New {
          "arguments": Array [],
          "kind": "new",
          "what": Name {
            "kind": "name",
            "name": "MyPDOStatement",
            "resolution": "uqn",
          },
        },
      },
      "kind": "expressionstatement",
    },
    Try {
      "always": null,
      "body": Block {
        "children": Array [
          ExpressionStatement {
            "expression": Call {
              "arguments": Array [],
              "kind": "call",
              "what": PropertyLookup {
                "kind": "propertylookup",
                "offset": Identifier {
                  "kind": "identifier",
                  "name": "fetch",
                },
                "what": Variable {
                  "curly": false,
                  "kind": "variable",
                  "name": "stmt",
                },
              },
            },
            "kind": "expressionstatement",
          },
        ],
        "kind": "block",
      },
      "catches": Array [
        Catch {
          "body": Block {
            "children": Array [
              Echo {
                "expressions": Array [
                  Call {
                    "arguments": Array [],
                    "kind": "call",
                    "what": PropertyLookup {
                      "kind": "propertylookup",
                      "offset": Identifier {
                        "kind": "identifier",
                        "name": "getMessage",
                      },
                      "what": Variable {
                        "curly": false,
                        "kind": "variable",
                        "name": "e",
                      },
                    },
                  },
                  String {
                    "isDoubleQuote": true,
                    "kind": "string",
                    "raw": "\\"\\\\n\\"",
                    "unicode": false,
                    "value": "
",
                  },
                ],
                "kind": "echo",
                "shortForm": false,
              },
            ],
            "kind": "block",
          },
          "kind": "catch",
          "variable": Variable {
            "curly": false,
            "kind": "variable",
            "name": "e",
          },
          "what": Array [
            Name {
              "kind": "name",
              "name": "Error",
              "resolution": "uqn",
            },
          ],
        },
      ],
      "kind": "try",
    },
    ExpressionStatement {
      "expression": Assign {
        "kind": "assign",
        "left": Variable {
          "curly": false,
          "kind": "variable",
          "name": "stmt",
        },
        "operator": "=",
        "right": New {
          "arguments": Array [],
          "kind": "new",
          "what": Name {
            "kind": "name",
            "name": "MyPDOStatement",
            "resolution": "uqn",
          },
        },
      },
      "kind": "expressionstatement",
    },
    Try {
      "always": null,
      "body": Block {
        "children": Array [
          Foreach {
            "body": Block {
              "children": Array [],
              "kind": "block",
            },
            "key": null,
            "kind": "foreach",
            "shortForm": false,
            "source": Variable {
              "curly": false,
              "kind": "variable",
              "name": "stmt",
            },
            "value": Variable {
              "curly": false,
              "kind": "variable",
              "name": "row",
            },
          },
        ],
        "kind": "block",
      },
      "catches": Array [
        Catch {
          "body": Block {
            "children": Array [
              Echo {
                "expressions": Array [
                  Call {
                    "arguments": Array [],
                    "kind": "call",
                    "what": PropertyLookup {
                      "kind": "propertylookup",
                      "offset": Identifier {
                        "kind": "identifier",
                        "name": "getMessage",
                      },
                      "what": Variable {
                        "curly": false,
                        "kind": "variable",
                        "name": "e",
                      },
                    },
                  },
                  String {
                    "isDoubleQuote": true,
                    "kind": "string",
                    "raw": "\\"\\\\n\\"",
                    "unicode": false,
                    "value": "
",
                  },
                ],
                "kind": "echo",
                "shortForm": false,
              },
            ],
            "kind": "block",
          },
          "kind": "catch",
          "variable": Variable {
            "curly": false,
            "kind": "variable",
            "name": "e",
          },
          "what": Array [
            Name {
              "kind": "name",
              "name": "Error",
              "resolution": "uqn",
            },
          ],
        },
      ],
      "kind": "try",
    },
  ],
  "errors": Array [],
  "kind": "program",
}
`;
