// Jest Snapshot v1, https://goo.gl/fbAQLP

exports[`php-src tests Bug #76755 (setcookie does not accept "double" type for expire time) 1`] = `
Program {
  "children": Array [
    ExpressionStatement {
      "expression": Call {
        "arguments": Array [
          Call {
            "arguments": Array [
              String {
                "isDoubleQuote": false,
                "kind": "string",
                "raw": "'name'",
                "unicode": false,
                "value": "name",
              },
              String {
                "isDoubleQuote": false,
                "kind": "string",
                "raw": "'value'",
                "unicode": false,
                "value": "value",
              },
              Cast {
                "expr": Bin {
                  "kind": "bin",
                  "left": Call {
                    "arguments": Array [],
                    "kind": "call",
                    "what": Name {
                      "kind": "name",
                      "name": "time",
                      "resolution": "uqn",
                    },
                  },
                  "parenthesizedExpression": true,
                  "right": Number {
                    "kind": "number",
                    "value": "1296000",
                  },
                  "type": "+",
                },
                "kind": "cast",
                "raw": "(float)",
                "type": "float",
              },
            ],
            "kind": "call",
            "what": Name {
              "kind": "name",
              "name": "setcookie",
              "resolution": "uqn",
            },
          },
        ],
        "kind": "call",
        "what": Name {
          "kind": "name",
          "name": "var_dump",
          "resolution": "uqn",
        },
      },
      "kind": "expressionstatement",
    },
  ],
  "errors": Array [],
  "kind": "program",
}
`;
