// Jest Snapshot v1, https://goo.gl/fbAQLP

exports[`php-src tests curl_multi_close closed by cleanup functions 1`] = `
Program {
  "children": Array [
    ExpressionStatement {
      "expression": Assign {
        "kind": "assign",
        "left": Variable {
          "curly": false,
          "kind": "variable",
          "name": "mh",
        },
        "operator": "=",
        "right": Call {
          "arguments": Array [],
          "kind": "call",
          "what": Name {
            "kind": "name",
            "name": "curl_multi_init",
            "resolution": "uqn",
          },
        },
      },
      "kind": "expressionstatement",
    },
    ExpressionStatement {
      "expression": Assign {
        "kind": "assign",
        "left": Variable {
          "curly": false,
          "kind": "variable",
          "name": "array",
        },
        "operator": "=",
        "right": Array {
          "items": Array [
            Entry {
              "byRef": false,
              "key": null,
              "kind": "entry",
              "unpack": false,
              "value": Variable {
                "curly": false,
                "kind": "variable",
                "name": "mh",
              },
            },
          ],
          "kind": "array",
          "shortForm": false,
        },
      },
      "kind": "expressionstatement",
    },
    ExpressionStatement {
      "expression": AssignRef {
        "kind": "assignref",
        "left": OffsetLookup {
          "kind": "offsetlookup",
          "offset": false,
          "what": Variable {
            "curly": false,
            "kind": "variable",
            "name": "array",
          },
        },
        "right": Variable {
          "curly": false,
          "kind": "variable",
          "name": "array",
        },
      },
      "kind": "expressionstatement",
    },
    ExpressionStatement {
      "expression": Call {
        "arguments": Array [
          Variable {
            "curly": false,
            "kind": "variable",
            "name": "mh",
          },
          Call {
            "arguments": Array [],
            "kind": "call",
            "what": Name {
              "kind": "name",
              "name": "curl_init",
              "resolution": "uqn",
            },
          },
        ],
        "kind": "call",
        "what": Name {
          "kind": "name",
          "name": "curl_multi_add_handle",
          "resolution": "uqn",
        },
      },
      "kind": "expressionstatement",
    },
    ExpressionStatement {
      "expression": Call {
        "arguments": Array [
          Variable {
            "curly": false,
            "kind": "variable",
            "name": "mh",
          },
          Call {
            "arguments": Array [],
            "kind": "call",
            "what": Name {
              "kind": "name",
              "name": "curl_init",
              "resolution": "uqn",
            },
          },
        ],
        "kind": "call",
        "what": Name {
          "kind": "name",
          "name": "curl_multi_add_handle",
          "resolution": "uqn",
        },
      },
      "kind": "expressionstatement",
    },
    ExpressionStatement {
      "expression": Call {
        "arguments": Array [
          Variable {
            "curly": false,
            "kind": "variable",
            "name": "mh",
          },
          Call {
            "arguments": Array [],
            "kind": "call",
            "what": Name {
              "kind": "name",
              "name": "curl_init",
              "resolution": "uqn",
            },
          },
        ],
        "kind": "call",
        "what": Name {
          "kind": "name",
          "name": "curl_multi_add_handle",
          "resolution": "uqn",
        },
      },
      "kind": "expressionstatement",
    },
    ExpressionStatement {
      "expression": Call {
        "arguments": Array [
          Variable {
            "curly": false,
            "kind": "variable",
            "name": "mh",
          },
          Call {
            "arguments": Array [],
            "kind": "call",
            "what": Name {
              "kind": "name",
              "name": "curl_init",
              "resolution": "uqn",
            },
          },
        ],
        "kind": "call",
        "what": Name {
          "kind": "name",
          "name": "curl_multi_add_handle",
          "resolution": "uqn",
        },
      },
      "kind": "expressionstatement",
    },
    Echo {
      "expressions": Array [
        String {
          "isDoubleQuote": true,
          "kind": "string",
          "raw": "\\"okey\\"",
          "unicode": false,
          "value": "okey",
        },
      ],
      "kind": "echo",
      "shortForm": false,
    },
  ],
  "errors": Array [],
  "kind": "program",
}
`;
