// Jest Snapshot v1, https://goo.gl/fbAQLP

exports[`php-src tests session_unset() without a initialized session 1`] = `
Program {
  "children": Array [
    ExpressionStatement {
      "expression": Call {
        "arguments": Array [
          Name {
            "kind": "name",
            "name": "E_ALL",
            "resolution": "uqn",
          },
        ],
        "kind": "call",
        "what": Name {
          "kind": "name",
          "name": "error_reporting",
          "resolution": "uqn",
        },
      },
      "kind": "expressionstatement",
    },
    ExpressionStatement {
      "expression": Call {
        "arguments": Array [],
        "kind": "call",
        "what": Name {
          "kind": "name",
          "name": "session_unset",
          "resolution": "uqn",
        },
      },
      "kind": "expressionstatement",
    },
    ExpressionStatement {
      "expression": Print {
        "expression": String {
          "isDoubleQuote": true,
          "kind": "string",
          "raw": "\\"ok\\\\n\\"",
          "unicode": false,
          "value": "ok
",
        },
        "kind": "print",
      },
      "kind": "expressionstatement",
    },
  ],
  "errors": Array [],
  "kind": "program",
}
`;
