// Jest Snapshot v1, https://goo.gl/fbAQLP

exports[`php-src tests numfmt_get/set_text_attribute() ICU >= 56.1 1`] = `
Program {
  "children": Array [
    _Function {
      "arguments": Array [],
      "attrGroups": Array [],
      "body": Block {
        "children": Array [
          ExpressionStatement {
            "expression": Assign {
              "kind": "assign",
              "left": Variable {
                "curly": false,
                "kind": "variable",
                "name": "long_str",
              },
              "operator": "=",
              "right": Call {
                "arguments": Array [
                  String {
                    "isDoubleQuote": false,
                    "kind": "string",
                    "raw": "'blah'",
                    "unicode": false,
                    "value": "blah",
                  },
                  Number {
                    "kind": "number",
                    "value": "100",
                  },
                ],
                "kind": "call",
                "what": Name {
                  "kind": "name",
                  "name": "str_repeat",
                  "resolution": "uqn",
                },
              },
            },
            "kind": "expressionstatement",
          },
          ExpressionStatement {
            "expression": Assign {
              "kind": "assign",
              "left": Variable {
                "curly": false,
                "kind": "variable",
                "name": "attributes",
              },
              "operator": "=",
              "right": Array {
                "items": Array [
                  Entry {
                    "byRef": false,
                    "key": String {
                      "isDoubleQuote": false,
                      "kind": "string",
                      "raw": "'POSITIVE_PREFIX'",
                      "unicode": false,
                      "value": "POSITIVE_PREFIX",
                    },
                    "kind": "entry",
                    "unpack": false,
                    "value": Array {
                      "items": Array [
                        Entry {
                          "byRef": false,
                          "key": null,
                          "kind": "entry",
                          "unpack": false,
                          "value": StaticLookup {
                            "kind": "staticlookup",
                            "offset": Identifier {
                              "kind": "identifier",
                              "name": "POSITIVE_PREFIX",
                            },
                            "what": Name {
                              "kind": "name",
                              "name": "NumberFormatter",
                              "resolution": "uqn",
                            },
                          },
                        },
                        Entry {
                          "byRef": false,
                          "key": null,
                          "kind": "entry",
                          "unpack": false,
                          "value": String {
                            "isDoubleQuote": false,
                            "kind": "string",
                            "raw": "'_+_'",
                            "unicode": false,
                            "value": "_+_",
                          },
                        },
                        Entry {
                          "byRef": false,
                          "key": null,
                          "kind": "entry",
                          "unpack": false,
                          "value": Number {
                            "kind": "number",
                            "value": "12345.1234",
                          },
                        },
                      ],
                      "kind": "array",
                      "shortForm": false,
                    },
                  },
                  Entry {
                    "byRef": false,
                    "key": String {
                      "isDoubleQuote": false,
                      "kind": "string",
                      "raw": "'POSITIVE_SUFFIX'",
                      "unicode": false,
                      "value": "POSITIVE_SUFFIX",
                    },
                    "kind": "entry",
                    "unpack": false,
                    "value": Array {
                      "items": Array [
                        Entry {
                          "byRef": false,
                          "key": null,
                          "kind": "entry",
                          "unpack": false,
                          "value": StaticLookup {
                            "kind": "staticlookup",
                            "offset": Identifier {
                              "kind": "identifier",
                              "name": "POSITIVE_SUFFIX",
                            },
                            "what": Name {
                              "kind": "name",
                              "name": "NumberFormatter",
                              "resolution": "uqn",
                            },
                          },
                        },
                        Entry {
                          "byRef": false,
                          "key": null,
                          "kind": "entry",
                          "unpack": false,
                          "value": String {
                            "isDoubleQuote": false,
                            "kind": "string",
                            "raw": "'_+_'",
                            "unicode": false,
                            "value": "_+_",
                          },
                        },
                        Entry {
                          "byRef": false,
                          "key": null,
                          "kind": "entry",
                          "unpack": false,
                          "value": Number {
                            "kind": "number",
                            "value": "12345.1234",
                          },
                        },
                      ],
                      "kind": "array",
                      "shortForm": false,
                    },
                  },
                  Entry {
                    "byRef": false,
                    "key": String {
                      "isDoubleQuote": false,
                      "kind": "string",
                      "raw": "'NEGATIVE_PREFIX'",
                      "unicode": false,
                      "value": "NEGATIVE_PREFIX",
                    },
                    "kind": "entry",
                    "unpack": false,
                    "value": Array {
                      "items": Array [
                        Entry {
                          "byRef": false,
                          "key": null,
                          "kind": "entry",
                          "unpack": false,
                          "value": StaticLookup {
                            "kind": "staticlookup",
                            "offset": Identifier {
                              "kind": "identifier",
                              "name": "NEGATIVE_PREFIX",
                            },
                            "what": Name {
                              "kind": "name",
                              "name": "NumberFormatter",
                              "resolution": "uqn",
                            },
                          },
                        },
                        Entry {
                          "byRef": false,
                          "key": null,
                          "kind": "entry",
                          "unpack": false,
                          "value": String {
                            "isDoubleQuote": false,
                            "kind": "string",
                            "raw": "'_-_'",
                            "unicode": false,
                            "value": "_-_",
                          },
                        },
                        Entry {
                          "byRef": false,
                          "key": null,
                          "kind": "entry",
                          "unpack": false,
                          "value": Unary {
                            "kind": "unary",
                            "type": "-",
                            "what": Number {
                              "kind": "number",
                              "value": "12345.1234",
                            },
                          },
                        },
                      ],
                      "kind": "array",
                      "shortForm": false,
                    },
                  },
                  Entry {
                    "byRef": false,
                    "key": String {
                      "isDoubleQuote": false,
                      "kind": "string",
                      "raw": "'NEGATIVE_SUFFIX'",
                      "unicode": false,
                      "value": "NEGATIVE_SUFFIX",
                    },
                    "kind": "entry",
                    "unpack": false,
                    "value": Array {
                      "items": Array [
                        Entry {
                          "byRef": false,
                          "key": null,
                          "kind": "entry",
                          "unpack": false,
                          "value": StaticLookup {
                            "kind": "staticlookup",
                            "offset": Identifier {
                              "kind": "identifier",
                              "name": "NEGATIVE_SUFFIX",
                            },
                            "what": Name {
                              "kind": "name",
                              "name": "NumberFormatter",
                              "resolution": "uqn",
                            },
                          },
                        },
                        Entry {
                          "byRef": false,
                          "key": null,
                          "kind": "entry",
                          "unpack": false,
                          "value": String {
                            "isDoubleQuote": false,
                            "kind": "string",
                            "raw": "'_-_'",
                            "unicode": false,
                            "value": "_-_",
                          },
                        },
                        Entry {
                          "byRef": false,
                          "key": null,
                          "kind": "entry",
                          "unpack": false,
                          "value": Unary {
                            "kind": "unary",
                            "type": "-",
                            "what": Number {
                              "kind": "number",
                              "value": "12345.1234",
                            },
                          },
                        },
                      ],
                      "kind": "array",
                      "shortForm": false,
                    },
                  },
                  Entry {
                    "byRef": false,
                    "key": String {
                      "isDoubleQuote": false,
                      "kind": "string",
                      "raw": "'PADDING_CHARACTER'",
                      "unicode": false,
                      "value": "PADDING_CHARACTER",
                    },
                    "kind": "entry",
                    "unpack": false,
                    "value": Array {
                      "items": Array [
                        Entry {
                          "byRef": false,
                          "key": null,
                          "kind": "entry",
                          "unpack": false,
                          "value": StaticLookup {
                            "kind": "staticlookup",
                            "offset": Identifier {
                              "kind": "identifier",
                              "name": "PADDING_CHARACTER",
                            },
                            "what": Name {
                              "kind": "name",
                              "name": "NumberFormatter",
                              "resolution": "uqn",
                            },
                          },
                        },
                        Entry {
                          "byRef": false,
                          "key": null,
                          "kind": "entry",
                          "unpack": false,
                          "value": String {
                            "isDoubleQuote": false,
                            "kind": "string",
                            "raw": "'^'",
                            "unicode": false,
                            "value": "^",
                          },
                        },
                        Entry {
                          "byRef": false,
                          "key": null,
                          "kind": "entry",
                          "unpack": false,
                          "value": Number {
                            "kind": "number",
                            "value": "12345.1234",
                          },
                        },
                      ],
                      "kind": "array",
                      "shortForm": false,
                    },
                  },
                  Entry {
                    "byRef": false,
                    "key": String {
                      "isDoubleQuote": false,
                      "kind": "string",
                      "raw": "'POSITIVE_PREFIX-2'",
                      "unicode": false,
                      "value": "POSITIVE_PREFIX-2",
                    },
                    "kind": "entry",
                    "unpack": false,
                    "value": Array {
                      "items": Array [
                        Entry {
                          "byRef": false,
                          "key": null,
                          "kind": "entry",
                          "unpack": false,
                          "value": StaticLookup {
                            "kind": "staticlookup",
                            "offset": Identifier {
                              "kind": "identifier",
                              "name": "POSITIVE_PREFIX",
                            },
                            "what": Name {
                              "kind": "name",
                              "name": "NumberFormatter",
                              "resolution": "uqn",
                            },
                          },
                        },
                        Entry {
                          "byRef": false,
                          "key": null,
                          "kind": "entry",
                          "unpack": false,
                          "value": Variable {
                            "curly": false,
                            "kind": "variable",
                            "name": "long_str",
                          },
                        },
                        Entry {
                          "byRef": false,
                          "key": null,
                          "kind": "entry",
                          "unpack": false,
                          "value": Number {
                            "kind": "number",
                            "value": "12345.1234",
                          },
                        },
                      ],
                      "kind": "array",
                      "shortForm": false,
                    },
                  },
                ],
                "kind": "array",
                "shortForm": false,
              },
            },
            "kind": "expressionstatement",
          },
          ExpressionStatement {
            "expression": Assign {
              "kind": "assign",
              "left": Variable {
                "curly": false,
                "kind": "variable",
                "name": "res_str",
              },
              "operator": "=",
              "right": String {
                "isDoubleQuote": false,
                "kind": "string",
                "raw": "''",
                "unicode": false,
                "value": "",
              },
            },
            "kind": "expressionstatement",
          },
          ExpressionStatement {
            "expression": Assign {
              "kind": "assign",
              "left": Variable {
                "curly": false,
                "kind": "variable",
                "name": "fmt",
              },
              "operator": "=",
              "right": Call {
                "arguments": Array [
                  String {
                    "isDoubleQuote": true,
                    "kind": "string",
                    "raw": "\\"en_US\\"",
                    "unicode": false,
                    "value": "en_US",
                  },
                  StaticLookup {
                    "kind": "staticlookup",
                    "offset": Identifier {
                      "kind": "identifier",
                      "name": "DECIMAL",
                    },
                    "what": Name {
                      "kind": "name",
                      "name": "NumberFormatter",
                      "resolution": "uqn",
                    },
                  },
                ],
                "kind": "call",
                "what": Name {
                  "kind": "name",
                  "name": "ut_nfmt_create",
                  "resolution": "uqn",
                },
              },
            },
            "kind": "expressionstatement",
          },
          Foreach {
            "body": Block {
              "children": Array [
                ExpressionStatement {
                  "expression": Assign {
                    "kind": "assign",
                    "left": List {
                      "items": Array [
                        Entry {
                          "byRef": false,
                          "key": null,
                          "kind": "entry",
                          "unpack": false,
                          "value": Variable {
                            "curly": false,
                            "kind": "variable",
                            "name": "attr",
                          },
                        },
                        Entry {
                          "byRef": false,
                          "key": null,
                          "kind": "entry",
                          "unpack": false,
                          "value": Variable {
                            "curly": false,
                            "kind": "variable",
                            "name": "new_val",
                          },
                        },
                        Entry {
                          "byRef": false,
                          "key": null,
                          "kind": "entry",
                          "unpack": false,
                          "value": Variable {
                            "curly": false,
                            "kind": "variable",
                            "name": "test_number",
                          },
                        },
                      ],
                      "kind": "list",
                      "shortForm": false,
                    },
                    "operator": "=",
                    "right": Variable {
                      "curly": false,
                      "kind": "variable",
                      "name": "data",
                    },
                  },
                  "kind": "expressionstatement",
                },
                ExpressionStatement {
                  "expression": Assign {
                    "kind": "assign",
                    "left": Variable {
                      "curly": false,
                      "kind": "variable",
                      "name": "res_str",
                    },
                    "operator": ".=",
                    "right": Encapsed {
                      "kind": "encapsed",
                      "raw": "\\"\\\\nAttribute $attr_name\\\\n\\"",
                      "type": "string",
                      "value": Array [
                        EncapsedPart {
                          "curly": false,
                          "expression": String {
                            "isDoubleQuote": false,
                            "kind": "string",
                            "raw": "\\\\nAttribute ",
                            "unicode": false,
                            "value": "
Attribute ",
                          },
                          "kind": "encapsedpart",
                          "syntax": null,
                        },
                        EncapsedPart {
                          "curly": false,
                          "expression": Variable {
                            "curly": false,
                            "kind": "variable",
                            "name": "attr_name",
                          },
                          "kind": "encapsedpart",
                          "syntax": "simple",
                        },
                        EncapsedPart {
                          "curly": false,
                          "expression": String {
                            "isDoubleQuote": false,
                            "kind": "string",
                            "raw": "\\\\n",
                            "unicode": false,
                            "value": "",
                          },
                          "kind": "encapsedpart",
                          "syntax": null,
                        },
                      ],
                    },
                  },
                  "kind": "expressionstatement",
                },
                If {
                  "alternate": null,
                  "body": ExpressionStatement {
                    "expression": Call {
                      "arguments": Array [
                        Variable {
                          "curly": false,
                          "kind": "variable",
                          "name": "fmt",
                        },
                        StaticLookup {
                          "kind": "staticlookup",
                          "offset": Identifier {
                            "kind": "identifier",
                            "name": "FORMAT_WIDTH",
                          },
                          "what": Name {
                            "kind": "name",
                            "name": "NumberFormatter",
                            "resolution": "uqn",
                          },
                        },
                        Number {
                          "kind": "number",
                          "value": "21",
                        },
                      ],
                      "kind": "call",
                      "what": Name {
                        "kind": "name",
                        "name": "ut_nfmt_set_attribute",
                        "resolution": "uqn",
                      },
                    },
                    "kind": "expressionstatement",
                  },
                  "kind": "if",
                  "shortForm": false,
                  "test": Bin {
                    "kind": "bin",
                    "left": Variable {
                      "curly": false,
                      "kind": "variable",
                      "name": "attr",
                    },
                    "right": StaticLookup {
                      "kind": "staticlookup",
                      "offset": Identifier {
                        "kind": "identifier",
                        "name": "PADDING_CHARACTER",
                      },
                      "what": Name {
                        "kind": "name",
                        "name": "NumberFormatter",
                        "resolution": "uqn",
                      },
                    },
                    "type": "==",
                  },
                },
                ExpressionStatement {
                  "expression": Assign {
                    "kind": "assign",
                    "left": Variable {
                      "curly": false,
                      "kind": "variable",
                      "name": "def_val",
                    },
                    "operator": "=",
                    "right": Call {
                      "arguments": Array [
                        Variable {
                          "curly": false,
                          "kind": "variable",
                          "name": "fmt",
                        },
                        Variable {
                          "curly": false,
                          "kind": "variable",
                          "name": "attr",
                        },
                      ],
                      "kind": "call",
                      "what": Name {
                        "kind": "name",
                        "name": "ut_nfmt_get_text_attribute",
                        "resolution": "uqn",
                      },
                    },
                  },
                  "kind": "expressionstatement",
                },
                If {
                  "alternate": null,
                  "body": ExpressionStatement {
                    "expression": Assign {
                      "kind": "assign",
                      "left": Variable {
                        "curly": false,
                        "kind": "variable",
                        "name": "res_str",
                      },
                      "operator": ".=",
                      "right": Bin {
                        "kind": "bin",
                        "left": Bin {
                          "kind": "bin",
                          "left": String {
                            "isDoubleQuote": true,
                            "kind": "string",
                            "raw": "\\"get_text_attribute() error: \\"",
                            "unicode": false,
                            "value": "get_text_attribute() error: ",
                          },
                          "right": Call {
                            "arguments": Array [
                              Variable {
                                "curly": false,
                                "kind": "variable",
                                "name": "fmt",
                              },
                            ],
                            "kind": "call",
                            "what": Name {
                              "kind": "name",
                              "name": "ut_nfmt_get_error_message",
                              "resolution": "uqn",
                            },
                          },
                          "type": ".",
                        },
                        "right": String {
                          "isDoubleQuote": true,
                          "kind": "string",
                          "raw": "\\"\\\\n\\"",
                          "unicode": false,
                          "value": "
",
                        },
                        "type": ".",
                      },
                    },
                    "kind": "expressionstatement",
                  },
                  "kind": "if",
                  "shortForm": false,
                  "test": Bin {
                    "kind": "bin",
                    "left": Variable {
                      "curly": false,
                      "kind": "variable",
                      "name": "def_val",
                    },
                    "right": Boolean {
                      "kind": "boolean",
                      "raw": "false",
                      "value": false,
                    },
                    "type": "===",
                  },
                },
                ExpressionStatement {
                  "expression": Assign {
                    "kind": "assign",
                    "left": Variable {
                      "curly": false,
                      "kind": "variable",
                      "name": "res_str",
                    },
                    "operator": ".=",
                    "right": Encapsed {
                      "kind": "encapsed",
                      "raw": "\\"Default value: [$def_val]\\\\n\\"",
                      "type": "string",
                      "value": Array [
                        EncapsedPart {
                          "curly": false,
                          "expression": String {
                            "isDoubleQuote": false,
                            "kind": "string",
                            "raw": "Default value: [",
                            "unicode": false,
                            "value": "Default value: [",
                          },
                          "kind": "encapsedpart",
                          "syntax": null,
                        },
                        EncapsedPart {
                          "curly": false,
                          "expression": Variable {
                            "curly": false,
                            "kind": "variable",
                            "name": "def_val",
                          },
                          "kind": "encapsedpart",
                          "syntax": "simple",
                        },
                        EncapsedPart {
                          "curly": false,
                          "expression": String {
                            "isDoubleQuote": false,
                            "kind": "string",
                            "raw": "]\\\\n",
                            "unicode": false,
                            "value": "]",
                          },
                          "kind": "encapsedpart",
                          "syntax": null,
                        },
                      ],
                    },
                  },
                  "kind": "expressionstatement",
                },
                ExpressionStatement {
                  "expression": Assign {
                    "kind": "assign",
                    "left": Variable {
                      "curly": false,
                      "kind": "variable",
                      "name": "res_str",
                    },
                    "operator": ".=",
                    "right": Bin {
                      "kind": "bin",
                      "left": Bin {
                        "kind": "bin",
                        "left": String {
                          "isDoubleQuote": true,
                          "kind": "string",
                          "raw": "\\"Formatting number with default value: \\"",
                          "unicode": false,
                          "value": "Formatting number with default value: ",
                        },
                        "right": Call {
                          "arguments": Array [
                            Variable {
                              "curly": false,
                              "kind": "variable",
                              "name": "fmt",
                            },
                            Variable {
                              "curly": false,
                              "kind": "variable",
                              "name": "test_number",
                            },
                          ],
                          "kind": "call",
                          "what": Name {
                            "kind": "name",
                            "name": "ut_nfmt_format",
                            "resolution": "uqn",
                          },
                        },
                        "type": ".",
                      },
                      "right": String {
                        "isDoubleQuote": true,
                        "kind": "string",
                        "raw": "\\"\\\\n\\"",
                        "unicode": false,
                        "value": "
",
                      },
                      "type": ".",
                    },
                  },
                  "kind": "expressionstatement",
                },
                ExpressionStatement {
                  "expression": Assign {
                    "kind": "assign",
                    "left": Variable {
                      "curly": false,
                      "kind": "variable",
                      "name": "res_val",
                    },
                    "operator": "=",
                    "right": Call {
                      "arguments": Array [
                        Variable {
                          "curly": false,
                          "kind": "variable",
                          "name": "fmt",
                        },
                        Variable {
                          "curly": false,
                          "kind": "variable",
                          "name": "attr",
                        },
                        Variable {
                          "curly": false,
                          "kind": "variable",
                          "name": "new_val",
                        },
                      ],
                      "kind": "call",
                      "what": Name {
                        "kind": "name",
                        "name": "ut_nfmt_set_text_attribute",
                        "resolution": "uqn",
                      },
                    },
                  },
                  "kind": "expressionstatement",
                },
                If {
                  "alternate": null,
                  "body": ExpressionStatement {
                    "expression": Assign {
                      "kind": "assign",
                      "left": Variable {
                        "curly": false,
                        "kind": "variable",
                        "name": "res_str",
                      },
                      "operator": ".=",
                      "right": Bin {
                        "kind": "bin",
                        "left": Bin {
                          "kind": "bin",
                          "left": String {
                            "isDoubleQuote": true,
                            "kind": "string",
                            "raw": "\\"set_text_attribute() error: \\"",
                            "unicode": false,
                            "value": "set_text_attribute() error: ",
                          },
                          "right": Call {
                            "arguments": Array [
                              Variable {
                                "curly": false,
                                "kind": "variable",
                                "name": "fmt",
                              },
                            ],
                            "kind": "call",
                            "what": Name {
                              "kind": "name",
                              "name": "ut_nfmt_get_error_message",
                              "resolution": "uqn",
                            },
                          },
                          "type": ".",
                        },
                        "right": String {
                          "isDoubleQuote": true,
                          "kind": "string",
                          "raw": "\\"\\\\n\\"",
                          "unicode": false,
                          "value": "
",
                        },
                        "type": ".",
                      },
                    },
                    "kind": "expressionstatement",
                  },
                  "kind": "if",
                  "shortForm": false,
                  "test": Unary {
                    "kind": "unary",
                    "type": "!",
                    "what": Variable {
                      "curly": false,
                      "kind": "variable",
                      "name": "res_val",
                    },
                  },
                },
                ExpressionStatement {
                  "expression": Assign {
                    "kind": "assign",
                    "left": Variable {
                      "curly": false,
                      "kind": "variable",
                      "name": "new_val_check",
                    },
                    "operator": "=",
                    "right": Call {
                      "arguments": Array [
                        Variable {
                          "curly": false,
                          "kind": "variable",
                          "name": "fmt",
                        },
                        Variable {
                          "curly": false,
                          "kind": "variable",
                          "name": "attr",
                        },
                      ],
                      "kind": "call",
                      "what": Name {
                        "kind": "name",
                        "name": "ut_nfmt_get_text_attribute",
                        "resolution": "uqn",
                      },
                    },
                  },
                  "kind": "expressionstatement",
                },
                ExpressionStatement {
                  "expression": Assign {
                    "kind": "assign",
                    "left": Variable {
                      "curly": false,
                      "kind": "variable",
                      "name": "res_str",
                    },
                    "operator": ".=",
                    "right": Encapsed {
                      "kind": "encapsed",
                      "raw": "\\"New value: [$new_val_check]\\\\n\\"",
                      "type": "string",
                      "value": Array [
                        EncapsedPart {
                          "curly": false,
                          "expression": String {
                            "isDoubleQuote": false,
                            "kind": "string",
                            "raw": "New value: [",
                            "unicode": false,
                            "value": "New value: [",
                          },
                          "kind": "encapsedpart",
                          "syntax": null,
                        },
                        EncapsedPart {
                          "curly": false,
                          "expression": Variable {
                            "curly": false,
                            "kind": "variable",
                            "name": "new_val_check",
                          },
                          "kind": "encapsedpart",
                          "syntax": "simple",
                        },
                        EncapsedPart {
                          "curly": false,
                          "expression": String {
                            "isDoubleQuote": false,
                            "kind": "string",
                            "raw": "]\\\\n",
                            "unicode": false,
                            "value": "]",
                          },
                          "kind": "encapsedpart",
                          "syntax": null,
                        },
                      ],
                    },
                  },
                  "kind": "expressionstatement",
                },
                ExpressionStatement {
                  "expression": Assign {
                    "kind": "assign",
                    "left": Variable {
                      "curly": false,
                      "kind": "variable",
                      "name": "res_str",
                    },
                    "operator": ".=",
                    "right": Bin {
                      "kind": "bin",
                      "left": Bin {
                        "kind": "bin",
                        "left": String {
                          "isDoubleQuote": true,
                          "kind": "string",
                          "raw": "\\"Formatting number with new value: \\"",
                          "unicode": false,
                          "value": "Formatting number with new value: ",
                        },
                        "right": Call {
                          "arguments": Array [
                            Variable {
                              "curly": false,
                              "kind": "variable",
                              "name": "fmt",
                            },
                            Variable {
                              "curly": false,
                              "kind": "variable",
                              "name": "test_number",
                            },
                          ],
                          "kind": "call",
                          "what": Name {
                            "kind": "name",
                            "name": "ut_nfmt_format",
                            "resolution": "uqn",
                          },
                        },
                        "type": ".",
                      },
                      "right": String {
                        "isDoubleQuote": true,
                        "kind": "string",
                        "raw": "\\"\\\\n\\"",
                        "unicode": false,
                        "value": "
",
                      },
                      "type": ".",
                    },
                  },
                  "kind": "expressionstatement",
                },
                If {
                  "alternate": null,
                  "body": ExpressionStatement {
                    "expression": Assign {
                      "kind": "assign",
                      "left": Variable {
                        "curly": false,
                        "kind": "variable",
                        "name": "res_str",
                      },
                      "operator": ".=",
                      "right": Encapsed {
                        "kind": "encapsed",
                        "raw": "\\"ERROR: New $attr_name symbol value has not been set correctly.\\\\n\\"",
                        "type": "string",
                        "value": Array [
                          EncapsedPart {
                            "curly": false,
                            "expression": String {
                              "isDoubleQuote": false,
                              "kind": "string",
                              "raw": "ERROR: New ",
                              "unicode": false,
                              "value": "ERROR: New ",
                            },
                            "kind": "encapsedpart",
                            "syntax": null,
                          },
                          EncapsedPart {
                            "curly": false,
                            "expression": Variable {
                              "curly": false,
                              "kind": "variable",
                              "name": "attr_name",
                            },
                            "kind": "encapsedpart",
                            "syntax": "simple",
                          },
                          EncapsedPart {
                            "curly": false,
                            "expression": String {
                              "isDoubleQuote": false,
                              "kind": "string",
                              "raw": " symbol value has not been set correctly.\\\\n",
                              "unicode": false,
                              "value": " symbol value has not been set correctly.",
                            },
                            "kind": "encapsedpart",
                            "syntax": null,
                          },
                        ],
                      },
                    },
                    "kind": "expressionstatement",
                  },
                  "kind": "if",
                  "shortForm": false,
                  "test": Bin {
                    "kind": "bin",
                    "left": Variable {
                      "curly": false,
                      "kind": "variable",
                      "name": "new_val",
                    },
                    "right": Variable {
                      "curly": false,
                      "kind": "variable",
                      "name": "new_val_check",
                    },
                    "type": "!==",
                  },
                },
                ExpressionStatement {
                  "expression": Call {
                    "arguments": Array [
                      Variable {
                        "curly": false,
                        "kind": "variable",
                        "name": "fmt",
                      },
                      Variable {
                        "curly": false,
                        "kind": "variable",
                        "name": "attr",
                      },
                      Variable {
                        "curly": false,
                        "kind": "variable",
                        "name": "def_val",
                      },
                    ],
                    "kind": "call",
                    "what": Name {
                      "kind": "name",
                      "name": "ut_nfmt_set_text_attribute",
                      "resolution": "uqn",
                    },
                  },
                  "kind": "expressionstatement",
                },
                If {
                  "alternate": null,
                  "body": ExpressionStatement {
                    "expression": Call {
                      "arguments": Array [
                        Variable {
                          "curly": false,
                          "kind": "variable",
                          "name": "fmt",
                        },
                        StaticLookup {
                          "kind": "staticlookup",
                          "offset": Identifier {
                            "kind": "identifier",
                            "name": "FORMAT_WIDTH",
                          },
                          "what": Name {
                            "kind": "name",
                            "name": "NumberFormatter",
                            "resolution": "uqn",
                          },
                        },
                        Number {
                          "kind": "number",
                          "value": "0",
                        },
                      ],
                      "kind": "call",
                      "what": Name {
                        "kind": "name",
                        "name": "ut_nfmt_set_attribute",
                        "resolution": "uqn",
                      },
                    },
                    "kind": "expressionstatement",
                  },
                  "kind": "if",
                  "shortForm": false,
                  "test": Bin {
                    "kind": "bin",
                    "left": Variable {
                      "curly": false,
                      "kind": "variable",
                      "name": "attr",
                    },
                    "right": StaticLookup {
                      "kind": "staticlookup",
                      "offset": Identifier {
                        "kind": "identifier",
                        "name": "PADDING_CHARACTER",
                      },
                      "what": Name {
                        "kind": "name",
                        "name": "NumberFormatter",
                        "resolution": "uqn",
                      },
                    },
                    "type": "==",
                  },
                },
              ],
              "kind": "block",
            },
            "key": Variable {
              "curly": false,
              "kind": "variable",
              "name": "attr_name",
            },
            "kind": "foreach",
            "shortForm": false,
            "source": Variable {
              "curly": false,
              "kind": "variable",
              "name": "attributes",
            },
            "value": Variable {
              "curly": false,
              "kind": "variable",
              "name": "data",
            },
          },
          ExpressionStatement {
            "expression": Assign {
              "kind": "assign",
              "left": Variable {
                "curly": false,
                "kind": "variable",
                "name": "fmt",
              },
              "operator": "=",
              "right": Call {
                "arguments": Array [
                  String {
                    "isDoubleQuote": true,
                    "kind": "string",
                    "raw": "\\"uk_UA\\"",
                    "unicode": false,
                    "value": "uk_UA",
                  },
                  StaticLookup {
                    "kind": "staticlookup",
                    "offset": Identifier {
                      "kind": "identifier",
                      "name": "CURRENCY",
                    },
                    "what": Name {
                      "kind": "name",
                      "name": "NumberFormatter",
                      "resolution": "uqn",
                    },
                  },
                ],
                "kind": "call",
                "what": Name {
                  "kind": "name",
                  "name": "ut_nfmt_create",
                  "resolution": "uqn",
                },
              },
            },
            "kind": "expressionstatement",
          },
          ExpressionStatement {
            "expression": Assign {
              "kind": "assign",
              "left": Variable {
                "curly": false,
                "kind": "variable",
                "name": "res_str",
              },
              "operator": ".=",
              "right": Call {
                "arguments": Array [
                  String {
                    "isDoubleQuote": true,
                    "kind": "string",
                    "raw": "\\"\\\\nCurrency ISO-code for locale 'uk_UA' is: %s\\\\n\\"",
                    "unicode": false,
                    "value": "
Currency ISO-code for locale 'uk_UA' is: %s
",
                  },
                  Call {
                    "arguments": Array [
                      Variable {
                        "curly": false,
                        "kind": "variable",
                        "name": "fmt",
                      },
                      StaticLookup {
                        "kind": "staticlookup",
                        "offset": Identifier {
                          "kind": "identifier",
                          "name": "CURRENCY_CODE",
                        },
                        "what": Name {
                          "kind": "name",
                          "name": "NumberFormatter",
                          "resolution": "uqn",
                        },
                      },
                    ],
                    "kind": "call",
                    "what": Name {
                      "kind": "name",
                      "name": "ut_nfmt_get_text_attribute",
                      "resolution": "uqn",
                    },
                  },
                ],
                "kind": "call",
                "what": Name {
                  "kind": "name",
                  "name": "sprintf",
                  "resolution": "uqn",
                },
              },
            },
            "kind": "expressionstatement",
          },
          Return {
            "expr": Variable {
              "curly": false,
              "kind": "variable",
              "name": "res_str",
            },
            "kind": "return",
          },
        ],
        "kind": "block",
      },
      "byref": false,
      "kind": "function",
      "name": Identifier {
        "kind": "identifier",
        "name": "ut_main",
      },
      "nullable": false,
      "type": null,
    },
    ExpressionStatement {
      "expression": Include {
        "kind": "include",
        "once": true,
        "require": false,
        "target": String {
          "isDoubleQuote": false,
          "kind": "string",
          "parenthesizedExpression": true,
          "raw": "'ut_common.inc'",
          "unicode": false,
          "value": "ut_common.inc",
        },
      },
      "kind": "expressionstatement",
    },
    ExpressionStatement {
      "expression": Call {
        "arguments": Array [],
        "kind": "call",
        "what": Name {
          "kind": "name",
          "name": "ut_run",
          "resolution": "uqn",
        },
      },
      "kind": "expressionstatement",
    },
  ],
  "errors": Array [],
  "kind": "program",
}
`;
