// Jest Snapshot v1, https://goo.gl/fbAQLP

exports[`php-src tests PCRE Recursion limit 1`] = `
Program {
  "children": Array [
    ExpressionStatement {
      "expression": Call {
        "arguments": Array [
          Call {
            "arguments": Array [
              String {
                "isDoubleQuote": false,
                "kind": "string",
                "raw": "'/\\\\p{Ll}(\\\\p{L}((\\\\p{Ll}\\\\p{Ll})))/'",
                "unicode": false,
                "value": "/\\\\p{Ll}(\\\\p{L}((\\\\p{Ll}\\\\p{Ll})))/",
              },
              String {
                "isDoubleQuote": false,
                "kind": "string",
                "raw": "'aeiou'",
                "unicode": false,
                "value": "aeiou",
              },
              Variable {
                "curly": false,
                "kind": "variable",
                "name": "dummy",
              },
            ],
            "kind": "call",
            "what": Name {
              "kind": "name",
              "name": "preg_match_all",
              "resolution": "uqn",
            },
          },
        ],
        "kind": "call",
        "what": Name {
          "kind": "name",
          "name": "var_dump",
          "resolution": "uqn",
        },
      },
      "kind": "expressionstatement",
    },
    ExpressionStatement {
      "expression": Call {
        "arguments": Array [
          Bin {
            "kind": "bin",
            "left": Call {
              "arguments": Array [],
              "kind": "call",
              "what": Name {
                "kind": "name",
                "name": "preg_last_error",
                "resolution": "uqn",
              },
            },
            "right": Name {
              "kind": "name",
              "name": "PREG_RECURSION_LIMIT_ERROR",
              "resolution": "uqn",
            },
            "type": "===",
          },
        ],
        "kind": "call",
        "what": Name {
          "kind": "name",
          "name": "var_dump",
          "resolution": "uqn",
        },
      },
      "kind": "expressionstatement",
    },
    ExpressionStatement {
      "expression": Call {
        "arguments": Array [
          Call {
            "arguments": Array [
              String {
                "isDoubleQuote": false,
                "kind": "string",
                "raw": "'/\\\\p{Ll}\\\\p{L}\\\\p{Ll}\\\\p{Ll}/'",
                "unicode": false,
                "value": "/\\\\p{Ll}\\\\p{L}\\\\p{Ll}\\\\p{Ll}/",
              },
              String {
                "isDoubleQuote": false,
                "kind": "string",
                "raw": "'aeiou'",
                "unicode": false,
                "value": "aeiou",
              },
              Variable {
                "curly": false,
                "kind": "variable",
                "name": "dummy",
              },
            ],
            "kind": "call",
            "what": Name {
              "kind": "name",
              "name": "preg_match_all",
              "resolution": "uqn",
            },
          },
        ],
        "kind": "call",
        "what": Name {
          "kind": "name",
          "name": "var_dump",
          "resolution": "uqn",
        },
      },
      "kind": "expressionstatement",
    },
    ExpressionStatement {
      "expression": Call {
        "arguments": Array [
          Bin {
            "kind": "bin",
            "left": Call {
              "arguments": Array [],
              "kind": "call",
              "what": Name {
                "kind": "name",
                "name": "preg_last_error",
                "resolution": "uqn",
              },
            },
            "right": Name {
              "kind": "name",
              "name": "PREG_NO_ERROR",
              "resolution": "uqn",
            },
            "type": "===",
          },
        ],
        "kind": "call",
        "what": Name {
          "kind": "name",
          "name": "var_dump",
          "resolution": "uqn",
        },
      },
      "kind": "expressionstatement",
    },
  ],
  "errors": Array [],
  "kind": "program",
}
`;
