// Jest Snapshot v1, https://goo.gl/fbAQLP

exports[`php-src tests Invalid State Error when getting data on DOMCharacterData out of content. 1`] = `
Program {
  "children": Array [
    ExpressionStatement {
      "expression": Assign {
        "kind": "assign",
        "left": Variable {
          "curly": false,
          "kind": "variable",
          "name": "character_data",
        },
        "operator": "=",
        "right": New {
          "arguments": Array [],
          "kind": "new",
          "what": Name {
            "kind": "name",
            "name": "DOMCharacterData",
            "resolution": "uqn",
          },
        },
      },
      "kind": "expressionstatement",
    },
    Try {
      "always": null,
      "body": Block {
        "children": Array [
          ExpressionStatement {
            "expression": Print {
              "expression": PropertyLookup {
                "kind": "propertylookup",
                "offset": Identifier {
                  "kind": "identifier",
                  "name": "data",
                },
                "what": Variable {
                  "curly": false,
                  "kind": "variable",
                  "name": "character_data",
                },
              },
              "kind": "print",
            },
            "kind": "expressionstatement",
          },
        ],
        "kind": "block",
      },
      "catches": Array [
        Catch {
          "body": Block {
            "children": Array [
              Echo {
                "expressions": Array [
                  Bin {
                    "kind": "bin",
                    "left": Call {
                      "arguments": Array [],
                      "kind": "call",
                      "what": PropertyLookup {
                        "kind": "propertylookup",
                        "offset": Identifier {
                          "kind": "identifier",
                          "name": "getMessage",
                        },
                        "what": Variable {
                          "curly": false,
                          "kind": "variable",
                          "name": "exception",
                        },
                      },
                    },
                    "right": String {
                      "isDoubleQuote": true,
                      "kind": "string",
                      "raw": "\\"\\\\n\\"",
                      "unicode": false,
                      "value": "
",
                    },
                    "type": ".",
                  },
                ],
                "kind": "echo",
                "shortForm": false,
              },
            ],
            "kind": "block",
          },
          "kind": "catch",
          "variable": Variable {
            "curly": false,
            "kind": "variable",
            "name": "exception",
          },
          "what": Array [
            Name {
              "kind": "name",
              "name": "DOMException",
              "resolution": "uqn",
            },
          ],
        },
      ],
      "kind": "try",
    },
  ],
  "errors": Array [],
  "kind": "program",
}
`;
