// Jest Snapshot v1, https://goo.gl/fbAQLP

exports[`php-src tests Bug #71600 (oci_fetch_all result in segfault when select more than 8 columns) 1`] = `
Program {
  "children": Array [
    ExpressionStatement {
      "expression": Include {
        "kind": "include",
        "once": false,
        "require": true,
        "target": Bin {
          "kind": "bin",
          "left": Magic {
            "kind": "magic",
            "raw": "__DIR__",
            "value": "__DIR__",
          },
          "parenthesizedExpression": true,
          "right": String {
            "isDoubleQuote": false,
            "kind": "string",
            "raw": "'/connect.inc'",
            "unicode": false,
            "value": "/connect.inc",
          },
          "type": ".",
        },
      },
      "kind": "expressionstatement",
    },
    ExpressionStatement {
      "expression": Assign {
        "kind": "assign",
        "left": Variable {
          "curly": false,
          "kind": "variable",
          "name": "stmtarray",
        },
        "operator": "=",
        "right": Array {
          "items": Array [
            Entry {
              "byRef": false,
              "key": null,
              "kind": "entry",
              "unpack": false,
              "value": String {
                "isDoubleQuote": true,
                "kind": "string",
                "raw": "\\"create table bug71600_tab (col1 number, col2 number, col3 number,
                                     col4 number, col5 number, col6 number,
                                     col7 number, col8 number, col9 number)\\"",
                "unicode": false,
                "value": "create table bug71600_tab (col1 number, col2 number, col3 number,
                                     col4 number, col5 number, col6 number,
                                     col7 number, col8 number, col9 number)",
              },
            },
            Entry {
              "byRef": false,
              "key": null,
              "kind": "entry",
              "unpack": false,
              "value": String {
                "isDoubleQuote": true,
                "kind": "string",
                "raw": "\\"insert into bug71600_tab values(1, 2, 3, 4, 5, 6, 7, 8, 9)\\"",
                "unicode": false,
                "value": "insert into bug71600_tab values(1, 2, 3, 4, 5, 6, 7, 8, 9)",
              },
            },
            Entry {
              "byRef": false,
              "key": null,
              "kind": "entry",
              "unpack": false,
              "value": String {
                "isDoubleQuote": true,
                "kind": "string",
                "raw": "\\"insert into bug71600_tab values(11, 12, 13, 14, 15, 16, 17, 18, 19)\\"",
                "unicode": false,
                "value": "insert into bug71600_tab values(11, 12, 13, 14, 15, 16, 17, 18, 19)",
              },
            },
          ],
          "kind": "array",
          "shortForm": false,
        },
      },
      "kind": "expressionstatement",
    },
    ExpressionStatement {
      "expression": Call {
        "arguments": Array [
          Variable {
            "curly": false,
            "kind": "variable",
            "name": "c",
          },
          Variable {
            "curly": false,
            "kind": "variable",
            "name": "stmtarray",
          },
        ],
        "kind": "call",
        "what": Name {
          "kind": "name",
          "name": "oci8_test_sql_execute",
          "resolution": "uqn",
        },
      },
      "kind": "expressionstatement",
    },
    ExpressionStatement {
      "expression": Assign {
        "kind": "assign",
        "left": Variable {
          "curly": false,
          "kind": "variable",
          "name": "sql",
        },
        "operator": "=",
        "right": String {
          "isDoubleQuote": true,
          "kind": "string",
          "raw": "\\"select col1,col2,col3,col4,col5,col6,col7,col8,col9 from bug71600_tab\\"",
          "unicode": false,
          "value": "select col1,col2,col3,col4,col5,col6,col7,col8,col9 from bug71600_tab",
        },
      },
      "kind": "expressionstatement",
    },
    Echo {
      "expressions": Array [
        String {
          "isDoubleQuote": true,
          "kind": "string",
          "raw": "\\"Test 1\\\\n\\"",
          "unicode": false,
          "value": "Test 1
",
        },
      ],
      "kind": "echo",
      "shortForm": false,
    },
    ExpressionStatement {
      "expression": Assign {
        "kind": "assign",
        "left": Variable {
          "curly": false,
          "kind": "variable",
          "name": "stmt",
        },
        "operator": "=",
        "right": Call {
          "arguments": Array [
            Variable {
              "curly": false,
              "kind": "variable",
              "name": "c",
            },
            Variable {
              "curly": false,
              "kind": "variable",
              "name": "sql",
            },
          ],
          "kind": "call",
          "what": Name {
            "kind": "name",
            "name": "oci_parse",
            "resolution": "uqn",
          },
        },
      },
      "kind": "expressionstatement",
    },
    Echo {
      "expressions": Array [
        String {
          "isDoubleQuote": true,
          "kind": "string",
          "raw": "\\"Executing SELECT statament...\\\\n\\"",
          "unicode": false,
          "value": "Executing SELECT statament...
",
        },
      ],
      "kind": "echo",
      "shortForm": false,
    },
    ExpressionStatement {
      "expression": Call {
        "arguments": Array [
          Variable {
            "curly": false,
            "kind": "variable",
            "name": "stmt",
          },
          Name {
            "kind": "name",
            "name": "OCI_DEFAULT",
            "resolution": "uqn",
          },
        ],
        "kind": "call",
        "what": Name {
          "kind": "name",
          "name": "oci_execute",
          "resolution": "uqn",
        },
      },
      "kind": "expressionstatement",
    },
    Echo {
      "expressions": Array [
        String {
          "isDoubleQuote": true,
          "kind": "string",
          "raw": "\\"Fetching data by columns...\\\\n\\"",
          "unicode": false,
          "value": "Fetching data by columns...
",
        },
      ],
      "kind": "echo",
      "shortForm": false,
    },
    ExpressionStatement {
      "expression": Call {
        "arguments": Array [
          Variable {
            "curly": false,
            "kind": "variable",
            "name": "stmt",
          },
          Variable {
            "curly": false,
            "kind": "variable",
            "name": "result",
          },
        ],
        "kind": "call",
        "what": Name {
          "kind": "name",
          "name": "oci_fetch_all",
          "resolution": "uqn",
        },
      },
      "kind": "expressionstatement",
    },
    ExpressionStatement {
      "expression": Call {
        "arguments": Array [
          Variable {
            "curly": false,
            "kind": "variable",
            "name": "stmt",
          },
        ],
        "kind": "call",
        "what": Name {
          "kind": "name",
          "name": "oci_free_statement",
          "resolution": "uqn",
        },
      },
      "kind": "expressionstatement",
    },
    ExpressionStatement {
      "expression": Assign {
        "kind": "assign",
        "left": Variable {
          "curly": false,
          "kind": "variable",
          "name": "rsRows",
        },
        "operator": "=",
        "right": Bin {
          "kind": "bin",
          "left": Bin {
            "kind": "bin",
            "left": Call {
              "arguments": Array [
                Variable {
                  "curly": false,
                  "kind": "variable",
                  "name": "result",
                },
                Number {
                  "kind": "number",
                  "value": "1",
                },
              ],
              "kind": "call",
              "what": Name {
                "kind": "name",
                "name": "count",
                "resolution": "uqn",
              },
            },
            "parenthesizedExpression": true,
            "right": Assign {
              "kind": "assign",
              "left": Variable {
                "curly": false,
                "kind": "variable",
                "name": "rows",
              },
              "operator": "=",
              "parenthesizedExpression": true,
              "right": Call {
                "arguments": Array [
                  Variable {
                    "curly": false,
                    "kind": "variable",
                    "name": "result",
                  },
                  Number {
                    "kind": "number",
                    "value": "0",
                  },
                ],
                "kind": "call",
                "what": Name {
                  "kind": "name",
                  "name": "count",
                  "resolution": "uqn",
                },
              },
            },
            "type": "/",
          },
          "right": Number {
            "kind": "number",
            "value": "1",
          },
          "type": "-",
        },
      },
      "kind": "expressionstatement",
    },
    Echo {
      "expressions": Array [
        Encapsed {
          "kind": "encapsed",
          "raw": "\\"$rsRows Records Found\\\\n\\"",
          "type": "string",
          "value": Array [
            EncapsedPart {
              "curly": false,
              "expression": Variable {
                "curly": false,
                "kind": "variable",
                "name": "rsRows",
              },
              "kind": "encapsedpart",
              "syntax": "simple",
            },
            EncapsedPart {
              "curly": false,
              "expression": String {
                "isDoubleQuote": false,
                "kind": "string",
                "raw": " Records Found\\\\n",
                "unicode": false,
                "value": " Records Found",
              },
              "kind": "encapsedpart",
              "syntax": null,
            },
          ],
        },
      ],
      "kind": "echo",
      "shortForm": false,
    },
    ExpressionStatement {
      "expression": Assign {
        "kind": "assign",
        "left": Variable {
          "curly": false,
          "kind": "variable",
          "name": "rsCount",
        },
        "operator": "=",
        "right": Number {
          "kind": "number",
          "value": "0",
        },
      },
      "kind": "expressionstatement",
    },
    While {
      "body": Block {
        "children": Array [
          ExpressionStatement {
            "expression": Assign {
              "kind": "assign",
              "left": Variable {
                "curly": false,
                "kind": "variable",
                "name": "col1",
              },
              "operator": "=",
              "right": OffsetLookup {
                "kind": "offsetlookup",
                "offset": Variable {
                  "curly": false,
                  "kind": "variable",
                  "name": "rsCount",
                },
                "what": OffsetLookup {
                  "kind": "offsetlookup",
                  "offset": String {
                    "isDoubleQuote": false,
                    "kind": "string",
                    "raw": "'COL1'",
                    "unicode": false,
                    "value": "COL1",
                  },
                  "what": Variable {
                    "curly": false,
                    "kind": "variable",
                    "name": "result",
                  },
                },
              },
            },
            "kind": "expressionstatement",
          },
          ExpressionStatement {
            "expression": Assign {
              "kind": "assign",
              "left": Variable {
                "curly": false,
                "kind": "variable",
                "name": "col9",
              },
              "operator": "=",
              "right": OffsetLookup {
                "kind": "offsetlookup",
                "offset": Variable {
                  "curly": false,
                  "kind": "variable",
                  "name": "rsCount",
                },
                "what": OffsetLookup {
                  "kind": "offsetlookup",
                  "offset": String {
                    "isDoubleQuote": false,
                    "kind": "string",
                    "raw": "'COL9'",
                    "unicode": false,
                    "value": "COL9",
                  },
                  "what": Variable {
                    "curly": false,
                    "kind": "variable",
                    "name": "result",
                  },
                },
              },
            },
            "kind": "expressionstatement",
          },
          Echo {
            "expressions": Array [
              Encapsed {
                "kind": "encapsed",
                "raw": "\\"$rsCount|$col1|$col9\\\\n\\"",
                "type": "string",
                "value": Array [
                  EncapsedPart {
                    "curly": false,
                    "expression": Variable {
                      "curly": false,
                      "kind": "variable",
                      "name": "rsCount",
                    },
                    "kind": "encapsedpart",
                    "syntax": "simple",
                  },
                  EncapsedPart {
                    "curly": false,
                    "expression": String {
                      "isDoubleQuote": false,
                      "kind": "string",
                      "raw": "|",
                      "unicode": false,
                      "value": "|",
                    },
                    "kind": "encapsedpart",
                    "syntax": null,
                  },
                  EncapsedPart {
                    "curly": false,
                    "expression": Variable {
                      "curly": false,
                      "kind": "variable",
                      "name": "col1",
                    },
                    "kind": "encapsedpart",
                    "syntax": "simple",
                  },
                  EncapsedPart {
                    "curly": false,
                    "expression": String {
                      "isDoubleQuote": false,
                      "kind": "string",
                      "raw": "|",
                      "unicode": false,
                      "value": "|",
                    },
                    "kind": "encapsedpart",
                    "syntax": null,
                  },
                  EncapsedPart {
                    "curly": false,
                    "expression": Variable {
                      "curly": false,
                      "kind": "variable",
                      "name": "col9",
                    },
                    "kind": "encapsedpart",
                    "syntax": "simple",
                  },
                  EncapsedPart {
                    "curly": false,
                    "expression": String {
                      "isDoubleQuote": false,
                      "kind": "string",
                      "raw": "\\\\n",
                      "unicode": false,
                      "value": "",
                    },
                    "kind": "encapsedpart",
                    "syntax": null,
                  },
                ],
              },
            ],
            "kind": "echo",
            "shortForm": false,
          },
          ExpressionStatement {
            "expression": Post {
              "kind": "post",
              "type": "+",
              "what": Variable {
                "curly": false,
                "kind": "variable",
                "name": "rsCount",
              },
            },
            "kind": "expressionstatement",
          },
        ],
        "kind": "block",
      },
      "kind": "while",
      "shortForm": false,
      "test": Bin {
        "kind": "bin",
        "left": Variable {
          "curly": false,
          "kind": "variable",
          "name": "rsCount",
        },
        "right": Variable {
          "curly": false,
          "kind": "variable",
          "name": "rsRows",
        },
        "type": "<",
      },
    },
    Echo {
      "expressions": Array [
        String {
          "isDoubleQuote": true,
          "kind": "string",
          "raw": "\\"Test 2\\\\n\\"",
          "unicode": false,
          "value": "Test 2
",
        },
      ],
      "kind": "echo",
      "shortForm": false,
    },
    ExpressionStatement {
      "expression": Assign {
        "kind": "assign",
        "left": Variable {
          "curly": false,
          "kind": "variable",
          "name": "stmt",
        },
        "operator": "=",
        "right": Call {
          "arguments": Array [
            Variable {
              "curly": false,
              "kind": "variable",
              "name": "c",
            },
            Variable {
              "curly": false,
              "kind": "variable",
              "name": "sql",
            },
          ],
          "kind": "call",
          "what": Name {
            "kind": "name",
            "name": "oci_parse",
            "resolution": "uqn",
          },
        },
      },
      "kind": "expressionstatement",
    },
    Echo {
      "expressions": Array [
        String {
          "isDoubleQuote": true,
          "kind": "string",
          "raw": "\\"Re-executing SELECT statament...\\\\n\\"",
          "unicode": false,
          "value": "Re-executing SELECT statament...
",
        },
      ],
      "kind": "echo",
      "shortForm": false,
    },
    ExpressionStatement {
      "expression": Call {
        "arguments": Array [
          Variable {
            "curly": false,
            "kind": "variable",
            "name": "stmt",
          },
          Name {
            "kind": "name",
            "name": "OCI_DEFAULT",
            "resolution": "uqn",
          },
        ],
        "kind": "call",
        "what": Name {
          "kind": "name",
          "name": "oci_execute",
          "resolution": "uqn",
        },
      },
      "kind": "expressionstatement",
    },
    Echo {
      "expressions": Array [
        String {
          "isDoubleQuote": true,
          "kind": "string",
          "raw": "\\"Fetching data by rows...\\\\n\\"",
          "unicode": false,
          "value": "Fetching data by rows...
",
        },
      ],
      "kind": "echo",
      "shortForm": false,
    },
    ExpressionStatement {
      "expression": Call {
        "arguments": Array [
          Variable {
            "curly": false,
            "kind": "variable",
            "name": "stmt",
          },
          Variable {
            "curly": false,
            "kind": "variable",
            "name": "result",
          },
          Number {
            "kind": "number",
            "value": "0",
          },
          Unary {
            "kind": "unary",
            "type": "-",
            "what": Number {
              "kind": "number",
              "value": "1",
            },
          },
          Name {
            "kind": "name",
            "name": "OCI_FETCHSTATEMENT_BY_ROW",
            "resolution": "uqn",
          },
        ],
        "kind": "call",
        "what": Name {
          "kind": "name",
          "name": "oci_fetch_all",
          "resolution": "uqn",
        },
      },
      "kind": "expressionstatement",
    },
    ExpressionStatement {
      "expression": Call {
        "arguments": Array [
          Variable {
            "curly": false,
            "kind": "variable",
            "name": "stmt",
          },
        ],
        "kind": "call",
        "what": Name {
          "kind": "name",
          "name": "oci_free_statement",
          "resolution": "uqn",
        },
      },
      "kind": "expressionstatement",
    },
    ExpressionStatement {
      "expression": Assign {
        "kind": "assign",
        "left": Variable {
          "curly": false,
          "kind": "variable",
          "name": "rsRows",
        },
        "operator": "=",
        "right": Call {
          "arguments": Array [
            Variable {
              "curly": false,
              "kind": "variable",
              "name": "result",
            },
            Number {
              "kind": "number",
              "value": "0",
            },
          ],
          "kind": "call",
          "what": Name {
            "kind": "name",
            "name": "count",
            "resolution": "uqn",
          },
        },
      },
      "kind": "expressionstatement",
    },
    Echo {
      "expressions": Array [
        Encapsed {
          "kind": "encapsed",
          "raw": "\\"$rsRows Records Found\\\\n\\"",
          "type": "string",
          "value": Array [
            EncapsedPart {
              "curly": false,
              "expression": Variable {
                "curly": false,
                "kind": "variable",
                "name": "rsRows",
              },
              "kind": "encapsedpart",
              "syntax": "simple",
            },
            EncapsedPart {
              "curly": false,
              "expression": String {
                "isDoubleQuote": false,
                "kind": "string",
                "raw": " Records Found\\\\n",
                "unicode": false,
                "value": " Records Found",
              },
              "kind": "encapsedpart",
              "syntax": null,
            },
          ],
        },
      ],
      "kind": "echo",
      "shortForm": false,
    },
    ExpressionStatement {
      "expression": Assign {
        "kind": "assign",
        "left": Variable {
          "curly": false,
          "kind": "variable",
          "name": "rsCount",
        },
        "operator": "=",
        "right": Number {
          "kind": "number",
          "value": "0",
        },
      },
      "kind": "expressionstatement",
    },
    While {
      "body": Block {
        "children": Array [
          ExpressionStatement {
            "expression": Assign {
              "kind": "assign",
              "left": Variable {
                "curly": false,
                "kind": "variable",
                "name": "col1",
              },
              "operator": "=",
              "right": OffsetLookup {
                "kind": "offsetlookup",
                "offset": String {
                  "isDoubleQuote": false,
                  "kind": "string",
                  "raw": "'COL1'",
                  "unicode": false,
                  "value": "COL1",
                },
                "what": OffsetLookup {
                  "kind": "offsetlookup",
                  "offset": Variable {
                    "curly": false,
                    "kind": "variable",
                    "name": "rsCount",
                  },
                  "what": Variable {
                    "curly": false,
                    "kind": "variable",
                    "name": "result",
                  },
                },
              },
            },
            "kind": "expressionstatement",
          },
          ExpressionStatement {
            "expression": Assign {
              "kind": "assign",
              "left": Variable {
                "curly": false,
                "kind": "variable",
                "name": "col9",
              },
              "operator": "=",
              "right": OffsetLookup {
                "kind": "offsetlookup",
                "offset": String {
                  "isDoubleQuote": false,
                  "kind": "string",
                  "raw": "'COL9'",
                  "unicode": false,
                  "value": "COL9",
                },
                "what": OffsetLookup {
                  "kind": "offsetlookup",
                  "offset": Variable {
                    "curly": false,
                    "kind": "variable",
                    "name": "rsCount",
                  },
                  "what": Variable {
                    "curly": false,
                    "kind": "variable",
                    "name": "result",
                  },
                },
              },
            },
            "kind": "expressionstatement",
          },
          Echo {
            "expressions": Array [
              Encapsed {
                "kind": "encapsed",
                "raw": "\\"$rsCount|$col1|$col9\\\\n\\"",
                "type": "string",
                "value": Array [
                  EncapsedPart {
                    "curly": false,
                    "expression": Variable {
                      "curly": false,
                      "kind": "variable",
                      "name": "rsCount",
                    },
                    "kind": "encapsedpart",
                    "syntax": "simple",
                  },
                  EncapsedPart {
                    "curly": false,
                    "expression": String {
                      "isDoubleQuote": false,
                      "kind": "string",
                      "raw": "|",
                      "unicode": false,
                      "value": "|",
                    },
                    "kind": "encapsedpart",
                    "syntax": null,
                  },
                  EncapsedPart {
                    "curly": false,
                    "expression": Variable {
                      "curly": false,
                      "kind": "variable",
                      "name": "col1",
                    },
                    "kind": "encapsedpart",
                    "syntax": "simple",
                  },
                  EncapsedPart {
                    "curly": false,
                    "expression": String {
                      "isDoubleQuote": false,
                      "kind": "string",
                      "raw": "|",
                      "unicode": false,
                      "value": "|",
                    },
                    "kind": "encapsedpart",
                    "syntax": null,
                  },
                  EncapsedPart {
                    "curly": false,
                    "expression": Variable {
                      "curly": false,
                      "kind": "variable",
                      "name": "col9",
                    },
                    "kind": "encapsedpart",
                    "syntax": "simple",
                  },
                  EncapsedPart {
                    "curly": false,
                    "expression": String {
                      "isDoubleQuote": false,
                      "kind": "string",
                      "raw": "\\\\n",
                      "unicode": false,
                      "value": "",
                    },
                    "kind": "encapsedpart",
                    "syntax": null,
                  },
                ],
              },
            ],
            "kind": "echo",
            "shortForm": false,
          },
          ExpressionStatement {
            "expression": Post {
              "kind": "post",
              "type": "+",
              "what": Variable {
                "curly": false,
                "kind": "variable",
                "name": "rsCount",
              },
            },
            "kind": "expressionstatement",
          },
        ],
        "kind": "block",
      },
      "kind": "while",
      "shortForm": false,
      "test": Bin {
        "kind": "bin",
        "left": Variable {
          "curly": false,
          "kind": "variable",
          "name": "rsCount",
        },
        "right": Variable {
          "curly": false,
          "kind": "variable",
          "name": "rsRows",
        },
        "type": "<",
      },
    },
    ExpressionStatement {
      "expression": Assign {
        "kind": "assign",
        "left": Variable {
          "curly": false,
          "kind": "variable",
          "name": "stmtarray",
        },
        "operator": "=",
        "right": Array {
          "items": Array [
            Entry {
              "byRef": false,
              "key": null,
              "kind": "entry",
              "unpack": false,
              "value": String {
                "isDoubleQuote": true,
                "kind": "string",
                "raw": "\\"drop table bug71600_tab\\"",
                "unicode": false,
                "value": "drop table bug71600_tab",
              },
            },
          ],
          "kind": "array",
          "shortForm": false,
        },
      },
      "kind": "expressionstatement",
    },
    ExpressionStatement {
      "expression": Call {
        "arguments": Array [
          Variable {
            "curly": false,
            "kind": "variable",
            "name": "c",
          },
          Variable {
            "curly": false,
            "kind": "variable",
            "name": "stmtarray",
          },
        ],
        "kind": "call",
        "what": Name {
          "kind": "name",
          "name": "oci8_test_sql_execute",
          "resolution": "uqn",
        },
      },
      "kind": "expressionstatement",
    },
  ],
  "errors": Array [],
  "kind": "program",
}
`;
