// Jest Snapshot v1, https://goo.gl/fbAQLP

exports[`php-src tests Bug #48762 (IPv6 address filter still rejects valid address) 1`] = `
Program {
  "children": Array [
    ExpressionStatement {
      "expression": Call {
        "arguments": Array [
          Call {
            "arguments": Array [
              String {
                "isDoubleQuote": false,
                "kind": "string",
                "raw": "'0b15:23::3:67.98.234.17'",
                "unicode": false,
                "value": "0b15:23::3:67.98.234.17",
              },
              Name {
                "kind": "name",
                "name": "FILTER_VALIDATE_IP",
                "resolution": "uqn",
              },
              Name {
                "kind": "name",
                "name": "FILTER_FLAG_IPV6",
                "resolution": "uqn",
              },
            ],
            "kind": "call",
            "what": Name {
              "kind": "name",
              "name": "filter_var",
              "resolution": "uqn",
            },
          },
        ],
        "kind": "call",
        "what": Name {
          "kind": "name",
          "name": "var_dump",
          "resolution": "uqn",
        },
      },
      "kind": "expressionstatement",
    },
    ExpressionStatement {
      "expression": Call {
        "arguments": Array [
          Call {
            "arguments": Array [
              String {
                "isDoubleQuote": false,
                "kind": "string",
                "raw": "'::67:78b:34.43.43.2'",
                "unicode": false,
                "value": "::67:78b:34.43.43.2",
              },
              Name {
                "kind": "name",
                "name": "FILTER_VALIDATE_IP",
                "resolution": "uqn",
              },
              Name {
                "kind": "name",
                "name": "FILTER_FLAG_IPV6",
                "resolution": "uqn",
              },
            ],
            "kind": "call",
            "what": Name {
              "kind": "name",
              "name": "filter_var",
              "resolution": "uqn",
            },
          },
        ],
        "kind": "call",
        "what": Name {
          "kind": "name",
          "name": "var_dump",
          "resolution": "uqn",
        },
      },
      "kind": "expressionstatement",
    },
  ],
  "errors": Array [],
  "kind": "program",
}
`;
