// Jest Snapshot v1, https://goo.gl/fbAQLP

exports[`php-src tests public bool ReflectionParameter::isArray ( void ); 1`] = `
Program {
  "children": Array [
    _Function {
      "arguments": Array [
        Parameter {
          "attrGroups": Array [],
          "byref": false,
          "flags": 0,
          "kind": "parameter",
          "name": Identifier {
            "kind": "identifier",
            "name": "a",
          },
          "nullable": false,
          "readonly": false,
          "type": TypeReference {
            "kind": "typereference",
            "name": "array",
            "raw": "array",
          },
          "value": null,
          "variadic": false,
        },
        Parameter {
          "attrGroups": Array [],
          "byref": false,
          "flags": 0,
          "kind": "parameter",
          "name": Identifier {
            "kind": "identifier",
            "name": "b",
          },
          "nullable": true,
          "readonly": false,
          "type": TypeReference {
            "kind": "typereference",
            "name": "array",
            "raw": "array",
          },
          "value": null,
          "variadic": false,
        },
        Parameter {
          "attrGroups": Array [],
          "byref": false,
          "flags": 0,
          "kind": "parameter",
          "name": Identifier {
            "kind": "identifier",
            "name": "c",
          },
          "nullable": false,
          "readonly": false,
          "type": TypeReference {
            "kind": "typereference",
            "name": "iterable",
            "raw": "iterable",
          },
          "value": null,
          "variadic": false,
        },
        Parameter {
          "attrGroups": Array [],
          "byref": false,
          "flags": 0,
          "kind": "parameter",
          "name": Identifier {
            "kind": "identifier",
            "name": "d",
          },
          "nullable": false,
          "readonly": false,
          "type": UnionType {
            "kind": "uniontype",
            "name": null,
            "types": Array [
              TypeReference {
                "kind": "typereference",
                "name": "array",
                "raw": "array",
              },
              TypeReference {
                "kind": "typereference",
                "name": "string",
                "raw": "string",
              },
            ],
          },
          "value": null,
          "variadic": false,
        },
      ],
      "attrGroups": Array [],
      "body": Block {
        "children": Array [],
        "kind": "block",
      },
      "byref": false,
      "kind": "function",
      "name": Identifier {
        "kind": "identifier",
        "name": "testReflectionIsArray",
      },
      "nullable": false,
      "type": null,
    },
    ExpressionStatement {
      "expression": Assign {
        "kind": "assign",
        "left": Variable {
          "curly": false,
          "kind": "variable",
          "name": "reflection",
        },
        "operator": "=",
        "right": New {
          "arguments": Array [
            String {
              "isDoubleQuote": false,
              "kind": "string",
              "raw": "'testReflectionIsArray'",
              "unicode": false,
              "value": "testReflectionIsArray",
            },
          ],
          "kind": "new",
          "what": Name {
            "kind": "name",
            "name": "ReflectionFunction",
            "resolution": "uqn",
          },
        },
      },
      "kind": "expressionstatement",
    },
    Foreach {
      "body": Block {
        "children": Array [
          ExpressionStatement {
            "expression": Call {
              "arguments": Array [
                Call {
                  "arguments": Array [],
                  "kind": "call",
                  "what": PropertyLookup {
                    "kind": "propertylookup",
                    "offset": Identifier {
                      "kind": "identifier",
                      "name": "isArray",
                    },
                    "what": Variable {
                      "curly": false,
                      "kind": "variable",
                      "name": "parameter",
                    },
                  },
                },
              ],
              "kind": "call",
              "what": Name {
                "kind": "name",
                "name": "var_dump",
                "resolution": "uqn",
              },
            },
            "kind": "expressionstatement",
          },
        ],
        "kind": "block",
      },
      "key": null,
      "kind": "foreach",
      "shortForm": false,
      "source": Call {
        "arguments": Array [],
        "kind": "call",
        "what": PropertyLookup {
          "kind": "propertylookup",
          "offset": Identifier {
            "kind": "identifier",
            "name": "getParameters",
          },
          "what": Variable {
            "curly": false,
            "kind": "variable",
            "name": "reflection",
          },
        },
      },
      "value": Variable {
        "curly": false,
        "kind": "variable",
        "name": "parameter",
      },
    },
  ],
  "errors": Array [],
  "kind": "program",
}
`;
