// Jest Snapshot v1, https://goo.gl/fbAQLP

exports[`php-src tests Test escapeshellcmd() functionality on Windows 1`] = `
Program {
  "children": Array [
    Echo {
      "expressions": Array [
        String {
          "isDoubleQuote": true,
          "kind": "string",
          "raw": "\\"*** Testing escapeshellcmd() basic operations ***\\\\n\\"",
          "unicode": false,
          "value": "*** Testing escapeshellcmd() basic operations ***
",
        },
      ],
      "kind": "echo",
      "shortForm": false,
    },
    ExpressionStatement {
      "expression": Assign {
        "kind": "assign",
        "left": Variable {
          "curly": false,
          "kind": "variable",
          "name": "data",
        },
        "operator": "=",
        "right": Array {
          "items": Array [
            Entry {
              "byRef": false,
              "key": null,
              "kind": "entry",
              "unpack": false,
              "value": String {
                "isDoubleQuote": false,
                "kind": "string",
                "raw": "'\\"abc'",
                "unicode": false,
                "value": "\\"abc",
              },
            },
            Entry {
              "byRef": false,
              "key": null,
              "kind": "entry",
              "unpack": false,
              "value": String {
                "isDoubleQuote": true,
                "kind": "string",
                "raw": "\\"'abc\\"",
                "unicode": false,
                "value": "'abc",
              },
            },
            Entry {
              "byRef": false,
              "key": null,
              "kind": "entry",
              "unpack": false,
              "value": String {
                "isDoubleQuote": false,
                "kind": "string",
                "raw": "'?<>'",
                "unicode": false,
                "value": "?<>",
              },
            },
            Entry {
              "byRef": false,
              "key": null,
              "kind": "entry",
              "unpack": false,
              "value": String {
                "isDoubleQuote": false,
                "kind": "string",
                "raw": "'()[]{}$'",
                "unicode": false,
                "value": "()[]{}$",
              },
            },
            Entry {
              "byRef": false,
              "key": null,
              "kind": "entry",
              "unpack": false,
              "value": String {
                "isDoubleQuote": false,
                "kind": "string",
                "raw": "'%^'",
                "unicode": false,
                "value": "%^",
              },
            },
            Entry {
              "byRef": false,
              "key": null,
              "kind": "entry",
              "unpack": false,
              "value": String {
                "isDoubleQuote": false,
                "kind": "string",
                "raw": "'#&;\`|*?'",
                "unicode": false,
                "value": "#&;\`|*?",
              },
            },
            Entry {
              "byRef": false,
              "key": null,
              "kind": "entry",
              "unpack": false,
              "value": String {
                "isDoubleQuote": false,
                "kind": "string",
                "raw": "'~<>\\\\\\\\'",
                "unicode": false,
                "value": "~<>\\\\",
              },
            },
            Entry {
              "byRef": false,
              "key": null,
              "kind": "entry",
              "unpack": false,
              "value": String {
                "isDoubleQuote": false,
                "kind": "string",
                "raw": "'%NOENV%'",
                "unicode": false,
                "value": "%NOENV%",
              },
            },
            Entry {
              "byRef": false,
              "key": null,
              "kind": "entry",
              "unpack": false,
              "value": String {
                "isDoubleQuote": false,
                "kind": "string",
                "raw": "'!NOENV!'",
                "unicode": false,
                "value": "!NOENV!",
              },
            },
          ],
          "kind": "array",
          "shortForm": false,
        },
      },
      "kind": "expressionstatement",
    },
    ExpressionStatement {
      "expression": Assign {
        "kind": "assign",
        "left": Variable {
          "curly": false,
          "kind": "variable",
          "name": "count",
        },
        "operator": "=",
        "right": Number {
          "kind": "number",
          "value": "1",
        },
      },
      "kind": "expressionstatement",
    },
    Foreach {
      "body": Block {
        "children": Array [
          Echo {
            "expressions": Array [
              Bin {
                "kind": "bin",
                "left": Bin {
                  "kind": "bin",
                  "left": String {
                    "isDoubleQuote": true,
                    "kind": "string",
                    "raw": "\\"-- Test \\"",
                    "unicode": false,
                    "value": "-- Test ",
                  },
                  "right": Post {
                    "kind": "post",
                    "type": "+",
                    "what": Variable {
                      "curly": false,
                      "kind": "variable",
                      "name": "count",
                    },
                  },
                  "type": ".",
                },
                "right": String {
                  "isDoubleQuote": true,
                  "kind": "string",
                  "raw": "\\" --\\\\n\\"",
                  "unicode": false,
                  "value": " --
",
                },
                "type": ".",
              },
            ],
            "kind": "echo",
            "shortForm": false,
          },
          ExpressionStatement {
            "expression": Call {
              "arguments": Array [
                Call {
                  "arguments": Array [
                    Variable {
                      "curly": false,
                      "kind": "variable",
                      "name": "value",
                    },
                  ],
                  "kind": "call",
                  "what": Name {
                    "kind": "name",
                    "name": "escapeshellcmd",
                    "resolution": "uqn",
                  },
                },
              ],
              "kind": "call",
              "what": Name {
                "kind": "name",
                "name": "var_dump",
                "resolution": "uqn",
              },
            },
            "kind": "expressionstatement",
          },
        ],
        "kind": "block",
      },
      "key": null,
      "kind": "foreach",
      "shortForm": false,
      "source": Variable {
        "curly": false,
        "kind": "variable",
        "name": "data",
      },
      "value": Variable {
        "curly": false,
        "kind": "variable",
        "name": "value",
      },
    },
    Echo {
      "expressions": Array [
        String {
          "isDoubleQuote": true,
          "kind": "string",
          "raw": "\\"Done\\\\n\\"",
          "unicode": false,
          "value": "Done
",
        },
      ],
      "kind": "echo",
      "shortForm": false,
    },
  ],
  "errors": Array [],
  "kind": "program",
}
`;
