// Jest Snapshot v1, https://goo.gl/fbAQLP

exports[`php-src tests SPL: InfiniteIterator 1`] = `
Program {
  "children": Array [
    Class {
      "attrGroups": Array [],
      "body": Array [
        Method {
          "arguments": Array [],
          "attrGroups": Array [],
          "body": Block {
            "children": Array [
              Echo {
                "expressions": Array [
                  Bin {
                    "kind": "bin",
                    "left": Magic {
                      "kind": "magic",
                      "raw": "__METHOD__",
                      "value": "__METHOD__",
                    },
                    "right": String {
                      "isDoubleQuote": true,
                      "kind": "string",
                      "raw": "\\"\\\\n\\"",
                      "unicode": false,
                      "value": "
",
                    },
                    "type": ".",
                  },
                ],
                "kind": "echo",
                "shortForm": false,
              },
              ExpressionStatement {
                "expression": Call {
                  "arguments": Array [],
                  "kind": "call",
                  "what": StaticLookup {
                    "kind": "staticlookup",
                    "offset": Identifier {
                      "kind": "identifier",
                      "name": "rewind",
                    },
                    "what": ParentReference {
                      "kind": "parentreference",
                      "raw": "parent",
                    },
                  },
                },
                "kind": "expressionstatement",
              },
            ],
            "kind": "block",
          },
          "byref": false,
          "isAbstract": false,
          "isFinal": false,
          "isStatic": false,
          "kind": "method",
          "name": Identifier {
            "kind": "identifier",
            "name": "rewind",
          },
          "nullable": false,
          "type": TypeReference {
            "kind": "typereference",
            "name": "void",
            "raw": "void",
          },
          "visibility": "",
        },
        Method {
          "arguments": Array [],
          "attrGroups": Array [],
          "body": Block {
            "children": Array [
              Echo {
                "expressions": Array [
                  Bin {
                    "kind": "bin",
                    "left": Magic {
                      "kind": "magic",
                      "raw": "__METHOD__",
                      "value": "__METHOD__",
                    },
                    "right": String {
                      "isDoubleQuote": true,
                      "kind": "string",
                      "raw": "\\"\\\\n\\"",
                      "unicode": false,
                      "value": "
",
                    },
                    "type": ".",
                  },
                ],
                "kind": "echo",
                "shortForm": false,
              },
              Return {
                "expr": Call {
                  "arguments": Array [],
                  "kind": "call",
                  "what": StaticLookup {
                    "kind": "staticlookup",
                    "offset": Identifier {
                      "kind": "identifier",
                      "name": "valid",
                    },
                    "what": ParentReference {
                      "kind": "parentreference",
                      "raw": "parent",
                    },
                  },
                },
                "kind": "return",
              },
            ],
            "kind": "block",
          },
          "byref": false,
          "isAbstract": false,
          "isFinal": false,
          "isStatic": false,
          "kind": "method",
          "name": Identifier {
            "kind": "identifier",
            "name": "valid",
          },
          "nullable": false,
          "type": TypeReference {
            "kind": "typereference",
            "name": "bool",
            "raw": "bool",
          },
          "visibility": "",
        },
        Method {
          "arguments": Array [],
          "attrGroups": Array [],
          "body": Block {
            "children": Array [
              Echo {
                "expressions": Array [
                  Bin {
                    "kind": "bin",
                    "left": Magic {
                      "kind": "magic",
                      "raw": "__METHOD__",
                      "value": "__METHOD__",
                    },
                    "right": String {
                      "isDoubleQuote": true,
                      "kind": "string",
                      "raw": "\\"\\\\n\\"",
                      "unicode": false,
                      "value": "
",
                    },
                    "type": ".",
                  },
                ],
                "kind": "echo",
                "shortForm": false,
              },
              Return {
                "expr": Call {
                  "arguments": Array [],
                  "kind": "call",
                  "what": StaticLookup {
                    "kind": "staticlookup",
                    "offset": Identifier {
                      "kind": "identifier",
                      "name": "current",
                    },
                    "what": ParentReference {
                      "kind": "parentreference",
                      "raw": "parent",
                    },
                  },
                },
                "kind": "return",
              },
            ],
            "kind": "block",
          },
          "byref": false,
          "isAbstract": false,
          "isFinal": false,
          "isStatic": false,
          "kind": "method",
          "name": Identifier {
            "kind": "identifier",
            "name": "current",
          },
          "nullable": false,
          "type": Name {
            "kind": "name",
            "name": "mixed",
            "resolution": "uqn",
          },
          "visibility": "",
        },
        Method {
          "arguments": Array [],
          "attrGroups": Array [],
          "body": Block {
            "children": Array [
              Echo {
                "expressions": Array [
                  Bin {
                    "kind": "bin",
                    "left": Magic {
                      "kind": "magic",
                      "raw": "__METHOD__",
                      "value": "__METHOD__",
                    },
                    "right": String {
                      "isDoubleQuote": true,
                      "kind": "string",
                      "raw": "\\"\\\\n\\"",
                      "unicode": false,
                      "value": "
",
                    },
                    "type": ".",
                  },
                ],
                "kind": "echo",
                "shortForm": false,
              },
              Return {
                "expr": Call {
                  "arguments": Array [],
                  "kind": "call",
                  "what": StaticLookup {
                    "kind": "staticlookup",
                    "offset": Identifier {
                      "kind": "identifier",
                      "name": "key",
                    },
                    "what": ParentReference {
                      "kind": "parentreference",
                      "raw": "parent",
                    },
                  },
                },
                "kind": "return",
              },
            ],
            "kind": "block",
          },
          "byref": false,
          "isAbstract": false,
          "isFinal": false,
          "isStatic": false,
          "kind": "method",
          "name": Identifier {
            "kind": "identifier",
            "name": "key",
          },
          "nullable": false,
          "type": UnionType {
            "kind": "uniontype",
            "name": null,
            "types": Array [
              TypeReference {
                "kind": "typereference",
                "name": "string",
                "raw": "string",
              },
              TypeReference {
                "kind": "typereference",
                "name": "int",
                "raw": "int",
              },
              Name {
                "kind": "name",
                "name": "null",
                "resolution": "uqn",
              },
            ],
          },
          "visibility": "",
        },
        Method {
          "arguments": Array [],
          "attrGroups": Array [],
          "body": Block {
            "children": Array [
              Echo {
                "expressions": Array [
                  Bin {
                    "kind": "bin",
                    "left": Magic {
                      "kind": "magic",
                      "raw": "__METHOD__",
                      "value": "__METHOD__",
                    },
                    "right": String {
                      "isDoubleQuote": true,
                      "kind": "string",
                      "raw": "\\"\\\\n\\"",
                      "unicode": false,
                      "value": "
",
                    },
                    "type": ".",
                  },
                ],
                "kind": "echo",
                "shortForm": false,
              },
              ExpressionStatement {
                "expression": Call {
                  "arguments": Array [],
                  "kind": "call",
                  "what": StaticLookup {
                    "kind": "staticlookup",
                    "offset": Identifier {
                      "kind": "identifier",
                      "name": "next",
                    },
                    "what": ParentReference {
                      "kind": "parentreference",
                      "raw": "parent",
                    },
                  },
                },
                "kind": "expressionstatement",
              },
            ],
            "kind": "block",
          },
          "byref": false,
          "isAbstract": false,
          "isFinal": false,
          "isStatic": false,
          "kind": "method",
          "name": Identifier {
            "kind": "identifier",
            "name": "next",
          },
          "nullable": false,
          "type": TypeReference {
            "kind": "typereference",
            "name": "void",
            "raw": "void",
          },
          "visibility": "",
        },
      ],
      "extends": Name {
        "kind": "name",
        "name": "ArrayIterator",
        "resolution": "uqn",
      },
      "implements": null,
      "isAbstract": false,
      "isAnonymous": false,
      "isFinal": false,
      "kind": "class",
      "name": Identifier {
        "kind": "identifier",
        "name": "ArrayIteratorEx",
      },
    },
    ExpressionStatement {
      "expression": Assign {
        "kind": "assign",
        "left": Variable {
          "curly": false,
          "kind": "variable",
          "name": "it",
        },
        "operator": "=",
        "right": New {
          "arguments": Array [
            New {
              "arguments": Array [
                Call {
                  "arguments": Array [
                    Number {
                      "kind": "number",
                      "value": "0",
                    },
                    Number {
                      "kind": "number",
                      "value": "2",
                    },
                  ],
                  "kind": "call",
                  "what": Name {
                    "kind": "name",
                    "name": "range",
                    "resolution": "uqn",
                  },
                },
              ],
              "kind": "new",
              "what": Name {
                "kind": "name",
                "name": "ArrayIteratorEx",
                "resolution": "uqn",
              },
            },
          ],
          "kind": "new",
          "what": Name {
            "kind": "name",
            "name": "InfiniteIterator",
            "resolution": "uqn",
          },
        },
      },
      "kind": "expressionstatement",
    },
    ExpressionStatement {
      "expression": Assign {
        "kind": "assign",
        "left": Variable {
          "curly": false,
          "kind": "variable",
          "name": "pos",
        },
        "operator": "=",
        "right": Number {
          "kind": "number",
          "value": "0",
        },
      },
      "kind": "expressionstatement",
    },
    Foreach {
      "body": Block {
        "children": Array [
          ExpressionStatement {
            "expression": Call {
              "arguments": Array [
                Variable {
                  "curly": false,
                  "kind": "variable",
                  "name": "v",
                },
              ],
              "kind": "call",
              "what": Name {
                "kind": "name",
                "name": "var_dump",
                "resolution": "uqn",
              },
            },
            "kind": "expressionstatement",
          },
          If {
            "alternate": null,
            "body": Block {
              "children": Array [
                Break {
                  "kind": "break",
                  "level": null,
                },
              ],
              "kind": "block",
            },
            "kind": "if",
            "shortForm": false,
            "test": Bin {
              "kind": "bin",
              "left": Post {
                "kind": "post",
                "type": "+",
                "what": Variable {
                  "curly": false,
                  "kind": "variable",
                  "name": "pos",
                },
              },
              "right": Number {
                "kind": "number",
                "value": "5",
              },
              "type": ">",
            },
          },
        ],
        "kind": "block",
      },
      "key": null,
      "kind": "foreach",
      "shortForm": false,
      "source": Variable {
        "curly": false,
        "kind": "variable",
        "name": "it",
      },
      "value": Variable {
        "curly": false,
        "kind": "variable",
        "name": "v",
      },
    },
  ],
  "errors": Array [],
  "kind": "program",
}
`;
