// Jest Snapshot v1, https://goo.gl/fbAQLP

exports[`php-src tests Test array_walk_recursive() function : object functionality - array of objects 1`] = `
Program {
  "children": Array [
    Echo {
      "expressions": Array [
        String {
          "isDoubleQuote": true,
          "kind": "string",
          "raw": "\\"*** Testing array_walk_recursive() : array of objects ***\\\\n\\"",
          "unicode": false,
          "value": "*** Testing array_walk_recursive() : array of objects ***
",
        },
      ],
      "kind": "echo",
      "shortForm": false,
    },
    _Function {
      "arguments": Array [
        Parameter {
          "attrGroups": Array [],
          "byref": false,
          "flags": 0,
          "kind": "parameter",
          "name": Identifier {
            "kind": "identifier",
            "name": "value",
          },
          "nullable": false,
          "readonly": false,
          "type": null,
          "value": null,
          "variadic": false,
        },
        Parameter {
          "attrGroups": Array [],
          "byref": false,
          "flags": 0,
          "kind": "parameter",
          "name": Identifier {
            "kind": "identifier",
            "name": "key",
          },
          "nullable": false,
          "readonly": false,
          "type": null,
          "value": null,
          "variadic": false,
        },
        Parameter {
          "attrGroups": Array [],
          "byref": false,
          "flags": 0,
          "kind": "parameter",
          "name": Identifier {
            "kind": "identifier",
            "name": "addValue",
          },
          "nullable": false,
          "readonly": false,
          "type": null,
          "value": null,
          "variadic": false,
        },
      ],
      "attrGroups": Array [],
      "body": Block {
        "children": Array [
          Echo {
            "expressions": Array [
              String {
                "isDoubleQuote": true,
                "kind": "string",
                "raw": "\\"value : \\"",
                "unicode": false,
                "value": "value : ",
              },
            ],
            "kind": "echo",
            "shortForm": false,
          },
          ExpressionStatement {
            "expression": Call {
              "arguments": Array [
                Call {
                  "arguments": Array [],
                  "kind": "call",
                  "what": PropertyLookup {
                    "kind": "propertylookup",
                    "offset": Identifier {
                      "kind": "identifier",
                      "name": "getValue",
                    },
                    "what": Variable {
                      "curly": false,
                      "kind": "variable",
                      "name": "value",
                    },
                  },
                },
              ],
              "kind": "call",
              "what": Name {
                "kind": "name",
                "name": "var_dump",
                "resolution": "uqn",
              },
            },
            "kind": "expressionstatement",
          },
          Echo {
            "expressions": Array [
              String {
                "isDoubleQuote": true,
                "kind": "string",
                "raw": "\\"key : \\"",
                "unicode": false,
                "value": "key : ",
              },
            ],
            "kind": "echo",
            "shortForm": false,
          },
          ExpressionStatement {
            "expression": Call {
              "arguments": Array [
                Variable {
                  "curly": false,
                  "kind": "variable",
                  "name": "key",
                },
              ],
              "kind": "call",
              "what": Name {
                "kind": "name",
                "name": "var_dump",
                "resolution": "uqn",
              },
            },
            "kind": "expressionstatement",
          },
        ],
        "kind": "block",
      },
      "byref": false,
      "kind": "function",
      "name": Identifier {
        "kind": "identifier",
        "name": "callback_private",
      },
      "nullable": false,
      "type": null,
    },
    _Function {
      "arguments": Array [
        Parameter {
          "attrGroups": Array [],
          "byref": false,
          "flags": 0,
          "kind": "parameter",
          "name": Identifier {
            "kind": "identifier",
            "name": "value",
          },
          "nullable": false,
          "readonly": false,
          "type": null,
          "value": null,
          "variadic": false,
        },
        Parameter {
          "attrGroups": Array [],
          "byref": false,
          "flags": 0,
          "kind": "parameter",
          "name": Identifier {
            "kind": "identifier",
            "name": "key",
          },
          "nullable": false,
          "readonly": false,
          "type": null,
          "value": null,
          "variadic": false,
        },
      ],
      "attrGroups": Array [],
      "body": Block {
        "children": Array [
          Echo {
            "expressions": Array [
              String {
                "isDoubleQuote": true,
                "kind": "string",
                "raw": "\\"value : \\"",
                "unicode": false,
                "value": "value : ",
              },
            ],
            "kind": "echo",
            "shortForm": false,
          },
          ExpressionStatement {
            "expression": Call {
              "arguments": Array [
                PropertyLookup {
                  "kind": "propertylookup",
                  "offset": Identifier {
                    "kind": "identifier",
                    "name": "pub_value",
                  },
                  "what": Variable {
                    "curly": false,
                    "kind": "variable",
                    "name": "value",
                  },
                },
              ],
              "kind": "call",
              "what": Name {
                "kind": "name",
                "name": "var_dump",
                "resolution": "uqn",
              },
            },
            "kind": "expressionstatement",
          },
        ],
        "kind": "block",
      },
      "byref": false,
      "kind": "function",
      "name": Identifier {
        "kind": "identifier",
        "name": "callback_public",
      },
      "nullable": false,
      "type": null,
    },
    _Function {
      "arguments": Array [
        Parameter {
          "attrGroups": Array [],
          "byref": false,
          "flags": 0,
          "kind": "parameter",
          "name": Identifier {
            "kind": "identifier",
            "name": "value",
          },
          "nullable": false,
          "readonly": false,
          "type": null,
          "value": null,
          "variadic": false,
        },
        Parameter {
          "attrGroups": Array [],
          "byref": false,
          "flags": 0,
          "kind": "parameter",
          "name": Identifier {
            "kind": "identifier",
            "name": "key",
          },
          "nullable": false,
          "readonly": false,
          "type": null,
          "value": null,
          "variadic": false,
        },
      ],
      "attrGroups": Array [],
      "body": Block {
        "children": Array [
          Echo {
            "expressions": Array [
              String {
                "isDoubleQuote": true,
                "kind": "string",
                "raw": "\\"value : \\"",
                "unicode": false,
                "value": "value : ",
              },
            ],
            "kind": "echo",
            "shortForm": false,
          },
          ExpressionStatement {
            "expression": Call {
              "arguments": Array [
                Call {
                  "arguments": Array [],
                  "kind": "call",
                  "what": PropertyLookup {
                    "kind": "propertylookup",
                    "offset": Identifier {
                      "kind": "identifier",
                      "name": "get_pro_value",
                    },
                    "what": Variable {
                      "curly": false,
                      "kind": "variable",
                      "name": "value",
                    },
                  },
                },
              ],
              "kind": "call",
              "what": Name {
                "kind": "name",
                "name": "var_dump",
                "resolution": "uqn",
              },
            },
            "kind": "expressionstatement",
          },
        ],
        "kind": "block",
      },
      "byref": false,
      "kind": "function",
      "name": Identifier {
        "kind": "identifier",
        "name": "callback_protected",
      },
      "nullable": false,
      "type": null,
    },
    Class {
      "attrGroups": Array [],
      "body": Array [
        PropertyStatement {
          "isStatic": false,
          "kind": "propertystatement",
          "properties": Array [
            Property {
              "attrGroups": Array [],
              "kind": "property",
              "name": Identifier {
                "kind": "identifier",
                "name": "pri_value",
              },
              "nullable": false,
              "readonly": false,
              "type": null,
              "value": null,
            },
          ],
          "visibility": "private",
        },
        PropertyStatement {
          "isStatic": false,
          "kind": "propertystatement",
          "properties": Array [
            Property {
              "attrGroups": Array [],
              "kind": "property",
              "name": Identifier {
                "kind": "identifier",
                "name": "pub_value",
              },
              "nullable": false,
              "readonly": false,
              "type": null,
              "value": null,
            },
          ],
          "visibility": "public",
        },
        PropertyStatement {
          "isStatic": false,
          "kind": "propertystatement",
          "properties": Array [
            Property {
              "attrGroups": Array [],
              "kind": "property",
              "name": Identifier {
                "kind": "identifier",
                "name": "pro_value",
              },
              "nullable": false,
              "readonly": false,
              "type": null,
              "value": null,
            },
          ],
          "visibility": "protected",
        },
        Method {
          "arguments": Array [
            Parameter {
              "attrGroups": Array [],
              "byref": false,
              "flags": 0,
              "kind": "parameter",
              "name": Identifier {
                "kind": "identifier",
                "name": "setVal",
              },
              "nullable": false,
              "readonly": false,
              "type": null,
              "value": null,
              "variadic": false,
            },
          ],
          "attrGroups": Array [],
          "body": Block {
            "children": Array [
              ExpressionStatement {
                "expression": Assign {
                  "kind": "assign",
                  "left": PropertyLookup {
                    "kind": "propertylookup",
                    "offset": Identifier {
                      "kind": "identifier",
                      "name": "pri_value",
                    },
                    "what": Variable {
                      "curly": false,
                      "kind": "variable",
                      "name": "this",
                    },
                  },
                  "operator": "=",
                  "right": Variable {
                    "curly": false,
                    "kind": "variable",
                    "name": "setVal",
                  },
                },
                "kind": "expressionstatement",
              },
              ExpressionStatement {
                "expression": Assign {
                  "kind": "assign",
                  "left": PropertyLookup {
                    "kind": "propertylookup",
                    "offset": Identifier {
                      "kind": "identifier",
                      "name": "pub_value",
                    },
                    "what": Variable {
                      "curly": false,
                      "kind": "variable",
                      "name": "this",
                    },
                  },
                  "operator": "=",
                  "right": Variable {
                    "curly": false,
                    "kind": "variable",
                    "name": "setVal",
                  },
                },
                "kind": "expressionstatement",
              },
              ExpressionStatement {
                "expression": Assign {
                  "kind": "assign",
                  "left": PropertyLookup {
                    "kind": "propertylookup",
                    "offset": Identifier {
                      "kind": "identifier",
                      "name": "pro_value",
                    },
                    "what": Variable {
                      "curly": false,
                      "kind": "variable",
                      "name": "this",
                    },
                  },
                  "operator": "=",
                  "right": Variable {
                    "curly": false,
                    "kind": "variable",
                    "name": "setVal",
                  },
                },
                "kind": "expressionstatement",
              },
            ],
            "kind": "block",
          },
          "byref": false,
          "isAbstract": false,
          "isFinal": false,
          "isStatic": false,
          "kind": "method",
          "name": Identifier {
            "kind": "identifier",
            "name": "__construct",
          },
          "nullable": false,
          "type": null,
          "visibility": "public",
        },
        Method {
          "arguments": Array [],
          "attrGroups": Array [],
          "body": Block {
            "children": Array [
              Return {
                "expr": PropertyLookup {
                  "kind": "propertylookup",
                  "offset": Identifier {
                    "kind": "identifier",
                    "name": "pri_value",
                  },
                  "what": Variable {
                    "curly": false,
                    "kind": "variable",
                    "name": "this",
                  },
                },
                "kind": "return",
              },
            ],
            "kind": "block",
          },
          "byref": false,
          "isAbstract": false,
          "isFinal": false,
          "isStatic": false,
          "kind": "method",
          "name": Identifier {
            "kind": "identifier",
            "name": "getValue",
          },
          "nullable": false,
          "type": null,
          "visibility": "public",
        },
        Method {
          "arguments": Array [],
          "attrGroups": Array [],
          "body": Block {
            "children": Array [
              Return {
                "expr": PropertyLookup {
                  "kind": "propertylookup",
                  "offset": Identifier {
                    "kind": "identifier",
                    "name": "pro_value",
                  },
                  "what": Variable {
                    "curly": false,
                    "kind": "variable",
                    "name": "this",
                  },
                },
                "kind": "return",
              },
            ],
            "kind": "block",
          },
          "byref": false,
          "isAbstract": false,
          "isFinal": false,
          "isStatic": false,
          "kind": "method",
          "name": Identifier {
            "kind": "identifier",
            "name": "get_pro_value",
          },
          "nullable": false,
          "type": null,
          "visibility": "public",
        },
      ],
      "extends": null,
      "implements": null,
      "isAbstract": false,
      "isAnonymous": false,
      "isFinal": false,
      "kind": "class",
      "name": Identifier {
        "kind": "identifier",
        "name": "MyClass",
      },
    },
    ExpressionStatement {
      "expression": Assign {
        "kind": "assign",
        "left": Variable {
          "curly": false,
          "kind": "variable",
          "name": "input",
        },
        "operator": "=",
        "right": Array {
          "items": Array [
            Entry {
              "byRef": false,
              "key": null,
              "kind": "entry",
              "unpack": false,
              "value": Array {
                "items": Array [
                  Entry {
                    "byRef": false,
                    "key": null,
                    "kind": "entry",
                    "unpack": false,
                    "value": New {
                      "arguments": Array [
                        Number {
                          "kind": "number",
                          "value": "3",
                        },
                      ],
                      "kind": "new",
                      "what": Name {
                        "kind": "name",
                        "name": "MyClass",
                        "resolution": "uqn",
                      },
                    },
                  },
                  Entry {
                    "byRef": false,
                    "key": null,
                    "kind": "entry",
                    "unpack": false,
                    "value": New {
                      "arguments": Array [
                        Number {
                          "kind": "number",
                          "value": "10",
                        },
                      ],
                      "kind": "new",
                      "what": Name {
                        "kind": "name",
                        "name": "MyClass",
                        "resolution": "uqn",
                      },
                    },
                  },
                ],
                "kind": "array",
                "shortForm": false,
              },
            },
            Entry {
              "byRef": false,
              "key": null,
              "kind": "entry",
              "unpack": false,
              "value": New {
                "arguments": Array [
                  Number {
                    "kind": "number",
                    "value": "20",
                  },
                ],
                "kind": "new",
                "what": Name {
                  "kind": "name",
                  "name": "MyClass",
                  "resolution": "uqn",
                },
              },
            },
            Entry {
              "byRef": false,
              "key": null,
              "kind": "entry",
              "unpack": false,
              "value": Array {
                "items": Array [
                  Entry {
                    "byRef": false,
                    "key": null,
                    "kind": "entry",
                    "unpack": false,
                    "value": New {
                      "arguments": Array [
                        Unary {
                          "kind": "unary",
                          "type": "-",
                          "what": Number {
                            "kind": "number",
                            "value": "10",
                          },
                        },
                      ],
                      "kind": "new",
                      "what": Name {
                        "kind": "name",
                        "name": "MyClass",
                        "resolution": "uqn",
                      },
                    },
                  },
                ],
                "kind": "array",
                "shortForm": false,
              },
            },
          ],
          "kind": "array",
          "shortForm": false,
        },
      },
      "kind": "expressionstatement",
    },
    Echo {
      "expressions": Array [
        String {
          "isDoubleQuote": true,
          "kind": "string",
          "raw": "\\"-- For private member --\\\\n\\"",
          "unicode": false,
          "value": "-- For private member --
",
        },
      ],
      "kind": "echo",
      "shortForm": false,
    },
    ExpressionStatement {
      "expression": Call {
        "arguments": Array [
          Call {
            "arguments": Array [
              Variable {
                "curly": false,
                "kind": "variable",
                "name": "input",
              },
              String {
                "isDoubleQuote": true,
                "kind": "string",
                "raw": "\\"callback_private\\"",
                "unicode": false,
                "value": "callback_private",
              },
              Number {
                "kind": "number",
                "value": "1",
              },
            ],
            "kind": "call",
            "what": Name {
              "kind": "name",
              "name": "array_walk_recursive",
              "resolution": "uqn",
            },
          },
        ],
        "kind": "call",
        "what": Name {
          "kind": "name",
          "name": "var_dump",
          "resolution": "uqn",
        },
      },
      "kind": "expressionstatement",
    },
    Echo {
      "expressions": Array [
        String {
          "isDoubleQuote": true,
          "kind": "string",
          "raw": "\\"-- For public member --\\\\n\\"",
          "unicode": false,
          "value": "-- For public member --
",
        },
      ],
      "kind": "echo",
      "shortForm": false,
    },
    ExpressionStatement {
      "expression": Call {
        "arguments": Array [
          Call {
            "arguments": Array [
              Variable {
                "curly": false,
                "kind": "variable",
                "name": "input",
              },
              String {
                "isDoubleQuote": true,
                "kind": "string",
                "raw": "\\"callback_public\\"",
                "unicode": false,
                "value": "callback_public",
              },
            ],
            "kind": "call",
            "what": Name {
              "kind": "name",
              "name": "array_walk_recursive",
              "resolution": "uqn",
            },
          },
        ],
        "kind": "call",
        "what": Name {
          "kind": "name",
          "name": "var_dump",
          "resolution": "uqn",
        },
      },
      "kind": "expressionstatement",
    },
    Echo {
      "expressions": Array [
        String {
          "isDoubleQuote": true,
          "kind": "string",
          "raw": "\\"-- For protected member --\\\\n\\"",
          "unicode": false,
          "value": "-- For protected member --
",
        },
      ],
      "kind": "echo",
      "shortForm": false,
    },
    ExpressionStatement {
      "expression": Call {
        "arguments": Array [
          Call {
            "arguments": Array [
              Variable {
                "curly": false,
                "kind": "variable",
                "name": "input",
              },
              String {
                "isDoubleQuote": true,
                "kind": "string",
                "raw": "\\"callback_protected\\"",
                "unicode": false,
                "value": "callback_protected",
              },
            ],
            "kind": "call",
            "what": Name {
              "kind": "name",
              "name": "array_walk_recursive",
              "resolution": "uqn",
            },
          },
        ],
        "kind": "call",
        "what": Name {
          "kind": "name",
          "name": "var_dump",
          "resolution": "uqn",
        },
      },
      "kind": "expressionstatement",
    },
    Echo {
      "expressions": Array [
        String {
          "isDoubleQuote": true,
          "kind": "string",
          "raw": "\\"Done\\"",
          "unicode": false,
          "value": "Done",
        },
      ],
      "kind": "echo",
      "shortForm": false,
    },
  ],
  "errors": Array [],
  "kind": "program",
}
`;
