// Jest Snapshot v1, https://goo.gl/fbAQLP

exports[`php-src tests jdtojulian() 1`] = `
Program {
  "children": Array [
    Echo {
      "expressions": Array [
        Bin {
          "kind": "bin",
          "left": Call {
            "arguments": Array [
              Number {
                "kind": "number",
                "value": "0",
              },
            ],
            "kind": "call",
            "what": Name {
              "kind": "name",
              "name": "jdtojulian",
              "resolution": "uqn",
            },
          },
          "right": String {
            "isDoubleQuote": true,
            "kind": "string",
            "raw": "\\"\\\\n\\"",
            "unicode": false,
            "value": "
",
          },
          "type": ".",
        },
      ],
      "kind": "echo",
      "shortForm": false,
    },
    Echo {
      "expressions": Array [
        Bin {
          "kind": "bin",
          "left": Call {
            "arguments": Array [
              Number {
                "kind": "number",
                "value": "1",
              },
            ],
            "kind": "call",
            "what": Name {
              "kind": "name",
              "name": "jdtojulian",
              "resolution": "uqn",
            },
          },
          "right": String {
            "isDoubleQuote": true,
            "kind": "string",
            "raw": "\\"\\\\n\\"",
            "unicode": false,
            "value": "
",
          },
          "type": ".",
        },
      ],
      "kind": "echo",
      "shortForm": false,
    },
    Echo {
      "expressions": Array [
        Bin {
          "kind": "bin",
          "left": Call {
            "arguments": Array [
              Number {
                "kind": "number",
                "value": "2298874",
              },
            ],
            "kind": "call",
            "what": Name {
              "kind": "name",
              "name": "jdtojulian",
              "resolution": "uqn",
            },
          },
          "right": String {
            "isDoubleQuote": true,
            "kind": "string",
            "raw": "\\"\\\\n\\"",
            "unicode": false,
            "value": "
",
          },
          "type": ".",
        },
      ],
      "kind": "echo",
      "shortForm": false,
    },
    Echo {
      "expressions": Array [
        Bin {
          "kind": "bin",
          "left": Call {
            "arguments": Array [
              Number {
                "kind": "number",
                "value": "2299151",
              },
            ],
            "kind": "call",
            "what": Name {
              "kind": "name",
              "name": "jdtojulian",
              "resolution": "uqn",
            },
          },
          "right": String {
            "isDoubleQuote": true,
            "kind": "string",
            "raw": "\\"\\\\n\\"",
            "unicode": false,
            "value": "
",
          },
          "type": ".",
        },
      ],
      "kind": "echo",
      "shortForm": false,
    },
    Echo {
      "expressions": Array [
        Bin {
          "kind": "bin",
          "left": Call {
            "arguments": Array [
              Number {
                "kind": "number",
                "value": "2440588",
              },
            ],
            "kind": "call",
            "what": Name {
              "kind": "name",
              "name": "jdtojulian",
              "resolution": "uqn",
            },
          },
          "right": String {
            "isDoubleQuote": true,
            "kind": "string",
            "raw": "\\"\\\\n\\"",
            "unicode": false,
            "value": "
",
          },
          "type": ".",
        },
      ],
      "kind": "echo",
      "shortForm": false,
    },
    Echo {
      "expressions": Array [
        Bin {
          "kind": "bin",
          "left": Call {
            "arguments": Array [
              Number {
                "kind": "number",
                "value": "2816423",
              },
            ],
            "kind": "call",
            "what": Name {
              "kind": "name",
              "name": "jdtojulian",
              "resolution": "uqn",
            },
          },
          "right": String {
            "isDoubleQuote": true,
            "kind": "string",
            "raw": "\\"\\\\n\\"",
            "unicode": false,
            "value": "
",
          },
          "type": ".",
        },
      ],
      "kind": "echo",
      "shortForm": false,
    },
  ],
  "errors": Array [],
  "kind": "program",
}
`;
