// Jest Snapshot v1, https://goo.gl/fbAQLP

exports[`php-src tests Fixed bug #78895 (Reflection detects abstract non-static class as abstract static). 1`] = `
Program {
  "children": Array [
    Class {
      "attrGroups": Array [],
      "body": Array [
        Method {
          "arguments": Array [],
          "attrGroups": Array [],
          "body": null,
          "byref": false,
          "isAbstract": true,
          "isFinal": false,
          "isStatic": false,
          "kind": "method",
          "name": Identifier {
            "kind": "identifier",
            "name": "f1",
          },
          "nullable": false,
          "type": null,
          "visibility": "public",
        },
      ],
      "extends": null,
      "implements": null,
      "isAbstract": true,
      "isAnonymous": false,
      "isFinal": false,
      "kind": "class",
      "name": Identifier {
        "kind": "identifier",
        "name": "Foo",
      },
    },
    Interface {
      "attrGroups": Array [],
      "body": Array [
        Method {
          "arguments": Array [],
          "attrGroups": Array [],
          "body": null,
          "byref": false,
          "isAbstract": false,
          "isFinal": false,
          "isStatic": false,
          "kind": "method",
          "name": Identifier {
            "kind": "identifier",
            "name": "f2",
          },
          "nullable": false,
          "type": null,
          "visibility": "public",
        },
      ],
      "extends": null,
      "kind": "interface",
      "name": Identifier {
        "kind": "identifier",
        "name": "I",
      },
    },
    Trait {
      "body": Array [
        Method {
          "arguments": Array [],
          "attrGroups": Array [],
          "body": null,
          "byref": false,
          "isAbstract": true,
          "isFinal": false,
          "isStatic": false,
          "kind": "method",
          "name": Identifier {
            "kind": "identifier",
            "name": "f2",
          },
          "nullable": false,
          "type": null,
          "visibility": "public",
        },
      ],
      "kind": "trait",
      "name": Identifier {
        "kind": "identifier",
        "name": "T",
      },
    },
    Class {
      "attrGroups": Array [],
      "body": Array [
        TraitUse {
          "adaptations": null,
          "kind": "traituse",
          "traits": Array [
            Name {
              "kind": "name",
              "name": "T",
              "resolution": "uqn",
            },
          ],
        },
        Method {
          "arguments": Array [],
          "attrGroups": Array [],
          "body": Block {
            "children": Array [],
            "kind": "block",
          },
          "byref": false,
          "isAbstract": false,
          "isFinal": false,
          "isStatic": false,
          "kind": "method",
          "name": Identifier {
            "kind": "identifier",
            "name": "f1",
          },
          "nullable": false,
          "type": null,
          "visibility": "",
        },
        Method {
          "arguments": Array [],
          "attrGroups": Array [],
          "body": Block {
            "children": Array [],
            "kind": "block",
          },
          "byref": false,
          "isAbstract": false,
          "isFinal": false,
          "isStatic": false,
          "kind": "method",
          "name": Identifier {
            "kind": "identifier",
            "name": "f2",
          },
          "nullable": false,
          "type": null,
          "visibility": "",
        },
      ],
      "extends": Name {
        "kind": "name",
        "name": "Foo",
        "resolution": "uqn",
      },
      "implements": Array [
        Name {
          "kind": "name",
          "name": "I",
          "resolution": "uqn",
        },
      ],
      "isAbstract": false,
      "isAnonymous": false,
      "isFinal": false,
      "kind": "class",
      "name": Identifier {
        "kind": "identifier",
        "name": "Bar",
      },
    },
    ExpressionStatement {
      "expression": Assign {
        "kind": "assign",
        "left": Variable {
          "curly": false,
          "kind": "variable",
          "name": "ref",
        },
        "operator": "=",
        "right": New {
          "arguments": Array [
            StaticLookup {
              "kind": "staticlookup",
              "offset": Identifier {
                "kind": "identifier",
                "name": "class",
              },
              "what": Name {
                "kind": "name",
                "name": "Foo",
                "resolution": "uqn",
              },
            },
          ],
          "kind": "new",
          "what": Name {
            "kind": "name",
            "name": "ReflectionClass",
            "resolution": "uqn",
          },
        },
      },
      "kind": "expressionstatement",
    },
    ExpressionStatement {
      "expression": Call {
        "arguments": Array [
          Call {
            "arguments": Array [
              Call {
                "arguments": Array [],
                "kind": "call",
                "what": PropertyLookup {
                  "kind": "propertylookup",
                  "offset": Identifier {
                    "kind": "identifier",
                    "name": "getModifiers",
                  },
                  "what": Variable {
                    "curly": false,
                    "kind": "variable",
                    "name": "ref",
                  },
                },
              },
            ],
            "kind": "call",
            "what": StaticLookup {
              "kind": "staticlookup",
              "offset": Identifier {
                "kind": "identifier",
                "name": "getModifierNames",
              },
              "what": Name {
                "kind": "name",
                "name": "Reflection",
                "resolution": "uqn",
              },
            },
          },
        ],
        "kind": "call",
        "what": Name {
          "kind": "name",
          "name": "var_dump",
          "resolution": "uqn",
        },
      },
      "kind": "expressionstatement",
    },
    ExpressionStatement {
      "expression": Assign {
        "kind": "assign",
        "left": Variable {
          "curly": false,
          "kind": "variable",
          "name": "ref",
        },
        "operator": "=",
        "right": New {
          "arguments": Array [
            StaticLookup {
              "kind": "staticlookup",
              "offset": Identifier {
                "kind": "identifier",
                "name": "class",
              },
              "what": Name {
                "kind": "name",
                "name": "I",
                "resolution": "uqn",
              },
            },
          ],
          "kind": "new",
          "what": Name {
            "kind": "name",
            "name": "ReflectionClass",
            "resolution": "uqn",
          },
        },
      },
      "kind": "expressionstatement",
    },
    ExpressionStatement {
      "expression": Call {
        "arguments": Array [
          Call {
            "arguments": Array [
              Call {
                "arguments": Array [],
                "kind": "call",
                "what": PropertyLookup {
                  "kind": "propertylookup",
                  "offset": Identifier {
                    "kind": "identifier",
                    "name": "getModifiers",
                  },
                  "what": Variable {
                    "curly": false,
                    "kind": "variable",
                    "name": "ref",
                  },
                },
              },
            ],
            "kind": "call",
            "what": StaticLookup {
              "kind": "staticlookup",
              "offset": Identifier {
                "kind": "identifier",
                "name": "getModifierNames",
              },
              "what": Name {
                "kind": "name",
                "name": "Reflection",
                "resolution": "uqn",
              },
            },
          },
        ],
        "kind": "call",
        "what": Name {
          "kind": "name",
          "name": "var_dump",
          "resolution": "uqn",
        },
      },
      "kind": "expressionstatement",
    },
    ExpressionStatement {
      "expression": Assign {
        "kind": "assign",
        "left": Variable {
          "curly": false,
          "kind": "variable",
          "name": "ref",
        },
        "operator": "=",
        "right": New {
          "arguments": Array [
            StaticLookup {
              "kind": "staticlookup",
              "offset": Identifier {
                "kind": "identifier",
                "name": "class",
              },
              "what": Name {
                "kind": "name",
                "name": "T",
                "resolution": "uqn",
              },
            },
          ],
          "kind": "new",
          "what": Name {
            "kind": "name",
            "name": "ReflectionClass",
            "resolution": "uqn",
          },
        },
      },
      "kind": "expressionstatement",
    },
    ExpressionStatement {
      "expression": Call {
        "arguments": Array [
          Call {
            "arguments": Array [
              Call {
                "arguments": Array [],
                "kind": "call",
                "what": PropertyLookup {
                  "kind": "propertylookup",
                  "offset": Identifier {
                    "kind": "identifier",
                    "name": "getModifiers",
                  },
                  "what": Variable {
                    "curly": false,
                    "kind": "variable",
                    "name": "ref",
                  },
                },
              },
            ],
            "kind": "call",
            "what": StaticLookup {
              "kind": "staticlookup",
              "offset": Identifier {
                "kind": "identifier",
                "name": "getModifierNames",
              },
              "what": Name {
                "kind": "name",
                "name": "Reflection",
                "resolution": "uqn",
              },
            },
          },
        ],
        "kind": "call",
        "what": Name {
          "kind": "name",
          "name": "var_dump",
          "resolution": "uqn",
        },
      },
      "kind": "expressionstatement",
    },
    ExpressionStatement {
      "expression": Assign {
        "kind": "assign",
        "left": Variable {
          "curly": false,
          "kind": "variable",
          "name": "ref",
        },
        "operator": "=",
        "right": New {
          "arguments": Array [
            StaticLookup {
              "kind": "staticlookup",
              "offset": Identifier {
                "kind": "identifier",
                "name": "class",
              },
              "what": Name {
                "kind": "name",
                "name": "Bar",
                "resolution": "uqn",
              },
            },
          ],
          "kind": "new",
          "what": Name {
            "kind": "name",
            "name": "ReflectionClass",
            "resolution": "uqn",
          },
        },
      },
      "kind": "expressionstatement",
    },
    ExpressionStatement {
      "expression": Call {
        "arguments": Array [
          Call {
            "arguments": Array [
              Call {
                "arguments": Array [],
                "kind": "call",
                "what": PropertyLookup {
                  "kind": "propertylookup",
                  "offset": Identifier {
                    "kind": "identifier",
                    "name": "getModifiers",
                  },
                  "what": Variable {
                    "curly": false,
                    "kind": "variable",
                    "name": "ref",
                  },
                },
              },
            ],
            "kind": "call",
            "what": StaticLookup {
              "kind": "staticlookup",
              "offset": Identifier {
                "kind": "identifier",
                "name": "getModifierNames",
              },
              "what": Name {
                "kind": "name",
                "name": "Reflection",
                "resolution": "uqn",
              },
            },
          },
        ],
        "kind": "call",
        "what": Name {
          "kind": "name",
          "name": "var_dump",
          "resolution": "uqn",
        },
      },
      "kind": "expressionstatement",
    },
  ],
  "errors": Array [],
  "kind": "program",
}
`;
