// Jest Snapshot v1, https://goo.gl/fbAQLP

exports[`php-src tests mysqli_options() - MYSQLI_OPT_LOCAL_INFILE and open_basedir 1`] = `
Program {
  "children": Array [
    ExpressionStatement {
      "expression": Include {
        "kind": "include",
        "once": true,
        "require": true,
        "target": String {
          "isDoubleQuote": false,
          "kind": "string",
          "parenthesizedExpression": true,
          "raw": "'connect.inc'",
          "unicode": false,
          "value": "connect.inc",
        },
      },
      "kind": "expressionstatement",
    },
    ExpressionStatement {
      "expression": Call {
        "arguments": Array [
          String {
            "isDoubleQuote": true,
            "kind": "string",
            "raw": "\\"open_basedir\\"",
            "unicode": false,
            "value": "open_basedir",
          },
          Magic {
            "kind": "magic",
            "raw": "__DIR__",
            "value": "__DIR__",
          },
        ],
        "kind": "call",
        "what": Name {
          "kind": "name",
          "name": "ini_set",
          "resolution": "uqn",
        },
      },
      "kind": "expressionstatement",
    },
    If {
      "alternate": null,
      "body": ExpressionStatement {
        "expression": Call {
          "arguments": Array [
            String {
              "isDoubleQuote": true,
              "kind": "string",
              "raw": "\\"[001] Cannot connect, [%d] %s\\\\n\\"",
              "unicode": false,
              "value": "[001] Cannot connect, [%d] %s
",
            },
            Call {
              "arguments": Array [],
              "kind": "call",
              "what": Name {
                "kind": "name",
                "name": "mysqli_connect_errno",
                "resolution": "uqn",
              },
            },
            Call {
              "arguments": Array [],
              "kind": "call",
              "what": Name {
                "kind": "name",
                "name": "mysqli_connect_error",
                "resolution": "uqn",
              },
            },
          ],
          "kind": "call",
          "what": Name {
            "kind": "name",
            "name": "printf",
            "resolution": "uqn",
          },
        },
        "kind": "expressionstatement",
      },
      "kind": "if",
      "shortForm": false,
      "test": Unary {
        "kind": "unary",
        "type": "!",
        "what": Assign {
          "kind": "assign",
          "left": Variable {
            "curly": false,
            "kind": "variable",
            "name": "link",
          },
          "operator": "=",
          "right": Call {
            "arguments": Array [
              Variable {
                "curly": false,
                "kind": "variable",
                "name": "host",
              },
              Variable {
                "curly": false,
                "kind": "variable",
                "name": "user",
              },
              Variable {
                "curly": false,
                "kind": "variable",
                "name": "passwd",
              },
              Variable {
                "curly": false,
                "kind": "variable",
                "name": "db",
              },
              Variable {
                "curly": false,
                "kind": "variable",
                "name": "port",
              },
              Variable {
                "curly": false,
                "kind": "variable",
                "name": "socket",
              },
            ],
            "kind": "call",
            "what": Name {
              "kind": "name",
              "name": "my_mysqli_connect",
              "resolution": "uqn",
            },
          },
        },
      },
    },
    If {
      "alternate": Block {
        "children": Array [
          If {
            "alternate": null,
            "body": ExpressionStatement {
              "expression": Call {
                "arguments": Array [
                  String {
                    "isDoubleQuote": true,
                    "kind": "string",
                    "raw": "\\"[002] Can set MYSQLI_OPT_LOCAL_INFILE although open_basedir is set!\\\\n\\"",
                    "unicode": false,
                    "value": "[002] Can set MYSQLI_OPT_LOCAL_INFILE although open_basedir is set!
",
                  },
                ],
                "kind": "call",
                "what": Name {
                  "kind": "name",
                  "name": "printf",
                  "resolution": "uqn",
                },
              },
              "kind": "expressionstatement",
            },
            "kind": "if",
            "shortForm": false,
            "test": Bin {
              "kind": "bin",
              "left": Boolean {
                "kind": "boolean",
                "raw": "false",
                "value": false,
              },
              "right": Call {
                "arguments": Array [
                  Variable {
                    "curly": false,
                    "kind": "variable",
                    "name": "link",
                  },
                  Name {
                    "kind": "name",
                    "name": "MYSQLI_OPT_LOCAL_INFILE",
                    "resolution": "uqn",
                  },
                  Number {
                    "kind": "number",
                    "value": "1",
                  },
                ],
                "kind": "call",
                "what": Name {
                  "kind": "name",
                  "name": "mysqli_options",
                  "resolution": "uqn",
                },
              },
              "type": "!==",
            },
          },
        ],
        "kind": "block",
      },
      "body": Block {
        "children": Array [
          If {
            "alternate": null,
            "body": ExpressionStatement {
              "expression": Call {
                "arguments": Array [
                  String {
                    "isDoubleQuote": true,
                    "kind": "string",
                    "raw": "\\"[002] Can not set MYSQLI_OPT_LOCAL_INFILE although open_basedir is set!\\\\n\\"",
                    "unicode": false,
                    "value": "[002] Can not set MYSQLI_OPT_LOCAL_INFILE although open_basedir is set!
",
                  },
                ],
                "kind": "call",
                "what": Name {
                  "kind": "name",
                  "name": "printf",
                  "resolution": "uqn",
                },
              },
              "kind": "expressionstatement",
            },
            "kind": "if",
            "shortForm": false,
            "test": Bin {
              "kind": "bin",
              "left": Boolean {
                "kind": "boolean",
                "raw": "true",
                "value": true,
              },
              "right": Call {
                "arguments": Array [
                  Variable {
                    "curly": false,
                    "kind": "variable",
                    "name": "link",
                  },
                  Name {
                    "kind": "name",
                    "name": "MYSQLI_OPT_LOCAL_INFILE",
                    "resolution": "uqn",
                  },
                  Number {
                    "kind": "number",
                    "value": "1",
                  },
                ],
                "kind": "call",
                "what": Name {
                  "kind": "name",
                  "name": "mysqli_options",
                  "resolution": "uqn",
                },
              },
              "type": "!==",
            },
          },
        ],
        "kind": "block",
      },
      "kind": "if",
      "shortForm": false,
      "test": Variable {
        "curly": false,
        "kind": "variable",
        "name": "IS_MYSQLND",
      },
    },
    ExpressionStatement {
      "expression": Call {
        "arguments": Array [
          Variable {
            "curly": false,
            "kind": "variable",
            "name": "link",
          },
        ],
        "kind": "call",
        "what": Name {
          "kind": "name",
          "name": "mysqli_close",
          "resolution": "uqn",
        },
      },
      "kind": "expressionstatement",
    },
    ExpressionStatement {
      "expression": Print {
        "expression": String {
          "isDoubleQuote": true,
          "kind": "string",
          "raw": "\\"done!\\"",
          "unicode": false,
          "value": "done!",
        },
        "kind": "print",
      },
      "kind": "expressionstatement",
    },
  ],
  "errors": Array [],
  "kind": "program",
}
`;
