// Jest Snapshot v1, https://goo.gl/fbAQLP

exports[`php-src tests DRCP: oci_pconnect() with scope end when oci8.old_oci_close_semantics ON 1`] = `
Program {
  "children": Array [
    ExpressionStatement {
      "expression": Include {
        "kind": "include",
        "once": false,
        "require": true,
        "target": Bin {
          "kind": "bin",
          "left": Magic {
            "kind": "magic",
            "raw": "__DIR__",
            "value": "__DIR__",
          },
          "right": String {
            "isDoubleQuote": true,
            "kind": "string",
            "raw": "\\"/drcp_functions.inc\\"",
            "unicode": false,
            "value": "/drcp_functions.inc",
          },
          "type": ".",
        },
      },
      "kind": "expressionstatement",
    },
    ExpressionStatement {
      "expression": Include {
        "kind": "include",
        "once": false,
        "require": true,
        "target": Bin {
          "kind": "bin",
          "left": Magic {
            "kind": "magic",
            "raw": "__DIR__",
            "value": "__DIR__",
          },
          "right": String {
            "isDoubleQuote": true,
            "kind": "string",
            "raw": "\\"/details.inc\\"",
            "unicode": false,
            "value": "/details.inc",
          },
          "type": ".",
        },
      },
      "kind": "expressionstatement",
    },
    ExpressionStatement {
      "expression": Assign {
        "kind": "assign",
        "left": Variable {
          "curly": false,
          "kind": "variable",
          "name": "c",
        },
        "operator": "=",
        "right": Call {
          "arguments": Array [
            Variable {
              "curly": false,
              "kind": "variable",
              "name": "user",
            },
            Variable {
              "curly": false,
              "kind": "variable",
              "name": "password",
            },
            Variable {
              "curly": false,
              "kind": "variable",
              "name": "dbase",
            },
          ],
          "kind": "call",
          "what": Name {
            "kind": "name",
            "name": "oci_new_connect",
            "resolution": "uqn",
          },
        },
      },
      "kind": "expressionstatement",
    },
    ExpressionStatement {
      "expression": Silent {
        "expr": Call {
          "arguments": Array [
            Variable {
              "curly": false,
              "kind": "variable",
              "name": "c",
            },
          ],
          "kind": "call",
          "what": Name {
            "kind": "name",
            "name": "drcp_drop_table",
            "resolution": "uqn",
          },
        },
        "kind": "silent",
      },
      "kind": "expressionstatement",
    },
    ExpressionStatement {
      "expression": Call {
        "arguments": Array [
          Variable {
            "curly": false,
            "kind": "variable",
            "name": "c",
          },
        ],
        "kind": "call",
        "what": Name {
          "kind": "name",
          "name": "drcp_create_table",
          "resolution": "uqn",
        },
      },
      "kind": "expressionstatement",
    },
    Echo {
      "expressions": Array [
        String {
          "isDoubleQuote": true,
          "kind": "string",
          "raw": "\\"This is with a OCI_PCONNECT\\\\n\\"",
          "unicode": false,
          "value": "This is with a OCI_PCONNECT
",
        },
      ],
      "kind": "echo",
      "shortForm": false,
    },
    ExpressionStatement {
      "expression": Call {
        "arguments": Array [
          Variable {
            "curly": false,
            "kind": "variable",
            "name": "user",
          },
          Variable {
            "curly": false,
            "kind": "variable",
            "name": "password",
          },
          Variable {
            "curly": false,
            "kind": "variable",
            "name": "dbase",
          },
        ],
        "kind": "call",
        "what": Name {
          "kind": "name",
          "name": "function1",
          "resolution": "uqn",
        },
      },
      "kind": "expressionstatement",
    },
    ExpressionStatement {
      "expression": Call {
        "arguments": Array [
          Variable {
            "curly": false,
            "kind": "variable",
            "name": "user",
          },
          Variable {
            "curly": false,
            "kind": "variable",
            "name": "password",
          },
          Variable {
            "curly": false,
            "kind": "variable",
            "name": "dbase",
          },
        ],
        "kind": "call",
        "what": Name {
          "kind": "name",
          "name": "function2",
          "resolution": "uqn",
        },
      },
      "kind": "expressionstatement",
    },
    _Function {
      "arguments": Array [
        Parameter {
          "attrGroups": Array [],
          "byref": false,
          "flags": 0,
          "kind": "parameter",
          "name": Identifier {
            "kind": "identifier",
            "name": "user",
          },
          "nullable": false,
          "readonly": false,
          "type": null,
          "value": null,
          "variadic": false,
        },
        Parameter {
          "attrGroups": Array [],
          "byref": false,
          "flags": 0,
          "kind": "parameter",
          "name": Identifier {
            "kind": "identifier",
            "name": "password",
          },
          "nullable": false,
          "readonly": false,
          "type": null,
          "value": null,
          "variadic": false,
        },
        Parameter {
          "attrGroups": Array [],
          "byref": false,
          "flags": 0,
          "kind": "parameter",
          "name": Identifier {
            "kind": "identifier",
            "name": "dbase",
          },
          "nullable": false,
          "readonly": false,
          "type": null,
          "value": null,
          "variadic": false,
        },
      ],
      "attrGroups": Array [],
      "body": Block {
        "children": Array [
          ExpressionStatement {
            "expression": Call {
              "arguments": Array [
                Assign {
                  "kind": "assign",
                  "left": Variable {
                    "curly": false,
                    "kind": "variable",
                    "name": "c",
                  },
                  "operator": "=",
                  "right": Call {
                    "arguments": Array [
                      Variable {
                        "curly": false,
                        "kind": "variable",
                        "name": "user",
                      },
                      Variable {
                        "curly": false,
                        "kind": "variable",
                        "name": "password",
                      },
                      Variable {
                        "curly": false,
                        "kind": "variable",
                        "name": "dbase",
                      },
                    ],
                    "kind": "call",
                    "what": Name {
                      "kind": "name",
                      "name": "oci_pconnect",
                      "resolution": "uqn",
                    },
                  },
                },
              ],
              "kind": "call",
              "what": Name {
                "kind": "name",
                "name": "var_dump",
                "resolution": "uqn",
              },
            },
            "kind": "expressionstatement",
          },
          ExpressionStatement {
            "expression": Call {
              "arguments": Array [
                Variable {
                  "curly": false,
                  "kind": "variable",
                  "name": "c",
                },
              ],
              "kind": "call",
              "what": Name {
                "kind": "name",
                "name": "drcp_update_table",
                "resolution": "uqn",
              },
            },
            "kind": "expressionstatement",
          },
        ],
        "kind": "block",
      },
      "byref": false,
      "kind": "function",
      "name": Identifier {
        "kind": "identifier",
        "name": "function1",
      },
      "nullable": false,
      "type": null,
    },
    _Function {
      "arguments": Array [
        Parameter {
          "attrGroups": Array [],
          "byref": false,
          "flags": 0,
          "kind": "parameter",
          "name": Identifier {
            "kind": "identifier",
            "name": "user",
          },
          "nullable": false,
          "readonly": false,
          "type": null,
          "value": null,
          "variadic": false,
        },
        Parameter {
          "attrGroups": Array [],
          "byref": false,
          "flags": 0,
          "kind": "parameter",
          "name": Identifier {
            "kind": "identifier",
            "name": "password",
          },
          "nullable": false,
          "readonly": false,
          "type": null,
          "value": null,
          "variadic": false,
        },
        Parameter {
          "attrGroups": Array [],
          "byref": false,
          "flags": 0,
          "kind": "parameter",
          "name": Identifier {
            "kind": "identifier",
            "name": "dbase",
          },
          "nullable": false,
          "readonly": false,
          "type": null,
          "value": null,
          "variadic": false,
        },
      ],
      "attrGroups": Array [],
      "body": Block {
        "children": Array [
          ExpressionStatement {
            "expression": Call {
              "arguments": Array [
                Assign {
                  "kind": "assign",
                  "left": Variable {
                    "curly": false,
                    "kind": "variable",
                    "name": "c",
                  },
                  "operator": "=",
                  "right": Call {
                    "arguments": Array [
                      Variable {
                        "curly": false,
                        "kind": "variable",
                        "name": "user",
                      },
                      Variable {
                        "curly": false,
                        "kind": "variable",
                        "name": "password",
                      },
                      Variable {
                        "curly": false,
                        "kind": "variable",
                        "name": "dbase",
                      },
                    ],
                    "kind": "call",
                    "what": Name {
                      "kind": "name",
                      "name": "oci_pconnect",
                      "resolution": "uqn",
                    },
                  },
                },
              ],
              "kind": "call",
              "what": Name {
                "kind": "name",
                "name": "var_dump",
                "resolution": "uqn",
              },
            },
            "kind": "expressionstatement",
          },
          ExpressionStatement {
            "expression": Call {
              "arguments": Array [
                Variable {
                  "curly": false,
                  "kind": "variable",
                  "name": "c",
                },
              ],
              "kind": "call",
              "what": Name {
                "kind": "name",
                "name": "drcp_select_value",
                "resolution": "uqn",
              },
            },
            "kind": "expressionstatement",
          },
        ],
        "kind": "block",
      },
      "byref": false,
      "kind": "function",
      "name": Identifier {
        "kind": "identifier",
        "name": "function2",
      },
      "nullable": false,
      "type": null,
    },
    ExpressionStatement {
      "expression": Call {
        "arguments": Array [
          Variable {
            "curly": false,
            "kind": "variable",
            "name": "c",
          },
        ],
        "kind": "call",
        "what": Name {
          "kind": "name",
          "name": "drcp_drop_table",
          "resolution": "uqn",
        },
      },
      "kind": "expressionstatement",
    },
    ExpressionStatement {
      "expression": Call {
        "arguments": Array [
          Variable {
            "curly": false,
            "kind": "variable",
            "name": "c",
          },
        ],
        "kind": "call",
        "what": Name {
          "kind": "name",
          "name": "oci_close",
          "resolution": "uqn",
        },
      },
      "kind": "expressionstatement",
    },
    Echo {
      "expressions": Array [
        String {
          "isDoubleQuote": true,
          "kind": "string",
          "raw": "\\"Done\\\\n\\"",
          "unicode": false,
          "value": "Done
",
        },
      ],
      "kind": "echo",
      "shortForm": false,
    },
  ],
  "errors": Array [],
  "kind": "program",
}
`;
