// Jest Snapshot v1, https://goo.gl/fbAQLP

exports[`php-src tests Bug #55397 (comparison of incomplete DateTime causes SIGSEGV) 1`] = `
Program {
  "children": Array [
    ExpressionStatement {
      "expression": Call {
        "arguments": Array [
          String {
            "isDoubleQuote": false,
            "kind": "string",
            "raw": "'Europe/Prague'",
            "unicode": false,
            "value": "Europe/Prague",
          },
        ],
        "kind": "call",
        "what": Name {
          "kind": "name",
          "name": "date_default_timezone_set",
          "resolution": "uqn",
        },
      },
      "kind": "expressionstatement",
    },
    ExpressionStatement {
      "expression": Call {
        "arguments": Array [
          Bin {
            "kind": "bin",
            "left": Call {
              "arguments": Array [
                String {
                  "isDoubleQuote": false,
                  "kind": "string",
                  "raw": "'O:8:\\"DateTime\\":0:{}'",
                  "unicode": false,
                  "value": "O:8:\\"DateTime\\":0:{}",
                },
              ],
              "kind": "call",
              "what": Name {
                "kind": "name",
                "name": "unserialize",
                "resolution": "uqn",
              },
            },
            "right": New {
              "arguments": Array [],
              "kind": "new",
              "what": Name {
                "kind": "name",
                "name": "DateTime",
                "resolution": "uqn",
              },
            },
            "type": "==",
          },
        ],
        "kind": "call",
        "what": Name {
          "kind": "name",
          "name": "var_dump",
          "resolution": "uqn",
        },
      },
      "kind": "expressionstatement",
    },
  ],
  "errors": Array [],
  "kind": "program",
}
`;
