// Jest Snapshot v1, https://goo.gl/fbAQLP

exports[`php-src tests Test typed properties unset __get magical magic 1`] = `
Program {
  "children": Array [
    Class {
      "attrGroups": Array [],
      "body": Array [
        PropertyStatement {
          "isStatic": false,
          "kind": "propertystatement",
          "properties": Array [
            Property {
              "attrGroups": Array [],
              "kind": "property",
              "name": Identifier {
                "kind": "identifier",
                "name": "bar",
              },
              "nullable": false,
              "readonly": false,
              "type": TypeReference {
                "kind": "typereference",
                "name": "int",
                "raw": "int",
              },
              "value": null,
            },
          ],
          "visibility": "public",
        },
        Method {
          "arguments": Array [
            Parameter {
              "attrGroups": Array [],
              "byref": false,
              "flags": 0,
              "kind": "parameter",
              "name": Identifier {
                "kind": "identifier",
                "name": "name",
              },
              "nullable": false,
              "readonly": false,
              "type": null,
              "value": null,
              "variadic": false,
            },
          ],
          "attrGroups": Array [],
          "body": Block {
            "children": Array [
              Return {
                "expr": String {
                  "isDoubleQuote": true,
                  "kind": "string",
                  "raw": "\\"violate\\"",
                  "unicode": false,
                  "value": "violate",
                },
                "kind": "return",
              },
            ],
            "kind": "block",
          },
          "byref": false,
          "isAbstract": false,
          "isFinal": false,
          "isStatic": false,
          "kind": "method",
          "name": Identifier {
            "kind": "identifier",
            "name": "__get",
          },
          "nullable": false,
          "type": null,
          "visibility": "public",
        },
      ],
      "extends": null,
      "implements": null,
      "isAbstract": false,
      "isAnonymous": false,
      "isFinal": false,
      "kind": "class",
      "name": Identifier {
        "kind": "identifier",
        "name": "Foo",
      },
    },
    ExpressionStatement {
      "expression": Assign {
        "kind": "assign",
        "left": Variable {
          "curly": false,
          "kind": "variable",
          "name": "foo",
        },
        "operator": "=",
        "right": New {
          "arguments": Array [],
          "kind": "new",
          "what": Name {
            "kind": "name",
            "name": "Foo",
            "resolution": "uqn",
          },
        },
      },
      "kind": "expressionstatement",
    },
    ExpressionStatement {
      "expression": Assign {
        "kind": "assign",
        "left": PropertyLookup {
          "kind": "propertylookup",
          "offset": Identifier {
            "kind": "identifier",
            "name": "bar",
          },
          "what": Variable {
            "curly": false,
            "kind": "variable",
            "name": "foo",
          },
        },
        "operator": "=",
        "right": String {
          "isDoubleQuote": true,
          "kind": "string",
          "raw": "\\"1\\"",
          "unicode": false,
          "value": "1",
        },
      },
      "kind": "expressionstatement",
    },
    Unset {
      "kind": "unset",
      "variables": Array [
        PropertyLookup {
          "kind": "propertylookup",
          "offset": Identifier {
            "kind": "identifier",
            "name": "bar",
          },
          "what": Variable {
            "curly": false,
            "kind": "variable",
            "name": "foo",
          },
        },
      ],
    },
    ExpressionStatement {
      "expression": Call {
        "arguments": Array [
          PropertyLookup {
            "kind": "propertylookup",
            "offset": Identifier {
              "kind": "identifier",
              "name": "bar",
            },
            "what": Variable {
              "curly": false,
              "kind": "variable",
              "name": "foo",
            },
          },
        ],
        "kind": "call",
        "what": Name {
          "kind": "name",
          "name": "var_dump",
          "resolution": "uqn",
        },
      },
      "kind": "expressionstatement",
    },
  ],
  "errors": Array [],
  "kind": "program",
}
`;
