// Jest Snapshot v1, https://goo.gl/fbAQLP

exports[`php-src tests Indexing - various special cases. 1`] = `
Program {
  "children": Array [
    Echo {
      "expressions": Array [
        String {
          "isDoubleQuote": true,
          "kind": "string",
          "raw": "\\"*** Indexing - Testing value assignment with key ***\\\\n\\"",
          "unicode": false,
          "value": "*** Indexing - Testing value assignment with key ***
",
        },
      ],
      "kind": "echo",
      "shortForm": false,
    },
    ExpressionStatement {
      "expression": Assign {
        "kind": "assign",
        "left": Variable {
          "curly": false,
          "kind": "variable",
          "name": "array",
        },
        "operator": "=",
        "right": Array {
          "items": Array [
            Entry {
              "byRef": false,
              "key": null,
              "kind": "entry",
              "unpack": false,
              "value": Number {
                "kind": "number",
                "value": "1",
              },
            },
          ],
          "kind": "array",
          "shortForm": false,
        },
      },
      "kind": "expressionstatement",
    },
    ExpressionStatement {
      "expression": Assign {
        "kind": "assign",
        "left": Variable {
          "curly": false,
          "kind": "variable",
          "name": "testvalues",
        },
        "operator": "=",
        "right": Array {
          "items": Array [
            Entry {
              "byRef": false,
              "key": null,
              "kind": "entry",
              "unpack": false,
              "value": NullKeyword {
                "kind": "nullkeyword",
                "raw": "null",
              },
            },
            Entry {
              "byRef": false,
              "key": null,
              "kind": "entry",
              "unpack": false,
              "value": Number {
                "kind": "number",
                "value": "0",
              },
            },
            Entry {
              "byRef": false,
              "key": null,
              "kind": "entry",
              "unpack": false,
              "value": Number {
                "kind": "number",
                "value": "1",
              },
            },
            Entry {
              "byRef": false,
              "key": null,
              "kind": "entry",
              "unpack": false,
              "value": Boolean {
                "kind": "boolean",
                "raw": "true",
                "value": true,
              },
            },
            Entry {
              "byRef": false,
              "key": null,
              "kind": "entry",
              "unpack": false,
              "value": Boolean {
                "kind": "boolean",
                "raw": "false",
                "value": false,
              },
            },
            Entry {
              "byRef": false,
              "key": null,
              "kind": "entry",
              "unpack": false,
              "value": String {
                "isDoubleQuote": false,
                "kind": "string",
                "raw": "''",
                "unicode": false,
                "value": "",
              },
            },
            Entry {
              "byRef": false,
              "key": null,
              "kind": "entry",
              "unpack": false,
              "value": String {
                "isDoubleQuote": false,
                "kind": "string",
                "raw": "' '",
                "unicode": false,
                "value": " ",
              },
            },
            Entry {
              "byRef": false,
              "key": null,
              "kind": "entry",
              "unpack": false,
              "value": Number {
                "kind": "number",
                "value": "0.1",
              },
            },
            Entry {
              "byRef": false,
              "key": null,
              "kind": "entry",
              "unpack": false,
              "value": Array {
                "items": Array [],
                "kind": "array",
                "shortForm": false,
              },
            },
          ],
          "kind": "array",
          "shortForm": false,
        },
      },
      "kind": "expressionstatement",
    },
    Foreach {
      "body": Block {
        "children": Array [
          Try {
            "always": null,
            "body": Block {
              "children": Array [
                ExpressionStatement {
                  "expression": Assign {
                    "kind": "assign",
                    "left": OffsetLookup {
                      "kind": "offsetlookup",
                      "offset": String {
                        "isDoubleQuote": false,
                        "kind": "string",
                        "raw": "'foo'",
                        "unicode": false,
                        "value": "foo",
                      },
                      "what": Variable {
                        "curly": false,
                        "kind": "variable",
                        "name": "testvalue",
                      },
                    },
                    "operator": "=",
                    "right": Variable {
                      "curly": false,
                      "kind": "variable",
                      "name": "array",
                    },
                  },
                  "kind": "expressionstatement",
                },
              ],
              "kind": "block",
            },
            "catches": Array [
              Catch {
                "body": Block {
                  "children": Array [
                    Echo {
                      "expressions": Array [
                        Call {
                          "arguments": Array [],
                          "kind": "call",
                          "what": PropertyLookup {
                            "kind": "propertylookup",
                            "offset": Identifier {
                              "kind": "identifier",
                              "name": "getMessage",
                            },
                            "what": Variable {
                              "curly": false,
                              "kind": "variable",
                              "name": "e",
                            },
                          },
                        },
                        String {
                          "isDoubleQuote": true,
                          "kind": "string",
                          "raw": "\\"\\\\n\\"",
                          "unicode": false,
                          "value": "
",
                        },
                      ],
                      "kind": "echo",
                      "shortForm": false,
                    },
                  ],
                  "kind": "block",
                },
                "kind": "catch",
                "variable": Variable {
                  "curly": false,
                  "kind": "variable",
                  "name": "e",
                },
                "what": Array [
                  Name {
                    "kind": "name",
                    "name": "Error",
                    "resolution": "uqn",
                  },
                ],
              },
            ],
            "kind": "try",
          },
          ExpressionStatement {
            "expression": Call {
              "arguments": Array [
                Variable {
                  "curly": false,
                  "kind": "variable",
                  "name": "testvalue",
                },
              ],
              "kind": "call",
              "what": Name {
                "kind": "name",
                "name": "var_dump",
                "resolution": "uqn",
              },
            },
            "kind": "expressionstatement",
          },
        ],
        "kind": "block",
      },
      "key": null,
      "kind": "foreach",
      "shortForm": false,
      "source": Variable {
        "curly": false,
        "kind": "variable",
        "name": "testvalues",
      },
      "value": Variable {
        "curly": false,
        "kind": "variable",
        "name": "testvalue",
      },
    },
    Echo {
      "expressions": Array [
        String {
          "isDoubleQuote": true,
          "kind": "string",
          "raw": "\\"\\\\n*** Indexing - Testing reference assignment with key ***\\\\n\\"",
          "unicode": false,
          "value": "
*** Indexing - Testing reference assignment with key ***
",
        },
      ],
      "kind": "echo",
      "shortForm": false,
    },
    ExpressionStatement {
      "expression": Assign {
        "kind": "assign",
        "left": Variable {
          "curly": false,
          "kind": "variable",
          "name": "testvalues",
        },
        "operator": "=",
        "right": Array {
          "items": Array [
            Entry {
              "byRef": false,
              "key": null,
              "kind": "entry",
              "unpack": false,
              "value": NullKeyword {
                "kind": "nullkeyword",
                "raw": "null",
              },
            },
            Entry {
              "byRef": false,
              "key": null,
              "kind": "entry",
              "unpack": false,
              "value": Number {
                "kind": "number",
                "value": "0",
              },
            },
            Entry {
              "byRef": false,
              "key": null,
              "kind": "entry",
              "unpack": false,
              "value": Number {
                "kind": "number",
                "value": "1",
              },
            },
            Entry {
              "byRef": false,
              "key": null,
              "kind": "entry",
              "unpack": false,
              "value": Boolean {
                "kind": "boolean",
                "raw": "true",
                "value": true,
              },
            },
            Entry {
              "byRef": false,
              "key": null,
              "kind": "entry",
              "unpack": false,
              "value": Boolean {
                "kind": "boolean",
                "raw": "false",
                "value": false,
              },
            },
            Entry {
              "byRef": false,
              "key": null,
              "kind": "entry",
              "unpack": false,
              "value": Number {
                "kind": "number",
                "value": "0.1",
              },
            },
            Entry {
              "byRef": false,
              "key": null,
              "kind": "entry",
              "unpack": false,
              "value": Array {
                "items": Array [],
                "kind": "array",
                "shortForm": false,
              },
            },
          ],
          "kind": "array",
          "shortForm": false,
        },
      },
      "kind": "expressionstatement",
    },
    Foreach {
      "body": Block {
        "children": Array [
          Try {
            "always": null,
            "body": Block {
              "children": Array [
                ExpressionStatement {
                  "expression": AssignRef {
                    "kind": "assignref",
                    "left": OffsetLookup {
                      "kind": "offsetlookup",
                      "offset": String {
                        "isDoubleQuote": false,
                        "kind": "string",
                        "raw": "'foo'",
                        "unicode": false,
                        "value": "foo",
                      },
                      "what": Variable {
                        "curly": false,
                        "kind": "variable",
                        "name": "testvalue",
                      },
                    },
                    "right": Variable {
                      "curly": false,
                      "kind": "variable",
                      "name": "array",
                    },
                  },
                  "kind": "expressionstatement",
                },
              ],
              "kind": "block",
            },
            "catches": Array [
              Catch {
                "body": Block {
                  "children": Array [
                    Echo {
                      "expressions": Array [
                        Call {
                          "arguments": Array [],
                          "kind": "call",
                          "what": PropertyLookup {
                            "kind": "propertylookup",
                            "offset": Identifier {
                              "kind": "identifier",
                              "name": "getMessage",
                            },
                            "what": Variable {
                              "curly": false,
                              "kind": "variable",
                              "name": "e",
                            },
                          },
                        },
                        String {
                          "isDoubleQuote": true,
                          "kind": "string",
                          "raw": "\\"\\\\n\\"",
                          "unicode": false,
                          "value": "
",
                        },
                      ],
                      "kind": "echo",
                      "shortForm": false,
                    },
                  ],
                  "kind": "block",
                },
                "kind": "catch",
                "variable": Variable {
                  "curly": false,
                  "kind": "variable",
                  "name": "e",
                },
                "what": Array [
                  Name {
                    "kind": "name",
                    "name": "Error",
                    "resolution": "uqn",
                  },
                ],
              },
            ],
            "kind": "try",
          },
          ExpressionStatement {
            "expression": Call {
              "arguments": Array [
                Variable {
                  "curly": false,
                  "kind": "variable",
                  "name": "testvalue",
                },
              ],
              "kind": "call",
              "what": Name {
                "kind": "name",
                "name": "var_dump",
                "resolution": "uqn",
              },
            },
            "kind": "expressionstatement",
          },
        ],
        "kind": "block",
      },
      "key": null,
      "kind": "foreach",
      "shortForm": false,
      "source": Variable {
        "curly": false,
        "kind": "variable",
        "name": "testvalues",
      },
      "value": Variable {
        "curly": false,
        "kind": "variable",
        "name": "testvalue",
      },
    },
    Echo {
      "expressions": Array [
        String {
          "isDoubleQuote": true,
          "kind": "string",
          "raw": "\\"*** Indexing - Testing value assignment no key ***\\\\n\\"",
          "unicode": false,
          "value": "*** Indexing - Testing value assignment no key ***
",
        },
      ],
      "kind": "echo",
      "shortForm": false,
    },
    ExpressionStatement {
      "expression": Assign {
        "kind": "assign",
        "left": Variable {
          "curly": false,
          "kind": "variable",
          "name": "array",
        },
        "operator": "=",
        "right": Array {
          "items": Array [
            Entry {
              "byRef": false,
              "key": null,
              "kind": "entry",
              "unpack": false,
              "value": Number {
                "kind": "number",
                "value": "1",
              },
            },
          ],
          "kind": "array",
          "shortForm": false,
        },
      },
      "kind": "expressionstatement",
    },
    ExpressionStatement {
      "expression": Assign {
        "kind": "assign",
        "left": Variable {
          "curly": false,
          "kind": "variable",
          "name": "testvalues",
        },
        "operator": "=",
        "right": Array {
          "items": Array [
            Entry {
              "byRef": false,
              "key": null,
              "kind": "entry",
              "unpack": false,
              "value": NullKeyword {
                "kind": "nullkeyword",
                "raw": "null",
              },
            },
            Entry {
              "byRef": false,
              "key": null,
              "kind": "entry",
              "unpack": false,
              "value": Number {
                "kind": "number",
                "value": "0",
              },
            },
            Entry {
              "byRef": false,
              "key": null,
              "kind": "entry",
              "unpack": false,
              "value": Number {
                "kind": "number",
                "value": "1",
              },
            },
            Entry {
              "byRef": false,
              "key": null,
              "kind": "entry",
              "unpack": false,
              "value": Boolean {
                "kind": "boolean",
                "raw": "true",
                "value": true,
              },
            },
            Entry {
              "byRef": false,
              "key": null,
              "kind": "entry",
              "unpack": false,
              "value": Boolean {
                "kind": "boolean",
                "raw": "false",
                "value": false,
              },
            },
            Entry {
              "byRef": false,
              "key": null,
              "kind": "entry",
              "unpack": false,
              "value": Number {
                "kind": "number",
                "value": "0.1",
              },
            },
            Entry {
              "byRef": false,
              "key": null,
              "kind": "entry",
              "unpack": false,
              "value": Array {
                "items": Array [],
                "kind": "array",
                "shortForm": false,
              },
            },
          ],
          "kind": "array",
          "shortForm": false,
        },
      },
      "kind": "expressionstatement",
    },
    Foreach {
      "body": Block {
        "children": Array [
          Try {
            "always": null,
            "body": Block {
              "children": Array [
                ExpressionStatement {
                  "expression": Assign {
                    "kind": "assign",
                    "left": OffsetLookup {
                      "kind": "offsetlookup",
                      "offset": false,
                      "what": Variable {
                        "curly": false,
                        "kind": "variable",
                        "name": "testvalue",
                      },
                    },
                    "operator": "=",
                    "right": Variable {
                      "curly": false,
                      "kind": "variable",
                      "name": "array",
                    },
                  },
                  "kind": "expressionstatement",
                },
              ],
              "kind": "block",
            },
            "catches": Array [
              Catch {
                "body": Block {
                  "children": Array [
                    Echo {
                      "expressions": Array [
                        Call {
                          "arguments": Array [],
                          "kind": "call",
                          "what": PropertyLookup {
                            "kind": "propertylookup",
                            "offset": Identifier {
                              "kind": "identifier",
                              "name": "getMessage",
                            },
                            "what": Variable {
                              "curly": false,
                              "kind": "variable",
                              "name": "e",
                            },
                          },
                        },
                        String {
                          "isDoubleQuote": true,
                          "kind": "string",
                          "raw": "\\"\\\\n\\"",
                          "unicode": false,
                          "value": "
",
                        },
                      ],
                      "kind": "echo",
                      "shortForm": false,
                    },
                  ],
                  "kind": "block",
                },
                "kind": "catch",
                "variable": Variable {
                  "curly": false,
                  "kind": "variable",
                  "name": "e",
                },
                "what": Array [
                  Name {
                    "kind": "name",
                    "name": "Error",
                    "resolution": "uqn",
                  },
                ],
              },
            ],
            "kind": "try",
          },
          ExpressionStatement {
            "expression": Call {
              "arguments": Array [
                Variable {
                  "curly": false,
                  "kind": "variable",
                  "name": "testvalue",
                },
              ],
              "kind": "call",
              "what": Name {
                "kind": "name",
                "name": "var_dump",
                "resolution": "uqn",
              },
            },
            "kind": "expressionstatement",
          },
        ],
        "kind": "block",
      },
      "key": null,
      "kind": "foreach",
      "shortForm": false,
      "source": Variable {
        "curly": false,
        "kind": "variable",
        "name": "testvalues",
      },
      "value": Variable {
        "curly": false,
        "kind": "variable",
        "name": "testvalue",
      },
    },
    Echo {
      "expressions": Array [
        String {
          "isDoubleQuote": true,
          "kind": "string",
          "raw": "\\"\\\\n*** Indexing - Testing reference assignment no key ***\\\\n\\"",
          "unicode": false,
          "value": "
*** Indexing - Testing reference assignment no key ***
",
        },
      ],
      "kind": "echo",
      "shortForm": false,
    },
    ExpressionStatement {
      "expression": Assign {
        "kind": "assign",
        "left": Variable {
          "curly": false,
          "kind": "variable",
          "name": "testvalues",
        },
        "operator": "=",
        "right": Array {
          "items": Array [
            Entry {
              "byRef": false,
              "key": null,
              "kind": "entry",
              "unpack": false,
              "value": NullKeyword {
                "kind": "nullkeyword",
                "raw": "null",
              },
            },
            Entry {
              "byRef": false,
              "key": null,
              "kind": "entry",
              "unpack": false,
              "value": Number {
                "kind": "number",
                "value": "0",
              },
            },
            Entry {
              "byRef": false,
              "key": null,
              "kind": "entry",
              "unpack": false,
              "value": Number {
                "kind": "number",
                "value": "1",
              },
            },
            Entry {
              "byRef": false,
              "key": null,
              "kind": "entry",
              "unpack": false,
              "value": Boolean {
                "kind": "boolean",
                "raw": "true",
                "value": true,
              },
            },
            Entry {
              "byRef": false,
              "key": null,
              "kind": "entry",
              "unpack": false,
              "value": Boolean {
                "kind": "boolean",
                "raw": "false",
                "value": false,
              },
            },
            Entry {
              "byRef": false,
              "key": null,
              "kind": "entry",
              "unpack": false,
              "value": Number {
                "kind": "number",
                "value": "0.1",
              },
            },
            Entry {
              "byRef": false,
              "key": null,
              "kind": "entry",
              "unpack": false,
              "value": Array {
                "items": Array [],
                "kind": "array",
                "shortForm": false,
              },
            },
          ],
          "kind": "array",
          "shortForm": false,
        },
      },
      "kind": "expressionstatement",
    },
    Foreach {
      "body": Block {
        "children": Array [
          Try {
            "always": null,
            "body": Block {
              "children": Array [
                ExpressionStatement {
                  "expression": AssignRef {
                    "kind": "assignref",
                    "left": OffsetLookup {
                      "kind": "offsetlookup",
                      "offset": false,
                      "what": Variable {
                        "curly": false,
                        "kind": "variable",
                        "name": "testvalue",
                      },
                    },
                    "right": Variable {
                      "curly": false,
                      "kind": "variable",
                      "name": "array",
                    },
                  },
                  "kind": "expressionstatement",
                },
              ],
              "kind": "block",
            },
            "catches": Array [
              Catch {
                "body": Block {
                  "children": Array [
                    Echo {
                      "expressions": Array [
                        Call {
                          "arguments": Array [],
                          "kind": "call",
                          "what": PropertyLookup {
                            "kind": "propertylookup",
                            "offset": Identifier {
                              "kind": "identifier",
                              "name": "getMessage",
                            },
                            "what": Variable {
                              "curly": false,
                              "kind": "variable",
                              "name": "e",
                            },
                          },
                        },
                        String {
                          "isDoubleQuote": true,
                          "kind": "string",
                          "raw": "\\"\\\\n\\"",
                          "unicode": false,
                          "value": "
",
                        },
                      ],
                      "kind": "echo",
                      "shortForm": false,
                    },
                  ],
                  "kind": "block",
                },
                "kind": "catch",
                "variable": Variable {
                  "curly": false,
                  "kind": "variable",
                  "name": "e",
                },
                "what": Array [
                  Name {
                    "kind": "name",
                    "name": "Error",
                    "resolution": "uqn",
                  },
                ],
              },
            ],
            "kind": "try",
          },
          ExpressionStatement {
            "expression": Call {
              "arguments": Array [
                Variable {
                  "curly": false,
                  "kind": "variable",
                  "name": "testvalue",
                },
              ],
              "kind": "call",
              "what": Name {
                "kind": "name",
                "name": "var_dump",
                "resolution": "uqn",
              },
            },
            "kind": "expressionstatement",
          },
        ],
        "kind": "block",
      },
      "key": null,
      "kind": "foreach",
      "shortForm": false,
      "source": Variable {
        "curly": false,
        "kind": "variable",
        "name": "testvalues",
      },
      "value": Variable {
        "curly": false,
        "kind": "variable",
        "name": "testvalue",
      },
    },
  ],
  "errors": Array [],
  "kind": "program",
}
`;
