// Jest Snapshot v1, https://goo.gl/fbAQLP

exports[`php-src tests never return type: never cannot return from throw expression 1`] = `
Program {
  "children": Array [
    _Function {
      "arguments": Array [],
      "attrGroups": Array [],
      "body": Block {
        "children": Array [
          Return {
            "expr": Throw {
              "kind": "throw",
              "what": New {
                "arguments": Array [
                  String {
                    "isDoubleQuote": false,
                    "kind": "string",
                    "raw": "'bad'",
                    "unicode": false,
                    "value": "bad",
                  },
                ],
                "kind": "new",
                "what": Name {
                  "kind": "name",
                  "name": "Exception",
                  "resolution": "uqn",
                },
              },
            },
            "kind": "return",
          },
        ],
        "kind": "block",
      },
      "byref": false,
      "kind": "function",
      "name": Identifier {
        "kind": "identifier",
        "name": "foo",
      },
      "nullable": false,
      "type": Name {
        "kind": "name",
        "name": "never",
        "resolution": "uqn",
      },
    },
  ],
  "errors": Array [],
  "kind": "program",
}
`;
