// Jest Snapshot v1, https://goo.gl/fbAQLP

exports[`php-src tests iterable type cannot take part in an intersection type 1`] = `
Program {
  "children": Array [
    _Function {
      "arguments": Array [],
      "attrGroups": Array [],
      "body": Block {
        "children": Array [],
        "kind": "block",
      },
      "byref": false,
      "kind": "function",
      "name": Identifier {
        "kind": "identifier",
        "name": "foo",
      },
      "nullable": false,
      "type": IntersectionType {
        "kind": "intersectiontype",
        "name": null,
        "types": Array [
          TypeReference {
            "kind": "typereference",
            "name": "iterable",
            "raw": "iterable",
          },
          Name {
            "kind": "name",
            "name": "Iterator",
            "resolution": "uqn",
          },
        ],
      },
    },
  ],
  "errors": Array [],
  "kind": "program",
}
`;
