// Jest Snapshot v1, https://goo.gl/fbAQLP

exports[`php-src tests Don't optimize dynamic call to non-dynamic one if it drops the warning 1`] = `
Program {
  "children": Array [
    _Function {
      "arguments": Array [],
      "attrGroups": Array [],
      "body": Block {
        "children": Array [
          Try {
            "always": null,
            "body": Block {
              "children": Array [
                ExpressionStatement {
                  "expression": Call {
                    "arguments": Array [
                      Array {
                        "items": Array [
                          Entry {
                            "byRef": false,
                            "key": String {
                              "isDoubleQuote": false,
                              "kind": "string",
                              "raw": "'a'",
                              "unicode": false,
                              "value": "a",
                            },
                            "kind": "entry",
                            "unpack": false,
                            "value": Number {
                              "kind": "number",
                              "value": "42",
                            },
                          },
                        ],
                        "kind": "array",
                        "shortForm": true,
                      },
                    ],
                    "kind": "call",
                    "what": Cast {
                      "expr": String {
                        "isDoubleQuote": false,
                        "kind": "string",
                        "raw": "'extract'",
                        "unicode": false,
                        "value": "extract",
                      },
                      "kind": "cast",
                      "parenthesizedExpression": true,
                      "raw": "(string)",
                      "type": "string",
                    },
                  },
                  "kind": "expressionstatement",
                },
              ],
              "kind": "block",
            },
            "catches": Array [
              Catch {
                "body": Block {
                  "children": Array [
                    Echo {
                      "expressions": Array [
                        Bin {
                          "kind": "bin",
                          "left": Call {
                            "arguments": Array [],
                            "kind": "call",
                            "what": PropertyLookup {
                              "kind": "propertylookup",
                              "offset": Identifier {
                                "kind": "identifier",
                                "name": "getMessage",
                              },
                              "what": Variable {
                                "curly": false,
                                "kind": "variable",
                                "name": "e",
                              },
                            },
                          },
                          "right": String {
                            "isDoubleQuote": true,
                            "kind": "string",
                            "raw": "\\"\\\\n\\"",
                            "unicode": false,
                            "value": "
",
                          },
                          "type": ".",
                        },
                      ],
                      "kind": "echo",
                      "shortForm": false,
                    },
                  ],
                  "kind": "block",
                },
                "kind": "catch",
                "variable": Variable {
                  "curly": false,
                  "kind": "variable",
                  "name": "e",
                },
                "what": Array [
                  Name {
                    "kind": "name",
                    "name": "\\\\Error",
                    "resolution": "fqn",
                  },
                ],
              },
            ],
            "kind": "try",
          },
        ],
        "kind": "block",
      },
      "byref": false,
      "kind": "function",
      "name": Identifier {
        "kind": "identifier",
        "name": "test",
      },
      "nullable": false,
      "type": null,
    },
    ExpressionStatement {
      "expression": Call {
        "arguments": Array [],
        "kind": "call",
        "what": Name {
          "kind": "name",
          "name": "test",
          "resolution": "uqn",
        },
      },
      "kind": "expressionstatement",
    },
  ],
  "errors": Array [],
  "kind": "program",
}
`;
