// Jest Snapshot v1, https://goo.gl/fbAQLP

exports[`php-src tests globals in local scope - 3 1`] = `
Program {
  "children": Array [
    _Function {
      "arguments": Array [],
      "attrGroups": Array [],
      "body": Block {
        "children": Array [
          ExpressionStatement {
            "expression": Include {
              "kind": "include",
              "once": false,
              "require": false,
              "target": Bin {
                "kind": "bin",
                "left": Magic {
                  "kind": "magic",
                  "raw": "__DIR__",
                  "value": "__DIR__",
                },
                "right": String {
                  "isDoubleQuote": true,
                  "kind": "string",
                  "raw": "\\"/globals.inc\\"",
                  "unicode": false,
                  "value": "/globals.inc",
                },
                "type": ".",
              },
            },
            "kind": "expressionstatement",
          },
        ],
        "kind": "block",
      },
      "byref": false,
      "kind": "function",
      "name": Identifier {
        "kind": "identifier",
        "name": "test",
      },
      "nullable": false,
      "type": null,
    },
    ExpressionStatement {
      "expression": Call {
        "arguments": Array [],
        "kind": "call",
        "what": Name {
          "kind": "name",
          "name": "test",
          "resolution": "uqn",
        },
      },
      "kind": "expressionstatement",
    },
    Echo {
      "expressions": Array [
        String {
          "isDoubleQuote": true,
          "kind": "string",
          "raw": "\\"Done\\\\n\\"",
          "unicode": false,
          "value": "Done
",
        },
      ],
      "kind": "echo",
      "shortForm": false,
    },
  ],
  "errors": Array [],
  "kind": "program",
}
`;
