// Jest Snapshot v1, https://goo.gl/fbAQLP

exports[`php-src tests Typed property on by-ref array value 1`] = `
Program {
  "children": Array [
    ExpressionStatement {
      "expression": Assign {
        "kind": "assign",
        "left": Variable {
          "curly": false,
          "kind": "variable",
          "name": "a",
        },
        "operator": "=",
        "right": New {
          "arguments": Array [],
          "kind": "new",
          "what": Class {
            "attrGroups": Array [],
            "body": Array [
              PropertyStatement {
                "isStatic": false,
                "kind": "propertystatement",
                "properties": Array [
                  Property {
                    "attrGroups": Array [],
                    "kind": "property",
                    "name": Identifier {
                      "kind": "identifier",
                      "name": "foo",
                    },
                    "nullable": false,
                    "readonly": false,
                    "type": TypeReference {
                      "kind": "typereference",
                      "name": "int",
                      "raw": "int",
                    },
                    "value": Number {
                      "kind": "number",
                      "value": "1",
                    },
                  },
                ],
                "visibility": "public",
              },
            ],
            "extends": null,
            "implements": null,
            "isAbstract": false,
            "isAnonymous": true,
            "isFinal": false,
            "kind": "class",
            "name": null,
          },
        },
      },
      "kind": "expressionstatement",
    },
    ExpressionStatement {
      "expression": Assign {
        "kind": "assign",
        "left": Variable {
          "curly": false,
          "kind": "variable",
          "name": "_",
        },
        "operator": "=",
        "right": Array {
          "items": Array [
            Entry {
              "byRef": true,
              "key": null,
              "kind": "entry",
              "unpack": false,
              "value": PropertyLookup {
                "kind": "propertylookup",
                "offset": Identifier {
                  "kind": "identifier",
                  "name": "foo",
                },
                "what": Variable {
                  "curly": false,
                  "kind": "variable",
                  "name": "a",
                },
              },
            },
          ],
          "kind": "array",
          "shortForm": true,
        },
      },
      "kind": "expressionstatement",
    },
    ExpressionStatement {
      "expression": Assign {
        "kind": "assign",
        "left": OffsetLookup {
          "kind": "offsetlookup",
          "offset": Number {
            "kind": "number",
            "value": "0",
          },
          "what": Variable {
            "curly": false,
            "kind": "variable",
            "name": "_",
          },
        },
        "operator": "+=",
        "right": Number {
          "kind": "number",
          "value": "1",
        },
      },
      "kind": "expressionstatement",
    },
    ExpressionStatement {
      "expression": Call {
        "arguments": Array [
          PropertyLookup {
            "kind": "propertylookup",
            "offset": Identifier {
              "kind": "identifier",
              "name": "foo",
            },
            "what": Variable {
              "curly": false,
              "kind": "variable",
              "name": "a",
            },
          },
        ],
        "kind": "call",
        "what": Name {
          "kind": "name",
          "name": "var_dump",
          "resolution": "uqn",
        },
      },
      "kind": "expressionstatement",
    },
    ExpressionStatement {
      "expression": Assign {
        "kind": "assign",
        "left": OffsetLookup {
          "kind": "offsetlookup",
          "offset": Number {
            "kind": "number",
            "value": "0",
          },
          "what": Variable {
            "curly": false,
            "kind": "variable",
            "name": "_",
          },
        },
        "operator": ".=",
        "right": String {
          "isDoubleQuote": true,
          "kind": "string",
          "raw": "\\"1\\"",
          "unicode": false,
          "value": "1",
        },
      },
      "kind": "expressionstatement",
    },
    ExpressionStatement {
      "expression": Call {
        "arguments": Array [
          PropertyLookup {
            "kind": "propertylookup",
            "offset": Identifier {
              "kind": "identifier",
              "name": "foo",
            },
            "what": Variable {
              "curly": false,
              "kind": "variable",
              "name": "a",
            },
          },
        ],
        "kind": "call",
        "what": Name {
          "kind": "name",
          "name": "var_dump",
          "resolution": "uqn",
        },
      },
      "kind": "expressionstatement",
    },
    Try {
      "always": null,
      "body": Block {
        "children": Array [
          ExpressionStatement {
            "expression": Assign {
              "kind": "assign",
              "left": OffsetLookup {
                "kind": "offsetlookup",
                "offset": Number {
                  "kind": "number",
                  "value": "0",
                },
                "what": Variable {
                  "curly": false,
                  "kind": "variable",
                  "name": "_",
                },
              },
              "operator": ".=",
              "right": String {
                "isDoubleQuote": true,
                "kind": "string",
                "raw": "\\"e50\\"",
                "unicode": false,
                "value": "e50",
              },
            },
            "kind": "expressionstatement",
          },
        ],
        "kind": "block",
      },
      "catches": Array [
        Catch {
          "body": Block {
            "children": Array [
              Echo {
                "expressions": Array [
                  Call {
                    "arguments": Array [],
                    "kind": "call",
                    "what": PropertyLookup {
                      "kind": "propertylookup",
                      "offset": Identifier {
                        "kind": "identifier",
                        "name": "getMessage",
                      },
                      "what": Variable {
                        "curly": false,
                        "kind": "variable",
                        "name": "e",
                      },
                    },
                  },
                  String {
                    "isDoubleQuote": true,
                    "kind": "string",
                    "raw": "\\"\\\\n\\"",
                    "unicode": false,
                    "value": "
",
                  },
                ],
                "kind": "echo",
                "shortForm": false,
              },
            ],
            "kind": "block",
          },
          "kind": "catch",
          "variable": Variable {
            "curly": false,
            "kind": "variable",
            "name": "e",
          },
          "what": Array [
            Name {
              "kind": "name",
              "name": "Error",
              "resolution": "uqn",
            },
          ],
        },
      ],
      "kind": "try",
    },
    ExpressionStatement {
      "expression": Call {
        "arguments": Array [
          PropertyLookup {
            "kind": "propertylookup",
            "offset": Identifier {
              "kind": "identifier",
              "name": "foo",
            },
            "what": Variable {
              "curly": false,
              "kind": "variable",
              "name": "a",
            },
          },
        ],
        "kind": "call",
        "what": Name {
          "kind": "name",
          "name": "var_dump",
          "resolution": "uqn",
        },
      },
      "kind": "expressionstatement",
    },
    ExpressionStatement {
      "expression": Post {
        "kind": "post",
        "type": "-",
        "what": OffsetLookup {
          "kind": "offsetlookup",
          "offset": Number {
            "kind": "number",
            "value": "0",
          },
          "what": Variable {
            "curly": false,
            "kind": "variable",
            "name": "_",
          },
        },
      },
      "kind": "expressionstatement",
    },
    ExpressionStatement {
      "expression": Call {
        "arguments": Array [
          PropertyLookup {
            "kind": "propertylookup",
            "offset": Identifier {
              "kind": "identifier",
              "name": "foo",
            },
            "what": Variable {
              "curly": false,
              "kind": "variable",
              "name": "a",
            },
          },
        ],
        "kind": "call",
        "what": Name {
          "kind": "name",
          "name": "var_dump",
          "resolution": "uqn",
        },
      },
      "kind": "expressionstatement",
    },
  ],
  "errors": Array [],
  "kind": "program",
}
`;
