// Jest Snapshot v1, https://goo.gl/fbAQLP

exports[`php-src tests Fiber::getReturn() in unfinished fiber 1`] = `
Program {
  "children": Array [
    ExpressionStatement {
      "expression": Assign {
        "kind": "assign",
        "left": Variable {
          "curly": false,
          "kind": "variable",
          "name": "fiber",
        },
        "operator": "=",
        "right": New {
          "arguments": Array [
            Closure {
              "arguments": Array [],
              "attrGroups": Array [],
              "body": Call {
                "arguments": Array [
                  Number {
                    "kind": "number",
                    "value": "1",
                  },
                ],
                "kind": "call",
                "what": StaticLookup {
                  "kind": "staticlookup",
                  "offset": Identifier {
                    "kind": "identifier",
                    "name": "suspend",
                  },
                  "what": Name {
                    "kind": "name",
                    "name": "Fiber",
                    "resolution": "uqn",
                  },
                },
              },
              "byref": false,
              "isStatic": false,
              "kind": "arrowfunc",
              "nullable": false,
              "type": null,
            },
          ],
          "kind": "new",
          "what": Name {
            "kind": "name",
            "name": "Fiber",
            "resolution": "uqn",
          },
        },
      },
      "kind": "expressionstatement",
    },
    ExpressionStatement {
      "expression": Call {
        "arguments": Array [
          Call {
            "arguments": Array [],
            "kind": "call",
            "what": PropertyLookup {
              "kind": "propertylookup",
              "offset": Identifier {
                "kind": "identifier",
                "name": "start",
              },
              "what": Variable {
                "curly": false,
                "kind": "variable",
                "name": "fiber",
              },
            },
          },
        ],
        "kind": "call",
        "what": Name {
          "kind": "name",
          "name": "var_dump",
          "resolution": "uqn",
        },
      },
      "kind": "expressionstatement",
    },
    ExpressionStatement {
      "expression": Call {
        "arguments": Array [],
        "kind": "call",
        "what": PropertyLookup {
          "kind": "propertylookup",
          "offset": Identifier {
            "kind": "identifier",
            "name": "getReturn",
          },
          "what": Variable {
            "curly": false,
            "kind": "variable",
            "name": "fiber",
          },
        },
      },
      "kind": "expressionstatement",
    },
  ],
  "errors": Array [],
  "kind": "program",
}
`;
