// Jest Snapshot v1, https://goo.gl/fbAQLP

exports[`php-src tests Bug #78379.2 (Cast to object confuses GC, causes crash) 1`] = `
Program {
  "children": Array [
    Class {
      "attrGroups": Array [],
      "body": Array [],
      "extends": null,
      "implements": null,
      "isAbstract": false,
      "isAnonymous": false,
      "isFinal": false,
      "kind": "class",
      "name": Identifier {
        "kind": "identifier",
        "name": "E",
      },
    },
    _Function {
      "arguments": Array [],
      "attrGroups": Array [],
      "body": Block {
        "children": Array [
          ExpressionStatement {
            "expression": Assign {
              "kind": "assign",
              "left": Variable {
                "curly": false,
                "kind": "variable",
                "name": "e1",
              },
              "operator": "=",
              "right": New {
                "arguments": Array [],
                "kind": "new",
                "what": Name {
                  "kind": "name",
                  "name": "E",
                  "resolution": "uqn",
                },
              },
            },
            "kind": "expressionstatement",
          },
          ExpressionStatement {
            "expression": Assign {
              "kind": "assign",
              "left": Variable {
                "curly": false,
                "kind": "variable",
                "name": "e2",
              },
              "operator": "=",
              "right": New {
                "arguments": Array [],
                "kind": "new",
                "what": Name {
                  "kind": "name",
                  "name": "E",
                  "resolution": "uqn",
                },
              },
            },
            "kind": "expressionstatement",
          },
          ExpressionStatement {
            "expression": Assign {
              "kind": "assign",
              "left": Variable {
                "curly": false,
                "kind": "variable",
                "name": "a",
              },
              "operator": "=",
              "right": Array {
                "items": Array [
                  Entry {
                    "byRef": false,
                    "key": String {
                      "isDoubleQuote": false,
                      "kind": "string",
                      "raw": "'e2'",
                      "unicode": false,
                      "value": "e2",
                    },
                    "kind": "entry",
                    "unpack": false,
                    "value": Variable {
                      "curly": false,
                      "kind": "variable",
                      "name": "e2",
                    },
                  },
                ],
                "kind": "array",
                "shortForm": true,
              },
            },
            "kind": "expressionstatement",
          },
          ExpressionStatement {
            "expression": Assign {
              "kind": "assign",
              "left": PropertyLookup {
                "kind": "propertylookup",
                "offset": Identifier {
                  "kind": "identifier",
                  "name": "a",
                },
                "what": Variable {
                  "curly": false,
                  "kind": "variable",
                  "name": "e1",
                },
              },
              "operator": "=",
              "right": Cast {
                "expr": Variable {
                  "curly": false,
                  "kind": "variable",
                  "name": "a",
                },
                "kind": "cast",
                "raw": "(object)",
                "type": "object",
              },
            },
            "kind": "expressionstatement",
          },
          ExpressionStatement {
            "expression": Assign {
              "kind": "assign",
              "left": PropertyLookup {
                "kind": "propertylookup",
                "offset": Identifier {
                  "kind": "identifier",
                  "name": "e1",
                },
                "what": Variable {
                  "curly": false,
                  "kind": "variable",
                  "name": "e2",
                },
              },
              "operator": "=",
              "right": Variable {
                "curly": false,
                "kind": "variable",
                "name": "e1",
              },
            },
            "kind": "expressionstatement",
          },
          ExpressionStatement {
            "expression": Assign {
              "kind": "assign",
              "left": PropertyLookup {
                "kind": "propertylookup",
                "offset": Identifier {
                  "kind": "identifier",
                  "name": "a",
                },
                "what": Variable {
                  "curly": false,
                  "kind": "variable",
                  "name": "e2",
                },
              },
              "operator": "=",
              "right": Cast {
                "expr": Variable {
                  "curly": false,
                  "kind": "variable",
                  "name": "a",
                },
                "kind": "cast",
                "raw": "(object)",
                "type": "object",
              },
            },
            "kind": "expressionstatement",
          },
        ],
        "kind": "block",
      },
      "byref": false,
      "kind": "function",
      "name": Identifier {
        "kind": "identifier",
        "name": "f",
      },
      "nullable": false,
      "type": null,
    },
    ExpressionStatement {
      "expression": Call {
        "arguments": Array [],
        "kind": "call",
        "what": Name {
          "kind": "name",
          "name": "f",
          "resolution": "uqn",
        },
      },
      "kind": "expressionstatement",
    },
    ExpressionStatement {
      "expression": Call {
        "arguments": Array [],
        "kind": "call",
        "what": Name {
          "kind": "name",
          "name": "gc_collect_cycles",
          "resolution": "uqn",
        },
      },
      "kind": "expressionstatement",
    },
    Echo {
      "expressions": Array [
        String {
          "isDoubleQuote": true,
          "kind": "string",
          "raw": "\\"End\\\\n\\"",
          "unicode": false,
          "value": "End
",
        },
      ],
      "kind": "echo",
      "shortForm": false,
    },
  ],
  "errors": Array [],
  "kind": "program",
}
`;
